
Lmod is automatically replacing "cudatoolkit/12.4" with "cuda/11.7".

Problem name: Knapsack

Maximize
  5*x_0 + 19*x_1 + 3*x_2

Subject to
  Linear constraints (1)
    5*x_0 + 2*x_1 + 8*x_2 <= 7  'c0'

  Binary variables (3)
    x_0 x_1 x_2

num qubits: 6, offset: 1232.5

STARTING ROUND 0


started GA at id 1 with 4 procs

GA parameters used for this experiment:
  num_generations=5
  num_parents_mating=20
  population_size=100
  num_genes=54
  parent_selection_type=tournament
  keep_parents=-1
  crossover_type=single_point
  mutation_type=adaptive
  crossover_probability=0.9
  mutation_probability=(0.25, 0.01)
  keep_elitism=5
started GA at id 2 with 4 procs

GA parameters used for this experiment:
  num_generations=5
  num_parents_mating=20
  population_size=100
  num_genes=54
  parent_selection_type=tournament
  keep_parents=-1
  crossover_type=single_point
  mutation_type=adaptive
  crossover_probability=0.9
  mutation_probability=(0.25, 0.01)
  keep_elitism=5
started GA at id None with 4 procs

GA parameters used for this experiment:
  num_generations=5
  num_parents_mating=20
  population_size=100
  num_genes=54
  parent_selection_type=tournament
  keep_parents=-1
  crossover_type=single_point
  mutation_type=adaptive
  crossover_probability=0.9
  mutation_probability=(0.25, 0.01)
  keep_elitism=5
started GA at id 3 with 4 procs

GA parameters used for this experiment:
  num_generations=5
  num_parents_mating=20
  population_size=100
  num_genes=54
  parent_selection_type=tournament
  keep_parents=-1
  crossover_type=single_point
  mutation_type=adaptive
  crossover_probability=0.9
  mutation_probability=(0.25, 0.01)
  keep_elitism=5
[0, array([-1901. ,  -950.5,  -950.5,     0. ]), array([0, 3, 0, 2, 0, 0, 3, 3, 2, 3, 3, 3, 1, 0, 2, 1, 2, 3, 0, 1, 0, 1,
       3, 1, 3, 2, 3, 1, 3, 2, 3, 2, 1, 0, 2, 2, 3, 0, 2, 1, 1, 1, 0, 2,
       1, 0, 0, 3, 3, 0, 0, 1, 3, 1], dtype=object)]
[0, array([-1901. ,  -950.5,  -950.5,     0. ]), array([0, 3, 0, 2, 0, 0, 3, 3, 2, 3, 3, 3, 1, 0, 2, 1, 2, 3, 0, 1, 0, 1,
       3, 1, 3, 2, 3, 1, 3, 2, 3, 2, 1, 0, 2, 2, 3, 0, 2, 1, 1, 1, 0, 2,
       1, 0, 0, 3, 3, 0, 0, 1, 3, 1], dtype=object)]
[0, array([-1901. ,  -950.5,  -950.5,     0. ]), array([0, 3, 0, 2, 0, 0, 3, 3, 2, 3, 3, 3, 1, 0, 2, 1, 2, 3, 0, 1, 0, 1,
       3, 1, 3, 2, 3, 1, 3, 2, 3, 2, 1, 0, 2, 2, 3, 0, 2, 1, 1, 1, 0, 2,
       1, 0, 0, 3, 3, 0, 0, 1, 3, 1], dtype=object)]
[0, array([-1901. ,  -950.5,  -950.5,     0. ]), array([0, 3, 0, 2, 0, 0, 3, 3, 2, 3, 3, 3, 1, 0, 2, 1, 2, 3, 0, 1, 0, 1,
       3, 1, 3, 2, 3, 1, 3, 2, 3, 2, 1, 0, 2, 2, 3, 0, 2, 1, 1, 1, 0, 2,
       1, 0, 0, 3, 3, 0, 0, 1, 3, 1], dtype=object)]
[1, array([-1120.,  -560.,  -560.,     0.]), array([0, 3, 0, 2, 0, 0, 3, 3, 2, 3, 3, 3, 1, 0, 2, 1, 2, 1, 0, 2, 2, 0,
       0, 3, 1, 0, 3, 3, 0, 1, 0, 1, 1, 1, 2, 2, 0, 2, 2, 0, 2, 0, 2, 1,
       3, 0, 3, 1, 3, 3, 2, 0, 2, 0], dtype=object)]
[1, array([-1120.,  -560.,  -560.,     0.]), array([0, 3, 0, 2, 0, 0, 3, 3, 2, 3, 3, 3, 1, 0, 2, 1, 2, 1, 0, 2, 2, 0,
       0, 3, 1, 0, 3, 3, 0, 1, 0, 1, 1, 1, 2, 2, 0, 2, 2, 0, 2, 0, 2, 1,
       3, 0, 3, 1, 3, 3, 2, 0, 2, 0], dtype=object)]
[1, array([-1120.,  -560.,  -560.,     0.]), array([0, 3, 0, 2, 0, 0, 3, 3, 2, 3, 3, 3, 1, 0, 2, 1, 2, 1, 0, 2, 2, 0,
       0, 3, 1, 0, 3, 3, 0, 1, 0, 1, 1, 1, 2, 2, 0, 2, 2, 0, 2, 0, 2, 1,
       3, 0, 3, 1, 3, 3, 2, 0, 2, 0], dtype=object)]
[1, array([-1120.,  -560.,  -560.,     0.]), array([0, 3, 0, 2, 0, 0, 3, 3, 2, 3, 3, 3, 1, 0, 2, 1, 2, 1, 0, 2, 2, 0,
       0, 3, 1, 0, 3, 3, 0, 1, 0, 1, 1, 1, 2, 2, 0, 2, 2, 0, 2, 0, 2, 1,
       3, 0, 3, 1, 3, 3, 2, 0, 2, 0], dtype=object)]
[2, array([-1176.,  -588.,  -588.,     0.]), array([1, 3, 1, 2, 0, 0, 3, 2, 2, 0, 3, 0, 3, 1, 0, 1, 2, 2, 1, 1, 0, 1,
       0, 1, 3, 2, 0, 0, 3, 2, 3, 0, 1, 0, 1, 0, 1, 0, 0, 0, 2, 3, 2, 0,
       3, 1, 3, 2, 2, 1, 3, 3, 3, 1], dtype=object)]
[2, array([-1176.,  -588.,  -588.,     0.]), array([1, 3, 1, 2, 0, 0, 3, 2, 2, 0, 3, 0, 3, 1, 0, 1, 2, 2, 1, 1, 0, 1,
       0, 1, 3, 2, 0, 0, 3, 2, 3, 0, 1, 0, 1, 0, 1, 0, 0, 0, 2, 3, 2, 0,
       3, 1, 3, 2, 2, 1, 3, 3, 3, 1], dtype=object)]
[2, array([-1176.,  -588.,  -588.,     0.]), array([1, 3, 1, 2, 0, 0, 3, 2, 2, 0, 3, 0, 3, 1, 0, 1, 2, 2, 1, 1, 0, 1,
       0, 1, 3, 2, 0, 0, 3, 2, 3, 0, 1, 0, 1, 0, 1, 0, 0, 0, 2, 3, 2, 0,
       3, 1, 3, 2, 2, 1, 3, 3, 3, 1], dtype=object)]
[2, array([-1176.,  -588.,  -588.,     0.]), array([1, 3, 1, 2, 0, 0, 3, 2, 2, 0, 3, 0, 3, 1, 0, 1, 2, 2, 1, 1, 0, 1,
       0, 1, 3, 2, 0, 0, 3, 2, 3, 0, 1, 0, 1, 0, 1, 0, 0, 0, 2, 3, 2, 0,
       3, 1, 3, 2, 2, 1, 3, 3, 3, 1], dtype=object)]
[3, array([-1120.,  -560.,  -560.,     0.]), array([2, 2, 2, 3, 1, 3, 2, 2, 2, 2, 1, 0, 3, 1, 3, 3, 2, 3, 0, 0, 1, 0,
       2, 2, 2, 2, 0, 3, 2, 1, 2, 3, 0, 2, 2, 2, 2, 0, 2, 0, 3, 1, 2, 2,
       2, 3, 0, 3, 1, 1, 2, 1, 0, 0], dtype=object)]
[3, array([-1120.,  -560.,  -560.,     0.]), array([2, 2, 2, 3, 1, 3, 2, 2, 2, 2, 1, 0, 3, 1, 3, 3, 2, 3, 0, 0, 1, 0,
       2, 2, 2, 2, 0, 3, 2, 1, 2, 3, 0, 2, 2, 2, 2, 0, 2, 0, 3, 1, 2, 2,
       2, 3, 0, 3, 1, 1, 2, 1, 0, 0], dtype=object)]
[3, array([-1120.,  -560.,  -560.,     0.]), array([2, 2, 2, 3, 1, 3, 2, 2, 2, 2, 1, 0, 3, 1, 3, 3, 2, 3, 0, 0, 1, 0,
       2, 2, 2, 2, 0, 3, 2, 1, 2, 3, 0, 2, 2, 2, 2, 0, 2, 0, 3, 1, 2, 2,
       2, 3, 0, 3, 1, 1, 2, 1, 0, 0], dtype=object)]
[3, array([-1120.,  -560.,  -560.,     0.]), array([2, 2, 2, 3, 1, 3, 2, 2, 2, 2, 1, 0, 3, 1, 3, 3, 2, 3, 0, 0, 1, 0,
       2, 2, 2, 2, 0, 3, 2, 1, 2, 3, 0, 2, 2, 2, 2, 0, 2, 0, 3, 1, 2, 2,
       2, 3, 0, 3, 1, 1, 2, 1, 0, 0], dtype=object)]
[4, array([-1120.,  -560.,  -560.,     0.]), array([2, 2, 2, 3, 1, 3, 2, 2, 2, 2, 1, 0, 3, 1, 3, 3, 2, 3, 0, 0, 1, 0,
       2, 2, 2, 2, 0, 3, 2, 1, 2, 3, 0, 2, 2, 2, 2, 0, 2, 0, 3, 1, 2, 2,
       2, 3, 0, 3, 1, 1, 2, 1, 0, 0], dtype=object)]
[4, array([-1120.,  -560.,  -560.,     0.]), array([2, 2, 2, 3, 1, 3, 2, 2, 2, 2, 1, 0, 3, 1, 3, 3, 2, 3, 0, 0, 1, 0,
       2, 2, 2, 2, 0, 3, 2, 1, 2, 3, 0, 2, 2, 2, 2, 0, 2, 0, 3, 1, 2, 2,
       2, 3, 0, 3, 1, 1, 2, 1, 0, 0], dtype=object)]
[4, array([-1120.,  -560.,  -560.,     0.]), array([2, 2, 2, 3, 1, 3, 2, 2, 2, 2, 1, 0, 3, 1, 3, 3, 2, 3, 0, 0, 1, 0,
       2, 2, 2, 2, 0, 3, 2, 1, 2, 3, 0, 2, 2, 2, 2, 0, 2, 0, 3, 1, 2, 2,
       2, 3, 0, 3, 1, 1, 2, 1, 0, 0], dtype=object)]
[4, array([-1120.,  -560.,  -560.,     0.]), array([2, 2, 2, 3, 1, 3, 2, 2, 2, 2, 1, 0, 3, 1, 3, 3, 2, 3, 0, 0, 1, 0,
       2, 2, 2, 2, 0, 3, 2, 1, 2, 3, 0, 2, 2, 2, 2, 0, 2, 0, 3, 1, 2, 2,
       2, 3, 0, 3, 1, 1, 2, 1, 0, 0], dtype=object)]
[5, array([-1789. ,  -894.5,  -894.5,     0. ]), array([0, 3, 2, 2, 0, 0, 3, 3, 2, 3, 3, 3, 1, 0, 2, 0, 1, 0, 2, 2, 3, 1,
       0, 3, 0, 0, 3, 1, 2, 2, 3, 1, 1, 0, 1, 1, 2, 2, 0, 3, 1, 0, 3, 3,
       2, 2, 3, 2, 1, 0, 3, 0, 2, 0], dtype=object)]
[5, array([-1789. ,  -894.5,  -894.5,     0. ]), array([0, 3, 2, 2, 0, 0, 3, 3, 2, 3, 3, 3, 1, 0, 2, 0, 1, 0, 2, 2, 3, 1,
       0, 3, 0, 0, 3, 1, 2, 2, 3, 1, 1, 0, 1, 1, 2, 2, 0, 3, 1, 0, 3, 3,
       2, 2, 3, 2, 1, 0, 3, 0, 2, 0], dtype=object)]
[5, array([-1789. ,  -894.5,  -894.5,     0. ]), array([0, 3, 2, 2, 0, 0, 3, 3, 2, 3, 3, 3, 1, 0, 2, 0, 1, 0, 2, 2, 3, 1,
       0, 3, 0, 0, 3, 1, 2, 2, 3, 1, 1, 0, 1, 1, 2, 2, 0, 3, 1, 0, 3, 3,
       2, 2, 3, 2, 1, 0, 3, 0, 2, 0], dtype=object)]
[5, array([-1789. ,  -894.5,  -894.5,     0. ]), array([0, 3, 2, 2, 0, 0, 3, 3, 2, 3, 3, 3, 1, 0, 2, 0, 1, 0, 2, 2, 3, 1,
       0, 3, 0, 0, 3, 1, 2, 2, 3, 1, 1, 0, 1, 1, 2, 2, 0, 3, 1, 0, 3, 3,
       2, 2, 3, 2, 1, 0, 3, 0, 2, 0], dtype=object)]
[6, array([-1789. ,  -894.5,  -894.5,     0. ]), array([0, 3, 2, 2, 0, 0, 3, 3, 2, 3, 3, 3, 1, 0, 2, 0, 1, 0, 2, 2, 3, 1,
       0, 3, 0, 0, 3, 1, 2, 2, 3, 1, 1, 0, 1, 1, 2, 2, 0, 3, 1, 0, 3, 3,
       2, 2, 3, 2, 1, 0, 3, 0, 2, 0], dtype=object)]
[6, array([-1789. ,  -894.5,  -894.5,     0. ]), array([0, 3, 2, 2, 0, 0, 3, 3, 2, 3, 3, 3, 1, 0, 2, 0, 1, 0, 2, 2, 3, 1,
       0, 3, 0, 0, 3, 1, 2, 2, 3, 1, 1, 0, 1, 1, 2, 2, 0, 3, 1, 0, 3, 3,
       2, 2, 3, 2, 1, 0, 3, 0, 2, 0], dtype=object)]
[6, array([-1789. ,  -894.5,  -894.5,     0. ]), array([0, 3, 2, 2, 0, 0, 3, 3, 2, 3, 3, 3, 1, 0, 2, 0, 1, 0, 2, 2, 3, 1,
       0, 3, 0, 0, 3, 1, 2, 2, 3, 1, 1, 0, 1, 1, 2, 2, 0, 3, 1, 0, 3, 3,
       2, 2, 3, 2, 1, 0, 3, 0, 2, 0], dtype=object)]
[6, array([-1789. ,  -894.5,  -894.5,     0. ]), array([0, 3, 2, 2, 0, 0, 3, 3, 2, 3, 3, 3, 1, 0, 2, 0, 1, 0, 2, 2, 3, 1,
       0, 3, 0, 0, 3, 1, 2, 2, 3, 1, 1, 0, 1, 1, 2, 2, 0, 3, 1, 0, 3, 3,
       2, 2, 3, 2, 1, 0, 3, 0, 2, 0], dtype=object)]
[7, array([-1845. ,  -922.5,  -922.5,     0. ]), array([1, 3, 3, 1, 0, 0, 0, 0, 3, 0, 2, 2, 2, 2, 3, 0, 2, 2, 3, 3, 2, 0,
       3, 2, 3, 0, 3, 0, 2, 2, 0, 1, 1, 0, 0, 1, 0, 2, 1, 1, 1, 1, 0, 1,
       3, 0, 1, 2, 3, 1, 2, 0, 2, 0], dtype=object)]
[7, array([-1845. ,  -922.5,  -922.5,     0. ]), array([1, 3, 3, 1, 0, 0, 0, 0, 3, 0, 2, 2, 2, 2, 3, 0, 2, 2, 3, 3, 2, 0,
       3, 2, 3, 0, 3, 0, 2, 2, 0, 1, 1, 0, 0, 1, 0, 2, 1, 1, 1, 1, 0, 1,
       3, 0, 1, 2, 3, 1, 2, 0, 2, 0], dtype=object)]
[7, array([-1845. ,  -922.5,  -922.5,     0. ]), array([1, 3, 3, 1, 0, 0, 0, 0, 3, 0, 2, 2, 2, 2, 3, 0, 2, 2, 3, 3, 2, 0,
       3, 2, 3, 0, 3, 0, 2, 2, 0, 1, 1, 0, 0, 1, 0, 2, 1, 1, 1, 1, 0, 1,
       3, 0, 1, 2, 3, 1, 2, 0, 2, 0], dtype=object)]
[7, array([-1845. ,  -922.5,  -922.5,     0. ]), array([1, 3, 3, 1, 0, 0, 0, 0, 3, 0, 2, 2, 2, 2, 3, 0, 2, 2, 3, 3, 2, 0,
       3, 2, 3, 0, 3, 0, 2, 2, 0, 1, 1, 0, 0, 1, 0, 2, 1, 1, 1, 1, 0, 1,
       3, 0, 1, 2, 3, 1, 2, 0, 2, 0], dtype=object)]
[8, array([-1845. ,  -922.5,  -922.5,     0. ]), array([0, 3, 3, 1, 0, 0, 0, 0, 3, 0, 2, 2, 2, 2, 3, 0, 2, 2, 3, 3, 2, 0,
       3, 2, 3, 0, 3, 0, 2, 2, 0, 1, 1, 0, 0, 1, 0, 2, 1, 1, 2, 1, 0, 1,
       3, 0, 1, 2, 3, 1, 2, 0, 2, 0], dtype=object)]
[8, array([-1845. ,  -922.5,  -922.5,     0. ]), array([0, 3, 3, 1, 0, 0, 0, 0, 3, 0, 2, 2, 2, 2, 3, 0, 2, 2, 3, 3, 2, 0,
       3, 2, 3, 0, 3, 0, 2, 2, 0, 1, 1, 0, 0, 1, 0, 2, 1, 1, 2, 1, 0, 1,
       3, 0, 1, 2, 3, 1, 2, 0, 2, 0], dtype=object)]
[8, array([-1845. ,  -922.5,  -922.5,     0. ]), array([0, 3, 3, 1, 0, 0, 0, 0, 3, 0, 2, 2, 2, 2, 3, 0, 2, 2, 3, 3, 2, 0,
       3, 2, 3, 0, 3, 0, 2, 2, 0, 1, 1, 0, 0, 1, 0, 2, 1, 1, 2, 1, 0, 1,
       3, 0, 1, 2, 3, 1, 2, 0, 2, 0], dtype=object)]
[8, array([-1845. ,  -922.5,  -922.5,     0. ]), array([0, 3, 3, 1, 0, 0, 0, 0, 3, 0, 2, 2, 2, 2, 3, 0, 2, 2, 3, 3, 2, 0,
       3, 2, 3, 0, 3, 0, 2, 2, 0, 1, 1, 0, 0, 1, 0, 2, 1, 1, 2, 1, 0, 1,
       3, 0, 1, 2, 3, 1, 2, 0, 2, 0], dtype=object)]
[9, array([-1789. ,  -894.5,  -894.5,     0. ]), array([0, 2, 0, 0, 0, 1, 1, 0, 3, 1, 0, 0, 3, 0, 1, 0, 1, 0, 2, 2, 3, 1,
       0, 3, 0, 0, 3, 1, 2, 2, 3, 1, 1, 0, 1, 1, 2, 2, 0, 3, 1, 0, 3, 3,
       2, 2, 3, 2, 1, 0, 3, 0, 2, 0], dtype=object)]
[9, array([-1789. ,  -894.5,  -894.5,     0. ]), array([0, 2, 0, 0, 0, 1, 1, 0, 3, 1, 0, 0, 3, 0, 1, 0, 1, 0, 2, 2, 3, 1,
       0, 3, 0, 0, 3, 1, 2, 2, 3, 1, 1, 0, 1, 1, 2, 2, 0, 3, 1, 0, 3, 3,
       2, 2, 3, 2, 1, 0, 3, 0, 2, 0], dtype=object)]
[9, array([-1789. ,  -894.5,  -894.5,     0. ]), array([0, 2, 0, 0, 0, 1, 1, 0, 3, 1, 0, 0, 3, 0, 1, 0, 1, 0, 2, 2, 3, 1,
       0, 3, 0, 0, 3, 1, 2, 2, 3, 1, 1, 0, 1, 1, 2, 2, 0, 3, 1, 0, 3, 3,
       2, 2, 3, 2, 1, 0, 3, 0, 2, 0], dtype=object)]
[9, array([-1789. ,  -894.5,  -894.5,     0. ]), array([0, 2, 0, 0, 0, 1, 1, 0, 3, 1, 0, 0, 3, 0, 1, 0, 1, 0, 2, 2, 3, 1,
       0, 3, 0, 0, 3, 1, 2, 2, 3, 1, 1, 0, 1, 1, 2, 2, 0, 3, 1, 0, 3, 3,
       2, 2, 3, 2, 1, 0, 3, 0, 2, 0], dtype=object)]
[10, array([-1789. ,  -894.5,  -894.5,     0. ]), array([0, 1, 0, 0, 0, 0, 1, 0, 3, 1, 1, 0, 3, 0, 2, 0, 1, 0, 2, 2, 3, 1,
       0, 3, 0, 0, 3, 1, 2, 2, 3, 1, 1, 0, 1, 1, 2, 2, 0, 3, 1, 0, 3, 3,
       2, 2, 3, 2, 1, 0, 3, 0, 2, 0], dtype=object)]
[10, array([-1789. ,  -894.5,  -894.5,     0. ]), array([0, 1, 0, 0, 0, 0, 1, 0, 3, 1, 1, 0, 3, 0, 2, 0, 1, 0, 2, 2, 3, 1,
       0, 3, 0, 0, 3, 1, 2, 2, 3, 1, 1, 0, 1, 1, 2, 2, 0, 3, 1, 0, 3, 3,
       2, 2, 3, 2, 1, 0, 3, 0, 2, 0], dtype=object)]
[10, array([-1789. ,  -894.5,  -894.5,     0. ]), array([0, 1, 0, 0, 0, 0, 1, 0, 3, 1, 1, 0, 3, 0, 2, 0, 1, 0, 2, 2, 3, 1,
       0, 3, 0, 0, 3, 1, 2, 2, 3, 1, 1, 0, 1, 1, 2, 2, 0, 3, 1, 0, 3, 3,
       2, 2, 3, 2, 1, 0, 3, 0, 2, 0], dtype=object)]
[10, array([-1789. ,  -894.5,  -894.5,     0. ]), array([0, 1, 0, 0, 0, 0, 1, 0, 3, 1, 1, 0, 3, 0, 2, 0, 1, 0, 2, 2, 3, 1,
       0, 3, 0, 0, 3, 1, 2, 2, 3, 1, 1, 0, 1, 1, 2, 2, 0, 3, 1, 0, 3, 3,
       2, 2, 3, 2, 1, 0, 3, 0, 2, 0], dtype=object)]
Minimum Energy found with CAFQA initialization: -950.5
6 Qubits and 2 reps
Minimum Energy found with CAFQA initialization: -950.5
Starting task: Vanilla_task for val : [np.float64(-950.5)]
Finished task: Vanilla_task
Starting task: task_0 for val : -950.5
Finished task: task_0
Total Time : 15.826957465003943
