
Lmod is automatically replacing "cudatoolkit/12.4" with "cuda/11.7".

Problem name: Knapsack

Maximize
  5*x_0 + 19*x_1 + 3*x_2 + 9*x_3 + 4*x_4 + 16*x_5 + 15*x_6 + 16*x_7

Subject to
  Linear constraints (1)
    11*x_0 + 7*x_1 + 13*x_2 + 4*x_3 + 2*x_4 + 8*x_5 + x_6 + 15*x_7 <= 30  'c0'

  Binary variables (8)
    x_0 x_1 x_2 x_3 x_4 x_5 x_6 x_7

num qubits: 13, offset: 42196.5

STARTING ROUND 0


started GA at id 1 with 4 procs

GA parameters used for this experiment:
  num_generations=500
  num_parents_mating=20
  population_size=100
  num_genes=208
  parent_selection_type=tournament
  keep_parents=-1
  crossover_type=single_point
  mutation_type=adaptive
  crossover_probability=0.9
  mutation_probability=(0.25, 0.01)
  keep_elitism=5
started GA at id 2 with 4 procs

GA parameters used for this experiment:
  num_generations=500
  num_parents_mating=20
  population_size=100
  num_genes=208
  parent_selection_type=tournament
  keep_parents=-1
  crossover_type=single_point
  mutation_type=adaptive
  crossover_probability=0.9
  mutation_probability=(0.25, 0.01)
  keep_elitism=5
started GA at id 3 with 4 procs

GA parameters used for this experiment:
  num_generations=500
  num_parents_mating=20
  population_size=100
  num_genes=208
  parent_selection_type=tournament
  keep_parents=-1
  crossover_type=single_point
  mutation_type=adaptive
  crossover_probability=0.9
  mutation_probability=(0.25, 0.01)
  keep_elitism=5
started GA at id None with 4 procs

GA parameters used for this experiment:
  num_generations=500
  num_parents_mating=20
  population_size=100
  num_genes=208
  parent_selection_type=tournament
  keep_parents=-1
  crossover_type=single_point
  mutation_type=adaptive
  crossover_probability=0.9
  mutation_probability=(0.25, 0.01)
  keep_elitism=5
[0, array([0., 0., 0., 0.]), array([3, 3, 0, 2, 3, 3, 2, 3, 2, 1, 1, 2, 1, 0, 2, 1, 2, 0, 0, 2, 3, 0,
       2, 3, 2, 1, 3, 3, 2, 0, 0, 0, 3, 0, 3, 2, 1, 2, 0, 1, 1, 1, 1, 3,
       0, 0, 2, 3, 0, 2, 2, 0, 2, 1, 2, 3, 0, 3, 2, 1, 2, 1, 1, 1, 0, 2,
       3, 0, 0, 1, 1, 0, 0, 3, 2, 1, 1, 3, 2, 3, 3, 2, 0, 2, 0, 3, 2, 1,
       1, 0, 2, 0, 1, 2, 1, 2, 3, 0, 0, 1, 1, 0, 0, 0, 0, 1, 0, 3, 0, 2,
       0, 0, 0, 1, 1, 0, 3, 1, 0, 0, 3, 0, 2, 0, 1, 0, 2, 2, 3, 1, 0, 3,
       0, 0, 3, 1, 2, 2, 3, 1, 1, 0, 1, 1, 2, 2, 0, 3, 1, 0, 3, 3, 2, 2,
       3, 2, 1, 0, 3, 0, 2, 0, 2, 1, 1, 3, 2, 2, 2, 1, 2, 3, 3, 0, 0, 1,
       2, 1, 1, 1, 3, 3, 3, 0, 3, 3, 0, 1, 3, 0, 2, 1, 3, 3, 0, 0, 3, 2,
       2, 3, 0, 3, 1, 0, 1, 0, 3, 3], dtype=object)]
[0, array([0., 0., 0., 0.]), array([3, 3, 0, 2, 3, 3, 2, 3, 2, 1, 1, 2, 1, 0, 2, 1, 2, 0, 0, 2, 3, 0,
       2, 3, 2, 1, 3, 3, 2, 0, 0, 0, 3, 0, 3, 2, 1, 2, 0, 1, 1, 1, 1, 3,
       0, 0, 2, 3, 0, 2, 2, 0, 2, 1, 2, 3, 0, 3, 2, 1, 2, 1, 1, 1, 0, 2,
       3, 0, 0, 1, 1, 0, 0, 3, 2, 1, 1, 3, 2, 3, 3, 2, 0, 2, 0, 3, 2, 1,
       1, 0, 2, 0, 1, 2, 1, 2, 3, 0, 0, 1, 1, 0, 0, 0, 0, 1, 0, 3, 0, 2,
       0, 0, 0, 1, 1, 0, 3, 1, 0, 0, 3, 0, 2, 0, 1, 0, 2, 2, 3, 1, 0, 3,
       0, 0, 3, 1, 2, 2, 3, 1, 1, 0, 1, 1, 2, 2, 0, 3, 1, 0, 3, 3, 2, 2,
       3, 2, 1, 0, 3, 0, 2, 0, 2, 1, 1, 3, 2, 2, 2, 1, 2, 3, 3, 0, 0, 1,
       2, 1, 1, 1, 3, 3, 3, 0, 3, 3, 0, 1, 3, 0, 2, 1, 3, 3, 0, 0, 3, 2,
       2, 3, 0, 3, 1, 0, 1, 0, 3, 3], dtype=object)]
[0, array([0., 0., 0., 0.]), array([3, 3, 0, 2, 3, 3, 2, 3, 2, 1, 1, 2, 1, 0, 2, 1, 2, 0, 0, 2, 3, 0,
       2, 3, 2, 1, 3, 3, 2, 0, 0, 0, 3, 0, 3, 2, 1, 2, 0, 1, 1, 1, 1, 3,
       0, 0, 2, 3, 0, 2, 2, 0, 2, 1, 2, 3, 0, 3, 2, 1, 2, 1, 1, 1, 0, 2,
       3, 0, 0, 1, 1, 0, 0, 3, 2, 1, 1, 3, 2, 3, 3, 2, 0, 2, 0, 3, 2, 1,
       1, 0, 2, 0, 1, 2, 1, 2, 3, 0, 0, 1, 1, 0, 0, 0, 0, 1, 0, 3, 0, 2,
       0, 0, 0, 1, 1, 0, 3, 1, 0, 0, 3, 0, 2, 0, 1, 0, 2, 2, 3, 1, 0, 3,
       0, 0, 3, 1, 2, 2, 3, 1, 1, 0, 1, 1, 2, 2, 0, 3, 1, 0, 3, 3, 2, 2,
       3, 2, 1, 0, 3, 0, 2, 0, 2, 1, 1, 3, 2, 2, 2, 1, 2, 3, 3, 0, 0, 1,
       2, 1, 1, 1, 3, 3, 3, 0, 3, 3, 0, 1, 3, 0, 2, 1, 3, 3, 0, 0, 3, 2,
       2, 3, 0, 3, 1, 0, 1, 0, 3, 3], dtype=object)]
[0, array([0., 0., 0., 0.]), array([3, 3, 0, 2, 3, 3, 2, 3, 2, 1, 1, 2, 1, 0, 2, 1, 2, 0, 0, 2, 3, 0,
       2, 3, 2, 1, 3, 3, 2, 0, 0, 0, 3, 0, 3, 2, 1, 2, 0, 1, 1, 1, 1, 3,
       0, 0, 2, 3, 0, 2, 2, 0, 2, 1, 2, 3, 0, 3, 2, 1, 2, 1, 1, 1, 0, 2,
       3, 0, 0, 1, 1, 0, 0, 3, 2, 1, 1, 3, 2, 3, 3, 2, 0, 2, 0, 3, 2, 1,
       1, 0, 2, 0, 1, 2, 1, 2, 3, 0, 0, 1, 1, 0, 0, 0, 0, 1, 0, 3, 0, 2,
       0, 0, 0, 1, 1, 0, 3, 1, 0, 0, 3, 0, 2, 0, 1, 0, 2, 2, 3, 1, 0, 3,
       0, 0, 3, 1, 2, 2, 3, 1, 1, 0, 1, 1, 2, 2, 0, 3, 1, 0, 3, 3, 2, 2,
       3, 2, 1, 0, 3, 0, 2, 0, 2, 1, 1, 3, 2, 2, 2, 1, 2, 3, 3, 0, 0, 1,
       2, 1, 1, 1, 3, 3, 3, 0, 3, 3, 0, 1, 3, 0, 2, 1, 3, 3, 0, 0, 3, 2,
       2, 3, 0, 3, 1, 0, 1, 0, 3, 3], dtype=object)]
[1, array([-30003. , -15001.5, -15001.5,      0. ]), array([2, 2, 2, 2, 0, 2, 2, 1, 1, 1, 0, 3, 3, 1, 1, 3, 2, 0, 0, 0, 1, 0,
       3, 0, 2, 0, 2, 2, 2, 3, 0, 2, 2, 2, 2, 0, 1, 1, 2, 2, 1, 3, 2, 0,
       3, 3, 1, 2, 1, 3, 3, 1, 1, 2, 3, 2, 0, 1, 1, 2, 1, 0, 1, 0, 0, 0,
       2, 3, 0, 1, 1, 3, 0, 2, 0, 2, 1, 0, 0, 1, 0, 1, 3, 1, 1, 0, 1, 0,
       0, 2, 2, 1, 1, 0, 1, 2, 0, 0, 3, 0, 1, 1, 0, 1, 1, 1, 2, 2, 1, 0,
       2, 3, 2, 2, 3, 3, 3, 3, 0, 0, 1, 0, 1, 0, 0, 0, 3, 2, 0, 2, 3, 3,
       3, 1, 0, 3, 3, 1, 2, 3, 3, 2, 0, 3, 1, 0, 2, 1, 3, 3, 2, 2, 0, 2,
       2, 1, 3, 2, 2, 3, 3, 1, 3, 1, 3, 2, 0, 3, 2, 1, 0, 2, 1, 2, 1, 2,
       1, 3, 3, 2, 0, 2, 2, 0, 0, 0, 3, 2, 0, 3, 0, 0, 0, 0, 0, 2, 2, 0,
       2, 0, 2, 1, 3, 1, 2, 0, 2, 0], dtype=object)]
[1, array([-30003. , -15001.5, -15001.5,      0. ]), array([2, 2, 2, 2, 0, 2, 2, 1, 1, 1, 0, 3, 3, 1, 1, 3, 2, 0, 0, 0, 1, 0,
       3, 0, 2, 0, 2, 2, 2, 3, 0, 2, 2, 2, 2, 0, 1, 1, 2, 2, 1, 3, 2, 0,
       3, 3, 1, 2, 1, 3, 3, 1, 1, 2, 3, 2, 0, 1, 1, 2, 1, 0, 1, 0, 0, 0,
       2, 3, 0, 1, 1, 3, 0, 2, 0, 2, 1, 0, 0, 1, 0, 1, 3, 1, 1, 0, 1, 0,
       0, 2, 2, 1, 1, 0, 1, 2, 0, 0, 3, 0, 1, 1, 0, 1, 1, 1, 2, 2, 1, 0,
       2, 3, 2, 2, 3, 3, 3, 3, 0, 0, 1, 0, 1, 0, 0, 0, 3, 2, 0, 2, 3, 3,
       3, 1, 0, 3, 3, 1, 2, 3, 3, 2, 0, 3, 1, 0, 2, 1, 3, 3, 2, 2, 0, 2,
       2, 1, 3, 2, 2, 3, 3, 1, 3, 1, 3, 2, 0, 3, 2, 1, 0, 2, 1, 2, 1, 2,
       1, 3, 3, 2, 0, 2, 2, 0, 0, 0, 3, 2, 0, 3, 0, 0, 0, 0, 0, 2, 2, 0,
       2, 0, 2, 1, 3, 1, 2, 0, 2, 0], dtype=object)]
[1, array([-30003. , -15001.5, -15001.5,      0. ]), array([2, 2, 2, 2, 0, 2, 2, 1, 1, 1, 0, 3, 3, 1, 1, 3, 2, 0, 0, 0, 1, 0,
       3, 0, 2, 0, 2, 2, 2, 3, 0, 2, 2, 2, 2, 0, 1, 1, 2, 2, 1, 3, 2, 0,
       3, 3, 1, 2, 1, 3, 3, 1, 1, 2, 3, 2, 0, 1, 1, 2, 1, 0, 1, 0, 0, 0,
       2, 3, 0, 1, 1, 3, 0, 2, 0, 2, 1, 0, 0, 1, 0, 1, 3, 1, 1, 0, 1, 0,
       0, 2, 2, 1, 1, 0, 1, 2, 0, 0, 3, 0, 1, 1, 0, 1, 1, 1, 2, 2, 1, 0,
       2, 3, 2, 2, 3, 3, 3, 3, 0, 0, 1, 0, 1, 0, 0, 0, 3, 2, 0, 2, 3, 3,
       3, 1, 0, 3, 3, 1, 2, 3, 3, 2, 0, 3, 1, 0, 2, 1, 3, 3, 2, 2, 0, 2,
       2, 1, 3, 2, 2, 3, 3, 1, 3, 1, 3, 2, 0, 3, 2, 1, 0, 2, 1, 2, 1, 2,
       1, 3, 3, 2, 0, 2, 2, 0, 0, 0, 3, 2, 0, 3, 0, 0, 0, 0, 0, 2, 2, 0,
       2, 0, 2, 1, 3, 1, 2, 0, 2, 0], dtype=object)]
[1, array([-30003. , -15001.5, -15001.5,      0. ]), array([2, 2, 2, 2, 0, 2, 2, 1, 1, 1, 0, 3, 3, 1, 1, 3, 2, 0, 0, 0, 1, 0,
       3, 0, 2, 0, 2, 2, 2, 3, 0, 2, 2, 2, 2, 0, 1, 1, 2, 2, 1, 3, 2, 0,
       3, 3, 1, 2, 1, 3, 3, 1, 1, 2, 3, 2, 0, 1, 1, 2, 1, 0, 1, 0, 0, 0,
       2, 3, 0, 1, 1, 3, 0, 2, 0, 2, 1, 0, 0, 1, 0, 1, 3, 1, 1, 0, 1, 0,
       0, 2, 2, 1, 1, 0, 1, 2, 0, 0, 3, 0, 1, 1, 0, 1, 1, 1, 2, 2, 1, 0,
       2, 3, 2, 2, 3, 3, 3, 3, 0, 0, 1, 0, 1, 0, 0, 0, 3, 2, 0, 2, 3, 3,
       3, 1, 0, 3, 3, 1, 2, 3, 3, 2, 0, 3, 1, 0, 2, 1, 3, 3, 2, 2, 0, 2,
       2, 1, 3, 2, 2, 3, 3, 1, 3, 1, 3, 2, 0, 3, 2, 1, 0, 2, 1, 2, 1, 2,
       1, 3, 3, 2, 0, 2, 2, 0, 0, 0, 3, 2, 0, 3, 0, 0, 0, 0, 0, 2, 2, 0,
       2, 0, 2, 1, 3, 1, 2, 0, 2, 0], dtype=object)]
[2, array([-30003. , -15001.5, -15001.5,      0. ]), array([2, 2, 2, 2, 0, 2, 2, 1, 1, 1, 0, 3, 3, 1, 1, 3, 2, 0, 0, 0, 1, 0,
       3, 0, 2, 0, 2, 2, 2, 3, 0, 2, 2, 2, 2, 0, 1, 1, 2, 2, 1, 3, 2, 0,
       3, 3, 1, 2, 1, 3, 3, 1, 1, 2, 3, 2, 0, 1, 1, 2, 1, 0, 1, 0, 0, 0,
       2, 3, 0, 1, 1, 1, 0, 2, 0, 2, 1, 0, 0, 1, 0, 1, 3, 1, 1, 0, 1, 0,
       0, 2, 2, 1, 1, 0, 1, 2, 0, 0, 3, 0, 1, 1, 0, 1, 1, 1, 2, 2, 1, 0,
       2, 3, 2, 2, 3, 3, 3, 3, 0, 0, 1, 0, 1, 0, 0, 0, 3, 2, 0, 2, 3, 3,
       3, 1, 0, 3, 3, 1, 2, 3, 3, 2, 0, 3, 1, 0, 2, 1, 3, 3, 2, 2, 0, 2,
       2, 1, 3, 2, 2, 3, 3, 1, 3, 1, 3, 2, 0, 3, 2, 0, 0, 2, 1, 2, 1, 2,
       1, 3, 3, 2, 0, 2, 2, 0, 0, 0, 3, 2, 0, 3, 0, 0, 0, 0, 0, 2, 2, 0,
       2, 0, 2, 1, 3, 1, 2, 0, 2, 0], dtype=object)]
[2, array([-30003. , -15001.5, -15001.5,      0. ]), array([2, 2, 2, 2, 0, 2, 2, 1, 1, 1, 0, 3, 3, 1, 1, 3, 2, 0, 0, 0, 1, 0,
       3, 0, 2, 0, 2, 2, 2, 3, 0, 2, 2, 2, 2, 0, 1, 1, 2, 2, 1, 3, 2, 0,
       3, 3, 1, 2, 1, 3, 3, 1, 1, 2, 3, 2, 0, 1, 1, 2, 1, 0, 1, 0, 0, 0,
       2, 3, 0, 1, 1, 1, 0, 2, 0, 2, 1, 0, 0, 1, 0, 1, 3, 1, 1, 0, 1, 0,
       0, 2, 2, 1, 1, 0, 1, 2, 0, 0, 3, 0, 1, 1, 0, 1, 1, 1, 2, 2, 1, 0,
       2, 3, 2, 2, 3, 3, 3, 3, 0, 0, 1, 0, 1, 0, 0, 0, 3, 2, 0, 2, 3, 3,
       3, 1, 0, 3, 3, 1, 2, 3, 3, 2, 0, 3, 1, 0, 2, 1, 3, 3, 2, 2, 0, 2,
       2, 1, 3, 2, 2, 3, 3, 1, 3, 1, 3, 2, 0, 3, 2, 0, 0, 2, 1, 2, 1, 2,
       1, 3, 3, 2, 0, 2, 2, 0, 0, 0, 3, 2, 0, 3, 0, 0, 0, 0, 0, 2, 2, 0,
       2, 0, 2, 1, 3, 1, 2, 0, 2, 0], dtype=object)]
[2, array([-30003. , -15001.5, -15001.5,      0. ]), array([2, 2, 2, 2, 0, 2, 2, 1, 1, 1, 0, 3, 3, 1, 1, 3, 2, 0, 0, 0, 1, 0,
       3, 0, 2, 0, 2, 2, 2, 3, 0, 2, 2, 2, 2, 0, 1, 1, 2, 2, 1, 3, 2, 0,
       3, 3, 1, 2, 1, 3, 3, 1, 1, 2, 3, 2, 0, 1, 1, 2, 1, 0, 1, 0, 0, 0,
       2, 3, 0, 1, 1, 1, 0, 2, 0, 2, 1, 0, 0, 1, 0, 1, 3, 1, 1, 0, 1, 0,
       0, 2, 2, 1, 1, 0, 1, 2, 0, 0, 3, 0, 1, 1, 0, 1, 1, 1, 2, 2, 1, 0,
       2, 3, 2, 2, 3, 3, 3, 3, 0, 0, 1, 0, 1, 0, 0, 0, 3, 2, 0, 2, 3, 3,
       3, 1, 0, 3, 3, 1, 2, 3, 3, 2, 0, 3, 1, 0, 2, 1, 3, 3, 2, 2, 0, 2,
       2, 1, 3, 2, 2, 3, 3, 1, 3, 1, 3, 2, 0, 3, 2, 0, 0, 2, 1, 2, 1, 2,
       1, 3, 3, 2, 0, 2, 2, 0, 0, 0, 3, 2, 0, 3, 0, 0, 0, 0, 0, 2, 2, 0,
       2, 0, 2, 1, 3, 1, 2, 0, 2, 0], dtype=object)]
[2, array([-30003. , -15001.5, -15001.5,      0. ]), array([2, 2, 2, 2, 0, 2, 2, 1, 1, 1, 0, 3, 3, 1, 1, 3, 2, 0, 0, 0, 1, 0,
       3, 0, 2, 0, 2, 2, 2, 3, 0, 2, 2, 2, 2, 0, 1, 1, 2, 2, 1, 3, 2, 0,
       3, 3, 1, 2, 1, 3, 3, 1, 1, 2, 3, 2, 0, 1, 1, 2, 1, 0, 1, 0, 0, 0,
       2, 3, 0, 1, 1, 1, 0, 2, 0, 2, 1, 0, 0, 1, 0, 1, 3, 1, 1, 0, 1, 0,
       0, 2, 2, 1, 1, 0, 1, 2, 0, 0, 3, 0, 1, 1, 0, 1, 1, 1, 2, 2, 1, 0,
       2, 3, 2, 2, 3, 3, 3, 3, 0, 0, 1, 0, 1, 0, 0, 0, 3, 2, 0, 2, 3, 3,
       3, 1, 0, 3, 3, 1, 2, 3, 3, 2, 0, 3, 1, 0, 2, 1, 3, 3, 2, 2, 0, 2,
       2, 1, 3, 2, 2, 3, 3, 1, 3, 1, 3, 2, 0, 3, 2, 0, 0, 2, 1, 2, 1, 2,
       1, 3, 3, 2, 0, 2, 2, 0, 0, 0, 3, 2, 0, 3, 0, 0, 0, 0, 0, 2, 2, 0,
       2, 0, 2, 1, 3, 1, 2, 0, 2, 0], dtype=object)]
[3, array([0., 0., 0., 0.]), array([3, 2, 3, 3, 1, 1, 3, 1, 2, 0, 2, 1, 1, 1, 2, 0, 2, 3, 1, 0, 2, 3,
       1, 1, 0, 0, 2, 0, 0, 3, 3, 1, 2, 2, 0, 1, 2, 1, 0, 3, 1, 0, 1, 0,
       1, 2, 0, 0, 0, 3, 3, 3, 0, 2, 3, 1, 0, 1, 0, 3, 0, 0, 0, 3, 0, 0,
       1, 3, 0, 0, 0, 0, 3, 2, 2, 0, 1, 3, 3, 0, 3, 1, 0, 1, 3, 0, 3, 3,
       1, 0, 3, 1, 0, 0, 3, 1, 0, 0, 0, 1, 3, 1, 2, 0, 1, 0, 2, 1, 0, 3,
       0, 1, 2, 3, 1, 1, 3, 0, 2, 1, 1, 2, 3, 1, 1, 1, 0, 1, 0, 3, 1, 0,
       3, 1, 1, 3, 1, 1, 2, 1, 3, 2, 1, 2, 2, 1, 3, 2, 2, 3, 2, 2, 0, 0,
       0, 1, 0, 3, 2, 3, 0, 2, 1, 0, 3, 2, 0, 0, 2, 2, 0, 3, 1, 2, 2, 2,
       1, 2, 2, 3, 1, 1, 3, 0, 2, 1, 1, 0, 1, 0, 0, 2, 1, 1, 0, 2, 0, 2,
       0, 0, 3, 1, 0, 0, 0, 3, 0, 2], dtype=object)]
[3, array([0., 0., 0., 0.]), array([3, 2, 3, 3, 1, 1, 3, 1, 2, 0, 2, 1, 1, 1, 2, 0, 2, 3, 1, 0, 2, 3,
       1, 1, 0, 0, 2, 0, 0, 3, 3, 1, 2, 2, 0, 1, 2, 1, 0, 3, 1, 0, 1, 0,
       1, 2, 0, 0, 0, 3, 3, 3, 0, 2, 3, 1, 0, 1, 0, 3, 0, 0, 0, 3, 0, 0,
       1, 3, 0, 0, 0, 0, 3, 2, 2, 0, 1, 3, 3, 0, 3, 1, 0, 1, 3, 0, 3, 3,
       1, 0, 3, 1, 0, 0, 3, 1, 0, 0, 0, 1, 3, 1, 2, 0, 1, 0, 2, 1, 0, 3,
       0, 1, 2, 3, 1, 1, 3, 0, 2, 1, 1, 2, 3, 1, 1, 1, 0, 1, 0, 3, 1, 0,
       3, 1, 1, 3, 1, 1, 2, 1, 3, 2, 1, 2, 2, 1, 3, 2, 2, 3, 2, 2, 0, 0,
       0, 1, 0, 3, 2, 3, 0, 2, 1, 0, 3, 2, 0, 0, 2, 2, 0, 3, 1, 2, 2, 2,
       1, 2, 2, 3, 1, 1, 3, 0, 2, 1, 1, 0, 1, 0, 0, 2, 1, 1, 0, 2, 0, 2,
       0, 0, 3, 1, 0, 0, 0, 3, 0, 2], dtype=object)]
[3, array([0., 0., 0., 0.]), array([3, 2, 3, 3, 1, 1, 3, 1, 2, 0, 2, 1, 1, 1, 2, 0, 2, 3, 1, 0, 2, 3,
       1, 1, 0, 0, 2, 0, 0, 3, 3, 1, 2, 2, 0, 1, 2, 1, 0, 3, 1, 0, 1, 0,
       1, 2, 0, 0, 0, 3, 3, 3, 0, 2, 3, 1, 0, 1, 0, 3, 0, 0, 0, 3, 0, 0,
       1, 3, 0, 0, 0, 0, 3, 2, 2, 0, 1, 3, 3, 0, 3, 1, 0, 1, 3, 0, 3, 3,
       1, 0, 3, 1, 0, 0, 3, 1, 0, 0, 0, 1, 3, 1, 2, 0, 1, 0, 2, 1, 0, 3,
       0, 1, 2, 3, 1, 1, 3, 0, 2, 1, 1, 2, 3, 1, 1, 1, 0, 1, 0, 3, 1, 0,
       3, 1, 1, 3, 1, 1, 2, 1, 3, 2, 1, 2, 2, 1, 3, 2, 2, 3, 2, 2, 0, 0,
       0, 1, 0, 3, 2, 3, 0, 2, 1, 0, 3, 2, 0, 0, 2, 2, 0, 3, 1, 2, 2, 2,
       1, 2, 2, 3, 1, 1, 3, 0, 2, 1, 1, 0, 1, 0, 0, 2, 1, 1, 0, 2, 0, 2,
       0, 0, 3, 1, 0, 0, 0, 3, 0, 2], dtype=object)]
[3, array([0., 0., 0., 0.]), array([3, 2, 3, 3, 1, 1, 3, 1, 2, 0, 2, 1, 1, 1, 2, 0, 2, 3, 1, 0, 2, 3,
       1, 1, 0, 0, 2, 0, 0, 3, 3, 1, 2, 2, 0, 1, 2, 1, 0, 3, 1, 0, 1, 0,
       1, 2, 0, 0, 0, 3, 3, 3, 0, 2, 3, 1, 0, 1, 0, 3, 0, 0, 0, 3, 0, 0,
       1, 3, 0, 0, 0, 0, 3, 2, 2, 0, 1, 3, 3, 0, 3, 1, 0, 1, 3, 0, 3, 3,
       1, 0, 3, 1, 0, 0, 3, 1, 0, 0, 0, 1, 3, 1, 2, 0, 1, 0, 2, 1, 0, 3,
       0, 1, 2, 3, 1, 1, 3, 0, 2, 1, 1, 2, 3, 1, 1, 1, 0, 1, 0, 3, 1, 0,
       3, 1, 1, 3, 1, 1, 2, 1, 3, 2, 1, 2, 2, 1, 3, 2, 2, 3, 2, 2, 0, 0,
       0, 1, 0, 3, 2, 3, 0, 2, 1, 0, 3, 2, 0, 0, 2, 2, 0, 3, 1, 2, 2, 2,
       1, 2, 2, 3, 1, 1, 3, 0, 2, 1, 1, 0, 1, 0, 0, 2, 1, 1, 0, 2, 0, 2,
       0, 0, 3, 1, 0, 0, 0, 3, 0, 2], dtype=object)]
[4, array([0., 0., 0., 0.]), array([3, 2, 3, 3, 1, 1, 3, 1, 2, 0, 2, 1, 1, 1, 2, 0, 2, 3, 1, 0, 0, 3,
       1, 1, 0, 0, 2, 0, 0, 3, 3, 1, 2, 2, 0, 1, 2, 1, 0, 3, 1, 0, 1, 0,
       1, 2, 0, 0, 0, 3, 0, 3, 0, 2, 3, 1, 0, 1, 0, 3, 0, 0, 0, 3, 0, 0,
       1, 3, 0, 0, 0, 0, 3, 2, 2, 0, 1, 3, 3, 0, 3, 1, 0, 1, 3, 0, 3, 3,
       1, 0, 3, 1, 0, 0, 3, 1, 0, 0, 0, 1, 3, 1, 2, 0, 1, 0, 2, 1, 0, 3,
       0, 1, 2, 3, 1, 1, 3, 0, 2, 1, 1, 2, 3, 1, 1, 1, 0, 1, 0, 3, 1, 0,
       3, 1, 1, 3, 1, 1, 2, 1, 3, 2, 1, 2, 2, 1, 3, 2, 2, 3, 2, 2, 0, 0,
       0, 1, 0, 3, 2, 3, 0, 2, 1, 0, 3, 2, 0, 0, 2, 2, 0, 3, 1, 2, 2, 2,
       1, 2, 2, 3, 1, 1, 3, 0, 2, 1, 1, 0, 1, 0, 0, 2, 1, 1, 0, 2, 0, 2,
       0, 0, 3, 1, 0, 0, 0, 3, 0, 2], dtype=object)]
[4, array([0., 0., 0., 0.]), array([3, 2, 3, 3, 1, 1, 3, 1, 2, 0, 2, 1, 1, 1, 2, 0, 2, 3, 1, 0, 0, 3,
       1, 1, 0, 0, 2, 0, 0, 3, 3, 1, 2, 2, 0, 1, 2, 1, 0, 3, 1, 0, 1, 0,
       1, 2, 0, 0, 0, 3, 0, 3, 0, 2, 3, 1, 0, 1, 0, 3, 0, 0, 0, 3, 0, 0,
       1, 3, 0, 0, 0, 0, 3, 2, 2, 0, 1, 3, 3, 0, 3, 1, 0, 1, 3, 0, 3, 3,
       1, 0, 3, 1, 0, 0, 3, 1, 0, 0, 0, 1, 3, 1, 2, 0, 1, 0, 2, 1, 0, 3,
       0, 1, 2, 3, 1, 1, 3, 0, 2, 1, 1, 2, 3, 1, 1, 1, 0, 1, 0, 3, 1, 0,
       3, 1, 1, 3, 1, 1, 2, 1, 3, 2, 1, 2, 2, 1, 3, 2, 2, 3, 2, 2, 0, 0,
       0, 1, 0, 3, 2, 3, 0, 2, 1, 0, 3, 2, 0, 0, 2, 2, 0, 3, 1, 2, 2, 2,
       1, 2, 2, 3, 1, 1, 3, 0, 2, 1, 1, 0, 1, 0, 0, 2, 1, 1, 0, 2, 0, 2,
       0, 0, 3, 1, 0, 0, 0, 3, 0, 2], dtype=object)]
[4, array([0., 0., 0., 0.]), array([3, 2, 3, 3, 1, 1, 3, 1, 2, 0, 2, 1, 1, 1, 2, 0, 2, 3, 1, 0, 0, 3,
       1, 1, 0, 0, 2, 0, 0, 3, 3, 1, 2, 2, 0, 1, 2, 1, 0, 3, 1, 0, 1, 0,
       1, 2, 0, 0, 0, 3, 0, 3, 0, 2, 3, 1, 0, 1, 0, 3, 0, 0, 0, 3, 0, 0,
       1, 3, 0, 0, 0, 0, 3, 2, 2, 0, 1, 3, 3, 0, 3, 1, 0, 1, 3, 0, 3, 3,
       1, 0, 3, 1, 0, 0, 3, 1, 0, 0, 0, 1, 3, 1, 2, 0, 1, 0, 2, 1, 0, 3,
       0, 1, 2, 3, 1, 1, 3, 0, 2, 1, 1, 2, 3, 1, 1, 1, 0, 1, 0, 3, 1, 0,
       3, 1, 1, 3, 1, 1, 2, 1, 3, 2, 1, 2, 2, 1, 3, 2, 2, 3, 2, 2, 0, 0,
       0, 1, 0, 3, 2, 3, 0, 2, 1, 0, 3, 2, 0, 0, 2, 2, 0, 3, 1, 2, 2, 2,
       1, 2, 2, 3, 1, 1, 3, 0, 2, 1, 1, 0, 1, 0, 0, 2, 1, 1, 0, 2, 0, 2,
       0, 0, 3, 1, 0, 0, 0, 3, 0, 2], dtype=object)]
[4, array([0., 0., 0., 0.]), array([3, 2, 3, 3, 1, 1, 3, 1, 2, 0, 2, 1, 1, 1, 2, 0, 2, 3, 1, 0, 0, 3,
       1, 1, 0, 0, 2, 0, 0, 3, 3, 1, 2, 2, 0, 1, 2, 1, 0, 3, 1, 0, 1, 0,
       1, 2, 0, 0, 0, 3, 0, 3, 0, 2, 3, 1, 0, 1, 0, 3, 0, 0, 0, 3, 0, 0,
       1, 3, 0, 0, 0, 0, 3, 2, 2, 0, 1, 3, 3, 0, 3, 1, 0, 1, 3, 0, 3, 3,
       1, 0, 3, 1, 0, 0, 3, 1, 0, 0, 0, 1, 3, 1, 2, 0, 1, 0, 2, 1, 0, 3,
       0, 1, 2, 3, 1, 1, 3, 0, 2, 1, 1, 2, 3, 1, 1, 1, 0, 1, 0, 3, 1, 0,
       3, 1, 1, 3, 1, 1, 2, 1, 3, 2, 1, 2, 2, 1, 3, 2, 2, 3, 2, 2, 0, 0,
       0, 1, 0, 3, 2, 3, 0, 2, 1, 0, 3, 2, 0, 0, 2, 2, 0, 3, 1, 2, 2, 2,
       1, 2, 2, 3, 1, 1, 3, 0, 2, 1, 1, 0, 1, 0, 0, 2, 1, 1, 0, 2, 0, 2,
       0, 0, 3, 1, 0, 0, 0, 3, 0, 2], dtype=object)]
[5, array([-14520.,  -7260.,  -7260.,      0.]), array([1, 3, 2, 2, 3, 2, 3, 3, 1, 2, 2, 2, 2, 3, 2, 1, 1, 0, 0, 3, 0, 2,
       3, 3, 3, 0, 1, 2, 2, 1, 1, 1, 3, 0, 2, 0, 3, 3, 3, 0, 3, 2, 0, 2,
       0, 3, 2, 2, 0, 0, 3, 1, 2, 3, 2, 1, 3, 3, 0, 1, 2, 1, 2, 3, 0, 1,
       3, 0, 1, 3, 1, 1, 0, 3, 2, 3, 1, 3, 0, 3, 2, 3, 1, 2, 1, 1, 3, 0,
       0, 2, 2, 1, 1, 0, 1, 2, 0, 0, 3, 0, 1, 1, 0, 1, 1, 1, 2, 2, 1, 0,
       2, 3, 2, 2, 3, 3, 3, 3, 0, 0, 1, 0, 1, 0, 0, 0, 3, 2, 0, 2, 3, 3,
       3, 1, 0, 3, 3, 1, 2, 3, 3, 2, 0, 3, 1, 0, 2, 1, 3, 3, 2, 2, 0, 2,
       2, 1, 3, 2, 2, 3, 3, 1, 3, 1, 3, 2, 0, 3, 2, 1, 0, 2, 1, 2, 1, 2,
       1, 3, 3, 2, 0, 2, 2, 0, 0, 0, 3, 2, 0, 3, 0, 0, 0, 0, 0, 2, 2, 0,
       2, 0, 2, 1, 3, 1, 2, 3, 0, 2], dtype=object)]
[5, array([-14520.,  -7260.,  -7260.,      0.]), array([1, 3, 2, 2, 3, 2, 3, 3, 1, 2, 2, 2, 2, 3, 2, 1, 1, 0, 0, 3, 0, 2,
       3, 3, 3, 0, 1, 2, 2, 1, 1, 1, 3, 0, 2, 0, 3, 3, 3, 0, 3, 2, 0, 2,
       0, 3, 2, 2, 0, 0, 3, 1, 2, 3, 2, 1, 3, 3, 0, 1, 2, 1, 2, 3, 0, 1,
       3, 0, 1, 3, 1, 1, 0, 3, 2, 3, 1, 3, 0, 3, 2, 3, 1, 2, 1, 1, 3, 0,
       0, 2, 2, 1, 1, 0, 1, 2, 0, 0, 3, 0, 1, 1, 0, 1, 1, 1, 2, 2, 1, 0,
       2, 3, 2, 2, 3, 3, 3, 3, 0, 0, 1, 0, 1, 0, 0, 0, 3, 2, 0, 2, 3, 3,
       3, 1, 0, 3, 3, 1, 2, 3, 3, 2, 0, 3, 1, 0, 2, 1, 3, 3, 2, 2, 0, 2,
       2, 1, 3, 2, 2, 3, 3, 1, 3, 1, 3, 2, 0, 3, 2, 1, 0, 2, 1, 2, 1, 2,
       1, 3, 3, 2, 0, 2, 2, 0, 0, 0, 3, 2, 0, 3, 0, 0, 0, 0, 0, 2, 2, 0,
       2, 0, 2, 1, 3, 1, 2, 3, 0, 2], dtype=object)]
[5, array([-14520.,  -7260.,  -7260.,      0.]), array([1, 3, 2, 2, 3, 2, 3, 3, 1, 2, 2, 2, 2, 3, 2, 1, 1, 0, 0, 3, 0, 2,
       3, 3, 3, 0, 1, 2, 2, 1, 1, 1, 3, 0, 2, 0, 3, 3, 3, 0, 3, 2, 0, 2,
       0, 3, 2, 2, 0, 0, 3, 1, 2, 3, 2, 1, 3, 3, 0, 1, 2, 1, 2, 3, 0, 1,
       3, 0, 1, 3, 1, 1, 0, 3, 2, 3, 1, 3, 0, 3, 2, 3, 1, 2, 1, 1, 3, 0,
       0, 2, 2, 1, 1, 0, 1, 2, 0, 0, 3, 0, 1, 1, 0, 1, 1, 1, 2, 2, 1, 0,
       2, 3, 2, 2, 3, 3, 3, 3, 0, 0, 1, 0, 1, 0, 0, 0, 3, 2, 0, 2, 3, 3,
       3, 1, 0, 3, 3, 1, 2, 3, 3, 2, 0, 3, 1, 0, 2, 1, 3, 3, 2, 2, 0, 2,
       2, 1, 3, 2, 2, 3, 3, 1, 3, 1, 3, 2, 0, 3, 2, 1, 0, 2, 1, 2, 1, 2,
       1, 3, 3, 2, 0, 2, 2, 0, 0, 0, 3, 2, 0, 3, 0, 0, 0, 0, 0, 2, 2, 0,
       2, 0, 2, 1, 3, 1, 2, 3, 0, 2], dtype=object)]
[5, array([-14520.,  -7260.,  -7260.,      0.]), array([1, 3, 2, 2, 3, 2, 3, 3, 1, 2, 2, 2, 2, 3, 2, 1, 1, 0, 0, 3, 0, 2,
       3, 3, 3, 0, 1, 2, 2, 1, 1, 1, 3, 0, 2, 0, 3, 3, 3, 0, 3, 2, 0, 2,
       0, 3, 2, 2, 0, 0, 3, 1, 2, 3, 2, 1, 3, 3, 0, 1, 2, 1, 2, 3, 0, 1,
       3, 0, 1, 3, 1, 1, 0, 3, 2, 3, 1, 3, 0, 3, 2, 3, 1, 2, 1, 1, 3, 0,
       0, 2, 2, 1, 1, 0, 1, 2, 0, 0, 3, 0, 1, 1, 0, 1, 1, 1, 2, 2, 1, 0,
       2, 3, 2, 2, 3, 3, 3, 3, 0, 0, 1, 0, 1, 0, 0, 0, 3, 2, 0, 2, 3, 3,
       3, 1, 0, 3, 3, 1, 2, 3, 3, 2, 0, 3, 1, 0, 2, 1, 3, 3, 2, 2, 0, 2,
       2, 1, 3, 2, 2, 3, 3, 1, 3, 1, 3, 2, 0, 3, 2, 1, 0, 2, 1, 2, 1, 2,
       1, 3, 3, 2, 0, 2, 2, 0, 0, 0, 3, 2, 0, 3, 0, 0, 0, 0, 0, 2, 2, 0,
       2, 0, 2, 1, 3, 1, 2, 3, 0, 2], dtype=object)]
[6, array([-14520.,  -7260.,  -7260.,      0.]), array([2, 2, 2, 2, 3, 2, 3, 3, 1, 2, 2, 2, 2, 3, 2, 1, 1, 0, 0, 3, 0, 2,
       0, 3, 0, 0, 1, 2, 2, 1, 1, 1, 3, 0, 2, 0, 3, 3, 3, 0, 3, 2, 0, 2,
       0, 3, 2, 2, 0, 0, 3, 1, 2, 3, 2, 1, 3, 3, 0, 1, 2, 1, 2, 3, 0, 1,
       3, 0, 1, 3, 1, 1, 0, 3, 2, 3, 1, 3, 0, 3, 2, 3, 1, 2, 1, 1, 3, 0,
       0, 2, 2, 1, 1, 0, 1, 2, 0, 0, 3, 1, 1, 1, 0, 1, 1, 1, 2, 2, 1, 0,
       2, 3, 2, 2, 3, 3, 3, 3, 0, 0, 1, 0, 1, 0, 0, 0, 3, 2, 0, 2, 3, 3,
       3, 1, 0, 3, 3, 1, 2, 3, 3, 2, 0, 3, 1, 0, 2, 1, 3, 3, 2, 2, 0, 2,
       2, 1, 3, 2, 2, 3, 3, 1, 3, 1, 3, 2, 0, 3, 2, 1, 0, 2, 1, 2, 1, 2,
       1, 3, 3, 2, 0, 2, 2, 0, 0, 0, 3, 2, 0, 3, 0, 0, 0, 0, 0, 2, 2, 0,
       2, 0, 2, 1, 3, 1, 2, 0, 2, 0], dtype=object)]
[6, array([-14520.,  -7260.,  -7260.,      0.]), array([2, 2, 2, 2, 3, 2, 3, 3, 1, 2, 2, 2, 2, 3, 2, 1, 1, 0, 0, 3, 0, 2,
       0, 3, 0, 0, 1, 2, 2, 1, 1, 1, 3, 0, 2, 0, 3, 3, 3, 0, 3, 2, 0, 2,
       0, 3, 2, 2, 0, 0, 3, 1, 2, 3, 2, 1, 3, 3, 0, 1, 2, 1, 2, 3, 0, 1,
       3, 0, 1, 3, 1, 1, 0, 3, 2, 3, 1, 3, 0, 3, 2, 3, 1, 2, 1, 1, 3, 0,
       0, 2, 2, 1, 1, 0, 1, 2, 0, 0, 3, 1, 1, 1, 0, 1, 1, 1, 2, 2, 1, 0,
       2, 3, 2, 2, 3, 3, 3, 3, 0, 0, 1, 0, 1, 0, 0, 0, 3, 2, 0, 2, 3, 3,
       3, 1, 0, 3, 3, 1, 2, 3, 3, 2, 0, 3, 1, 0, 2, 1, 3, 3, 2, 2, 0, 2,
       2, 1, 3, 2, 2, 3, 3, 1, 3, 1, 3, 2, 0, 3, 2, 1, 0, 2, 1, 2, 1, 2,
       1, 3, 3, 2, 0, 2, 2, 0, 0, 0, 3, 2, 0, 3, 0, 0, 0, 0, 0, 2, 2, 0,
       2, 0, 2, 1, 3, 1, 2, 0, 2, 0], dtype=object)]
[6, array([-14520.,  -7260.,  -7260.,      0.]), array([2, 2, 2, 2, 3, 2, 3, 3, 1, 2, 2, 2, 2, 3, 2, 1, 1, 0, 0, 3, 0, 2,
       0, 3, 0, 0, 1, 2, 2, 1, 1, 1, 3, 0, 2, 0, 3, 3, 3, 0, 3, 2, 0, 2,
       0, 3, 2, 2, 0, 0, 3, 1, 2, 3, 2, 1, 3, 3, 0, 1, 2, 1, 2, 3, 0, 1,
       3, 0, 1, 3, 1, 1, 0, 3, 2, 3, 1, 3, 0, 3, 2, 3, 1, 2, 1, 1, 3, 0,
       0, 2, 2, 1, 1, 0, 1, 2, 0, 0, 3, 1, 1, 1, 0, 1, 1, 1, 2, 2, 1, 0,
       2, 3, 2, 2, 3, 3, 3, 3, 0, 0, 1, 0, 1, 0, 0, 0, 3, 2, 0, 2, 3, 3,
       3, 1, 0, 3, 3, 1, 2, 3, 3, 2, 0, 3, 1, 0, 2, 1, 3, 3, 2, 2, 0, 2,
       2, 1, 3, 2, 2, 3, 3, 1, 3, 1, 3, 2, 0, 3, 2, 1, 0, 2, 1, 2, 1, 2,
       1, 3, 3, 2, 0, 2, 2, 0, 0, 0, 3, 2, 0, 3, 0, 0, 0, 0, 0, 2, 2, 0,
       2, 0, 2, 1, 3, 1, 2, 0, 2, 0], dtype=object)]
[6, array([-14520.,  -7260.,  -7260.,      0.]), array([2, 2, 2, 2, 3, 2, 3, 3, 1, 2, 2, 2, 2, 3, 2, 1, 1, 0, 0, 3, 0, 2,
       0, 3, 0, 0, 1, 2, 2, 1, 1, 1, 3, 0, 2, 0, 3, 3, 3, 0, 3, 2, 0, 2,
       0, 3, 2, 2, 0, 0, 3, 1, 2, 3, 2, 1, 3, 3, 0, 1, 2, 1, 2, 3, 0, 1,
       3, 0, 1, 3, 1, 1, 0, 3, 2, 3, 1, 3, 0, 3, 2, 3, 1, 2, 1, 1, 3, 0,
       0, 2, 2, 1, 1, 0, 1, 2, 0, 0, 3, 1, 1, 1, 0, 1, 1, 1, 2, 2, 1, 0,
       2, 3, 2, 2, 3, 3, 3, 3, 0, 0, 1, 0, 1, 0, 0, 0, 3, 2, 0, 2, 3, 3,
       3, 1, 0, 3, 3, 1, 2, 3, 3, 2, 0, 3, 1, 0, 2, 1, 3, 3, 2, 2, 0, 2,
       2, 1, 3, 2, 2, 3, 3, 1, 3, 1, 3, 2, 0, 3, 2, 1, 0, 2, 1, 2, 1, 2,
       1, 3, 3, 2, 0, 2, 2, 0, 0, 0, 3, 2, 0, 3, 0, 0, 0, 0, 0, 2, 2, 0,
       2, 0, 2, 1, 3, 1, 2, 0, 2, 0], dtype=object)]
[7, array([-14520.,  -7260.,  -7260.,      0.]), array([1, 2, 2, 2, 3, 2, 3, 3, 1, 2, 2, 2, 2, 3, 2, 1, 1, 0, 0, 3, 0, 2,
       0, 3, 0, 0, 1, 2, 2, 1, 1, 1, 3, 0, 2, 0, 3, 3, 3, 0, 3, 2, 0, 2,
       0, 3, 2, 2, 0, 0, 3, 1, 2, 3, 2, 1, 3, 3, 0, 1, 2, 1, 2, 3, 0, 1,
       3, 0, 1, 3, 1, 1, 0, 3, 2, 3, 1, 3, 0, 3, 2, 3, 1, 2, 1, 1, 3, 0,
       0, 2, 2, 1, 1, 0, 1, 2, 0, 0, 3, 1, 1, 1, 0, 1, 1, 1, 2, 2, 1, 0,
       2, 3, 2, 2, 3, 3, 3, 3, 0, 0, 1, 0, 1, 0, 0, 0, 3, 2, 0, 2, 3, 3,
       3, 1, 0, 3, 3, 1, 2, 3, 3, 2, 0, 3, 1, 0, 2, 1, 3, 3, 2, 2, 0, 2,
       2, 1, 3, 2, 2, 3, 3, 1, 3, 1, 3, 2, 0, 3, 2, 1, 0, 2, 1, 2, 1, 2,
       1, 3, 3, 2, 0, 2, 2, 0, 0, 0, 3, 2, 0, 3, 0, 0, 0, 0, 0, 2, 2, 0,
       2, 0, 2, 1, 3, 1, 2, 0, 2, 0], dtype=object)]
[7, array([-14520.,  -7260.,  -7260.,      0.]), array([1, 2, 2, 2, 3, 2, 3, 3, 1, 2, 2, 2, 2, 3, 2, 1, 1, 0, 0, 3, 0, 2,
       0, 3, 0, 0, 1, 2, 2, 1, 1, 1, 3, 0, 2, 0, 3, 3, 3, 0, 3, 2, 0, 2,
       0, 3, 2, 2, 0, 0, 3, 1, 2, 3, 2, 1, 3, 3, 0, 1, 2, 1, 2, 3, 0, 1,
       3, 0, 1, 3, 1, 1, 0, 3, 2, 3, 1, 3, 0, 3, 2, 3, 1, 2, 1, 1, 3, 0,
       0, 2, 2, 1, 1, 0, 1, 2, 0, 0, 3, 1, 1, 1, 0, 1, 1, 1, 2, 2, 1, 0,
       2, 3, 2, 2, 3, 3, 3, 3, 0, 0, 1, 0, 1, 0, 0, 0, 3, 2, 0, 2, 3, 3,
       3, 1, 0, 3, 3, 1, 2, 3, 3, 2, 0, 3, 1, 0, 2, 1, 3, 3, 2, 2, 0, 2,
       2, 1, 3, 2, 2, 3, 3, 1, 3, 1, 3, 2, 0, 3, 2, 1, 0, 2, 1, 2, 1, 2,
       1, 3, 3, 2, 0, 2, 2, 0, 0, 0, 3, 2, 0, 3, 0, 0, 0, 0, 0, 2, 2, 0,
       2, 0, 2, 1, 3, 1, 2, 0, 2, 0], dtype=object)]
[7, array([-14520.,  -7260.,  -7260.,      0.]), array([1, 2, 2, 2, 3, 2, 3, 3, 1, 2, 2, 2, 2, 3, 2, 1, 1, 0, 0, 3, 0, 2,
       0, 3, 0, 0, 1, 2, 2, 1, 1, 1, 3, 0, 2, 0, 3, 3, 3, 0, 3, 2, 0, 2,
       0, 3, 2, 2, 0, 0, 3, 1, 2, 3, 2, 1, 3, 3, 0, 1, 2, 1, 2, 3, 0, 1,
       3, 0, 1, 3, 1, 1, 0, 3, 2, 3, 1, 3, 0, 3, 2, 3, 1, 2, 1, 1, 3, 0,
       0, 2, 2, 1, 1, 0, 1, 2, 0, 0, 3, 1, 1, 1, 0, 1, 1, 1, 2, 2, 1, 0,
       2, 3, 2, 2, 3, 3, 3, 3, 0, 0, 1, 0, 1, 0, 0, 0, 3, 2, 0, 2, 3, 3,
       3, 1, 0, 3, 3, 1, 2, 3, 3, 2, 0, 3, 1, 0, 2, 1, 3, 3, 2, 2, 0, 2,
       2, 1, 3, 2, 2, 3, 3, 1, 3, 1, 3, 2, 0, 3, 2, 1, 0, 2, 1, 2, 1, 2,
       1, 3, 3, 2, 0, 2, 2, 0, 0, 0, 3, 2, 0, 3, 0, 0, 0, 0, 0, 2, 2, 0,
       2, 0, 2, 1, 3, 1, 2, 0, 2, 0], dtype=object)]
[7, array([-14520.,  -7260.,  -7260.,      0.]), array([1, 2, 2, 2, 3, 2, 3, 3, 1, 2, 2, 2, 2, 3, 2, 1, 1, 0, 0, 3, 0, 2,
       0, 3, 0, 0, 1, 2, 2, 1, 1, 1, 3, 0, 2, 0, 3, 3, 3, 0, 3, 2, 0, 2,
       0, 3, 2, 2, 0, 0, 3, 1, 2, 3, 2, 1, 3, 3, 0, 1, 2, 1, 2, 3, 0, 1,
       3, 0, 1, 3, 1, 1, 0, 3, 2, 3, 1, 3, 0, 3, 2, 3, 1, 2, 1, 1, 3, 0,
       0, 2, 2, 1, 1, 0, 1, 2, 0, 0, 3, 1, 1, 1, 0, 1, 1, 1, 2, 2, 1, 0,
       2, 3, 2, 2, 3, 3, 3, 3, 0, 0, 1, 0, 1, 0, 0, 0, 3, 2, 0, 2, 3, 3,
       3, 1, 0, 3, 3, 1, 2, 3, 3, 2, 0, 3, 1, 0, 2, 1, 3, 3, 2, 2, 0, 2,
       2, 1, 3, 2, 2, 3, 3, 1, 3, 1, 3, 2, 0, 3, 2, 1, 0, 2, 1, 2, 1, 2,
       1, 3, 3, 2, 0, 2, 2, 0, 0, 0, 3, 2, 0, 3, 0, 0, 0, 0, 0, 2, 2, 0,
       2, 0, 2, 1, 3, 1, 2, 0, 2, 0], dtype=object)]
[8, array([-14520.,  -7260.,  -7260.,      0.]), array([1, 2, 2, 2, 3, 2, 3, 3, 1, 2, 2, 2, 2, 3, 2, 3, 2, 0, 0, 3, 0, 2,
       0, 3, 3, 0, 1, 2, 2, 1, 1, 1, 3, 0, 2, 0, 3, 3, 3, 0, 3, 2, 0, 2,
       0, 3, 2, 2, 0, 0, 3, 1, 2, 3, 2, 1, 3, 3, 0, 1, 2, 1, 2, 3, 0, 1,
       3, 0, 1, 3, 1, 1, 0, 3, 2, 3, 1, 3, 0, 3, 2, 3, 1, 2, 1, 1, 3, 0,
       0, 2, 2, 1, 1, 0, 1, 2, 0, 0, 3, 1, 1, 1, 0, 1, 1, 1, 2, 2, 1, 0,
       2, 3, 2, 2, 3, 3, 3, 3, 0, 0, 1, 0, 1, 0, 0, 0, 3, 2, 0, 2, 3, 3,
       3, 1, 0, 3, 3, 1, 2, 3, 3, 2, 0, 3, 1, 0, 2, 1, 3, 1, 2, 2, 0, 2,
       2, 1, 3, 2, 2, 3, 3, 1, 3, 1, 3, 2, 0, 3, 2, 1, 0, 2, 1, 2, 1, 2,
       1, 3, 3, 2, 0, 2, 2, 0, 0, 0, 3, 2, 0, 3, 0, 0, 0, 0, 0, 2, 2, 0,
       2, 0, 2, 1, 3, 1, 2, 0, 2, 0], dtype=object)]
[8, array([-14520.,  -7260.,  -7260.,      0.]), array([1, 2, 2, 2, 3, 2, 3, 3, 1, 2, 2, 2, 2, 3, 2, 3, 2, 0, 0, 3, 0, 2,
       0, 3, 3, 0, 1, 2, 2, 1, 1, 1, 3, 0, 2, 0, 3, 3, 3, 0, 3, 2, 0, 2,
       0, 3, 2, 2, 0, 0, 3, 1, 2, 3, 2, 1, 3, 3, 0, 1, 2, 1, 2, 3, 0, 1,
       3, 0, 1, 3, 1, 1, 0, 3, 2, 3, 1, 3, 0, 3, 2, 3, 1, 2, 1, 1, 3, 0,
       0, 2, 2, 1, 1, 0, 1, 2, 0, 0, 3, 1, 1, 1, 0, 1, 1, 1, 2, 2, 1, 0,
       2, 3, 2, 2, 3, 3, 3, 3, 0, 0, 1, 0, 1, 0, 0, 0, 3, 2, 0, 2, 3, 3,
       3, 1, 0, 3, 3, 1, 2, 3, 3, 2, 0, 3, 1, 0, 2, 1, 3, 1, 2, 2, 0, 2,
       2, 1, 3, 2, 2, 3, 3, 1, 3, 1, 3, 2, 0, 3, 2, 1, 0, 2, 1, 2, 1, 2,
       1, 3, 3, 2, 0, 2, 2, 0, 0, 0, 3, 2, 0, 3, 0, 0, 0, 0, 0, 2, 2, 0,
       2, 0, 2, 1, 3, 1, 2, 0, 2, 0], dtype=object)]
[8, array([-14520.,  -7260.,  -7260.,      0.]), array([1, 2, 2, 2, 3, 2, 3, 3, 1, 2, 2, 2, 2, 3, 2, 3, 2, 0, 0, 3, 0, 2,
       0, 3, 3, 0, 1, 2, 2, 1, 1, 1, 3, 0, 2, 0, 3, 3, 3, 0, 3, 2, 0, 2,
       0, 3, 2, 2, 0, 0, 3, 1, 2, 3, 2, 1, 3, 3, 0, 1, 2, 1, 2, 3, 0, 1,
       3, 0, 1, 3, 1, 1, 0, 3, 2, 3, 1, 3, 0, 3, 2, 3, 1, 2, 1, 1, 3, 0,
       0, 2, 2, 1, 1, 0, 1, 2, 0, 0, 3, 1, 1, 1, 0, 1, 1, 1, 2, 2, 1, 0,
       2, 3, 2, 2, 3, 3, 3, 3, 0, 0, 1, 0, 1, 0, 0, 0, 3, 2, 0, 2, 3, 3,
       3, 1, 0, 3, 3, 1, 2, 3, 3, 2, 0, 3, 1, 0, 2, 1, 3, 1, 2, 2, 0, 2,
       2, 1, 3, 2, 2, 3, 3, 1, 3, 1, 3, 2, 0, 3, 2, 1, 0, 2, 1, 2, 1, 2,
       1, 3, 3, 2, 0, 2, 2, 0, 0, 0, 3, 2, 0, 3, 0, 0, 0, 0, 0, 2, 2, 0,
       2, 0, 2, 1, 3, 1, 2, 0, 2, 0], dtype=object)]
[8, array([-14520.,  -7260.,  -7260.,      0.]), array([1, 2, 2, 2, 3, 2, 3, 3, 1, 2, 2, 2, 2, 3, 2, 3, 2, 0, 0, 3, 0, 2,
       0, 3, 3, 0, 1, 2, 2, 1, 1, 1, 3, 0, 2, 0, 3, 3, 3, 0, 3, 2, 0, 2,
       0, 3, 2, 2, 0, 0, 3, 1, 2, 3, 2, 1, 3, 3, 0, 1, 2, 1, 2, 3, 0, 1,
       3, 0, 1, 3, 1, 1, 0, 3, 2, 3, 1, 3, 0, 3, 2, 3, 1, 2, 1, 1, 3, 0,
       0, 2, 2, 1, 1, 0, 1, 2, 0, 0, 3, 1, 1, 1, 0, 1, 1, 1, 2, 2, 1, 0,
       2, 3, 2, 2, 3, 3, 3, 3, 0, 0, 1, 0, 1, 0, 0, 0, 3, 2, 0, 2, 3, 3,
       3, 1, 0, 3, 3, 1, 2, 3, 3, 2, 0, 3, 1, 0, 2, 1, 3, 1, 2, 2, 0, 2,
       2, 1, 3, 2, 2, 3, 3, 1, 3, 1, 3, 2, 0, 3, 2, 1, 0, 2, 1, 2, 1, 2,
       1, 3, 3, 2, 0, 2, 2, 0, 0, 0, 3, 2, 0, 3, 0, 0, 0, 0, 0, 2, 2, 0,
       2, 0, 2, 1, 3, 1, 2, 0, 2, 0], dtype=object)]
[9, array([-30003. , -15001.5, -15001.5,      0. ]), array([2, 2, 2, 2, 0, 2, 2, 1, 1, 1, 0, 3, 3, 1, 1, 3, 2, 0, 0, 0, 1, 0,
       3, 0, 2, 0, 2, 2, 2, 3, 0, 2, 2, 2, 2, 0, 1, 1, 2, 2, 1, 3, 2, 0,
       3, 3, 1, 2, 1, 3, 3, 1, 1, 2, 3, 2, 0, 1, 1, 2, 1, 0, 1, 0, 0, 0,
       2, 3, 0, 1, 1, 1, 0, 2, 0, 2, 1, 0, 0, 1, 0, 1, 3, 1, 1, 0, 1, 0,
       0, 2, 2, 1, 1, 0, 1, 2, 0, 0, 3, 0, 1, 1, 0, 1, 1, 1, 2, 2, 1, 0,
       2, 3, 2, 2, 3, 3, 3, 3, 0, 0, 1, 0, 1, 0, 0, 0, 3, 2, 0, 2, 3, 3,
       3, 1, 0, 3, 3, 1, 2, 3, 3, 2, 0, 3, 1, 0, 2, 1, 3, 3, 2, 2, 0, 2,
       2, 1, 3, 2, 2, 3, 3, 1, 3, 1, 3, 2, 0, 3, 2, 0, 0, 2, 1, 2, 1, 2,
       1, 3, 3, 2, 0, 2, 2, 0, 0, 0, 3, 2, 0, 3, 0, 0, 0, 0, 0, 2, 2, 0,
       2, 0, 1, 1, 3, 1, 1, 1, 2, 0], dtype=object)]
[9, array([-30003. , -15001.5, -15001.5,      0. ]), array([2, 2, 2, 2, 0, 2, 2, 1, 1, 1, 0, 3, 3, 1, 1, 3, 2, 0, 0, 0, 1, 0,
       3, 0, 2, 0, 2, 2, 2, 3, 0, 2, 2, 2, 2, 0, 1, 1, 2, 2, 1, 3, 2, 0,
       3, 3, 1, 2, 1, 3, 3, 1, 1, 2, 3, 2, 0, 1, 1, 2, 1, 0, 1, 0, 0, 0,
       2, 3, 0, 1, 1, 1, 0, 2, 0, 2, 1, 0, 0, 1, 0, 1, 3, 1, 1, 0, 1, 0,
       0, 2, 2, 1, 1, 0, 1, 2, 0, 0, 3, 0, 1, 1, 0, 1, 1, 1, 2, 2, 1, 0,
       2, 3, 2, 2, 3, 3, 3, 3, 0, 0, 1, 0, 1, 0, 0, 0, 3, 2, 0, 2, 3, 3,
       3, 1, 0, 3, 3, 1, 2, 3, 3, 2, 0, 3, 1, 0, 2, 1, 3, 3, 2, 2, 0, 2,
       2, 1, 3, 2, 2, 3, 3, 1, 3, 1, 3, 2, 0, 3, 2, 0, 0, 2, 1, 2, 1, 2,
       1, 3, 3, 2, 0, 2, 2, 0, 0, 0, 3, 2, 0, 3, 0, 0, 0, 0, 0, 2, 2, 0,
       2, 0, 1, 1, 3, 1, 1, 1, 2, 0], dtype=object)]
[9, array([-30003. , -15001.5, -15001.5,      0. ]), array([2, 2, 2, 2, 0, 2, 2, 1, 1, 1, 0, 3, 3, 1, 1, 3, 2, 0, 0, 0, 1, 0,
       3, 0, 2, 0, 2, 2, 2, 3, 0, 2, 2, 2, 2, 0, 1, 1, 2, 2, 1, 3, 2, 0,
       3, 3, 1, 2, 1, 3, 3, 1, 1, 2, 3, 2, 0, 1, 1, 2, 1, 0, 1, 0, 0, 0,
       2, 3, 0, 1, 1, 1, 0, 2, 0, 2, 1, 0, 0, 1, 0, 1, 3, 1, 1, 0, 1, 0,
       0, 2, 2, 1, 1, 0, 1, 2, 0, 0, 3, 0, 1, 1, 0, 1, 1, 1, 2, 2, 1, 0,
       2, 3, 2, 2, 3, 3, 3, 3, 0, 0, 1, 0, 1, 0, 0, 0, 3, 2, 0, 2, 3, 3,
       3, 1, 0, 3, 3, 1, 2, 3, 3, 2, 0, 3, 1, 0, 2, 1, 3, 3, 2, 2, 0, 2,
       2, 1, 3, 2, 2, 3, 3, 1, 3, 1, 3, 2, 0, 3, 2, 0, 0, 2, 1, 2, 1, 2,
       1, 3, 3, 2, 0, 2, 2, 0, 0, 0, 3, 2, 0, 3, 0, 0, 0, 0, 0, 2, 2, 0,
       2, 0, 1, 1, 3, 1, 1, 1, 2, 0], dtype=object)]
[9, array([-30003. , -15001.5, -15001.5,      0. ]), array([2, 2, 2, 2, 0, 2, 2, 1, 1, 1, 0, 3, 3, 1, 1, 3, 2, 0, 0, 0, 1, 0,
       3, 0, 2, 0, 2, 2, 2, 3, 0, 2, 2, 2, 2, 0, 1, 1, 2, 2, 1, 3, 2, 0,
       3, 3, 1, 2, 1, 3, 3, 1, 1, 2, 3, 2, 0, 1, 1, 2, 1, 0, 1, 0, 0, 0,
       2, 3, 0, 1, 1, 1, 0, 2, 0, 2, 1, 0, 0, 1, 0, 1, 3, 1, 1, 0, 1, 0,
       0, 2, 2, 1, 1, 0, 1, 2, 0, 0, 3, 0, 1, 1, 0, 1, 1, 1, 2, 2, 1, 0,
       2, 3, 2, 2, 3, 3, 3, 3, 0, 0, 1, 0, 1, 0, 0, 0, 3, 2, 0, 2, 3, 3,
       3, 1, 0, 3, 3, 1, 2, 3, 3, 2, 0, 3, 1, 0, 2, 1, 3, 3, 2, 2, 0, 2,
       2, 1, 3, 2, 2, 3, 3, 1, 3, 1, 3, 2, 0, 3, 2, 0, 0, 2, 1, 2, 1, 2,
       1, 3, 3, 2, 0, 2, 2, 0, 0, 0, 3, 2, 0, 3, 0, 0, 0, 0, 0, 2, 2, 0,
       2, 0, 1, 1, 3, 1, 1, 1, 2, 0], dtype=object)]
[10, array([-30003. , -15001.5, -15001.5,      0. ]), array([2, 2, 2, 2, 0, 2, 2, 1, 1, 1, 0, 3, 3, 1, 1, 3, 2, 0, 0, 0, 1, 0,
       3, 0, 2, 0, 2, 2, 2, 3, 0, 2, 2, 2, 2, 0, 1, 1, 2, 2, 1, 3, 2, 0,
       3, 3, 1, 2, 1, 3, 3, 1, 1, 2, 3, 2, 0, 1, 1, 2, 1, 0, 1, 0, 0, 0,
       2, 3, 0, 1, 1, 1, 0, 2, 0, 2, 1, 0, 0, 1, 0, 1, 3, 1, 1, 0, 1, 0,
       0, 2, 2, 1, 1, 0, 1, 2, 0, 0, 3, 0, 1, 1, 0, 1, 1, 1, 2, 2, 1, 0,
       2, 3, 2, 2, 3, 3, 3, 3, 0, 1, 1, 0, 1, 0, 0, 0, 3, 2, 0, 2, 3, 3,
       3, 1, 0, 3, 3, 1, 2, 3, 3, 2, 0, 3, 1, 0, 2, 1, 3, 3, 2, 2, 0, 2,
       2, 1, 3, 2, 2, 3, 3, 1, 3, 1, 3, 2, 0, 3, 2, 0, 0, 2, 1, 2, 1, 2,
       1, 3, 3, 2, 0, 2, 2, 0, 0, 3, 3, 2, 0, 3, 0, 0, 0, 0, 0, 2, 2, 0,
       0, 0, 1, 1, 3, 1, 1, 1, 2, 0], dtype=object)]
[10, array([-30003. , -15001.5, -15001.5,      0. ]), array([2, 2, 2, 2, 0, 2, 2, 1, 1, 1, 0, 3, 3, 1, 1, 3, 2, 0, 0, 0, 1, 0,
       3, 0, 2, 0, 2, 2, 2, 3, 0, 2, 2, 2, 2, 0, 1, 1, 2, 2, 1, 3, 2, 0,
       3, 3, 1, 2, 1, 3, 3, 1, 1, 2, 3, 2, 0, 1, 1, 2, 1, 0, 1, 0, 0, 0,
       2, 3, 0, 1, 1, 1, 0, 2, 0, 2, 1, 0, 0, 1, 0, 1, 3, 1, 1, 0, 1, 0,
       0, 2, 2, 1, 1, 0, 1, 2, 0, 0, 3, 0, 1, 1, 0, 1, 1, 1, 2, 2, 1, 0,
       2, 3, 2, 2, 3, 3, 3, 3, 0, 1, 1, 0, 1, 0, 0, 0, 3, 2, 0, 2, 3, 3,
       3, 1, 0, 3, 3, 1, 2, 3, 3, 2, 0, 3, 1, 0, 2, 1, 3, 3, 2, 2, 0, 2,
       2, 1, 3, 2, 2, 3, 3, 1, 3, 1, 3, 2, 0, 3, 2, 0, 0, 2, 1, 2, 1, 2,
       1, 3, 3, 2, 0, 2, 2, 0, 0, 3, 3, 2, 0, 3, 0, 0, 0, 0, 0, 2, 2, 0,
       0, 0, 1, 1, 3, 1, 1, 1, 2, 0], dtype=object)]
[10, array([-30003. , -15001.5, -15001.5,      0. ]), array([2, 2, 2, 2, 0, 2, 2, 1, 1, 1, 0, 3, 3, 1, 1, 3, 2, 0, 0, 0, 1, 0,
       3, 0, 2, 0, 2, 2, 2, 3, 0, 2, 2, 2, 2, 0, 1, 1, 2, 2, 1, 3, 2, 0,
       3, 3, 1, 2, 1, 3, 3, 1, 1, 2, 3, 2, 0, 1, 1, 2, 1, 0, 1, 0, 0, 0,
       2, 3, 0, 1, 1, 1, 0, 2, 0, 2, 1, 0, 0, 1, 0, 1, 3, 1, 1, 0, 1, 0,
       0, 2, 2, 1, 1, 0, 1, 2, 0, 0, 3, 0, 1, 1, 0, 1, 1, 1, 2, 2, 1, 0,
       2, 3, 2, 2, 3, 3, 3, 3, 0, 1, 1, 0, 1, 0, 0, 0, 3, 2, 0, 2, 3, 3,
       3, 1, 0, 3, 3, 1, 2, 3, 3, 2, 0, 3, 1, 0, 2, 1, 3, 3, 2, 2, 0, 2,
       2, 1, 3, 2, 2, 3, 3, 1, 3, 1, 3, 2, 0, 3, 2, 0, 0, 2, 1, 2, 1, 2,
       1, 3, 3, 2, 0, 2, 2, 0, 0, 3, 3, 2, 0, 3, 0, 0, 0, 0, 0, 2, 2, 0,
       0, 0, 1, 1, 3, 1, 1, 1, 2, 0], dtype=object)]
[10, array([-30003. , -15001.5, -15001.5,      0. ]), array([2, 2, 2, 2, 0, 2, 2, 1, 1, 1, 0, 3, 3, 1, 1, 3, 2, 0, 0, 0, 1, 0,
       3, 0, 2, 0, 2, 2, 2, 3, 0, 2, 2, 2, 2, 0, 1, 1, 2, 2, 1, 3, 2, 0,
       3, 3, 1, 2, 1, 3, 3, 1, 1, 2, 3, 2, 0, 1, 1, 2, 1, 0, 1, 0, 0, 0,
       2, 3, 0, 1, 1, 1, 0, 2, 0, 2, 1, 0, 0, 1, 0, 1, 3, 1, 1, 0, 1, 0,
       0, 2, 2, 1, 1, 0, 1, 2, 0, 0, 3, 0, 1, 1, 0, 1, 1, 1, 2, 2, 1, 0,
       2, 3, 2, 2, 3, 3, 3, 3, 0, 1, 1, 0, 1, 0, 0, 0, 3, 2, 0, 2, 3, 3,
       3, 1, 0, 3, 3, 1, 2, 3, 3, 2, 0, 3, 1, 0, 2, 1, 3, 3, 2, 2, 0, 2,
       2, 1, 3, 2, 2, 3, 3, 1, 3, 1, 3, 2, 0, 3, 2, 0, 0, 2, 1, 2, 1, 2,
       1, 3, 3, 2, 0, 2, 2, 0, 0, 3, 3, 2, 0, 3, 0, 0, 0, 0, 0, 2, 2, 0,
       0, 0, 1, 1, 3, 1, 1, 1, 2, 0], dtype=object)]
[11, array([-30003. , -15001.5, -15001.5,      0. ]), array([1, 0, 0, 2, 2, 2, 2, 1, 1, 1, 0, 3, 3, 1, 1, 3, 2, 0, 0, 0, 1, 0,
       3, 0, 2, 0, 2, 2, 2, 3, 0, 2, 2, 2, 2, 0, 1, 1, 2, 2, 1, 3, 2, 0,
       3, 3, 1, 2, 1, 3, 3, 1, 1, 2, 3, 2, 0, 1, 1, 2, 1, 0, 1, 0, 0, 0,
       2, 3, 0, 1, 1, 1, 0, 2, 0, 2, 1, 0, 0, 1, 0, 1, 3, 1, 1, 0, 1, 0,
       0, 2, 2, 1, 1, 0, 1, 2, 0, 0, 3, 0, 1, 1, 0, 1, 1, 1, 2, 2, 1, 0,
       2, 3, 2, 2, 3, 3, 3, 3, 0, 1, 1, 0, 1, 0, 0, 0, 3, 2, 0, 2, 3, 3,
       3, 1, 0, 3, 3, 1, 2, 3, 3, 2, 0, 3, 1, 0, 2, 1, 3, 3, 2, 2, 0, 2,
       2, 1, 3, 2, 2, 3, 3, 1, 3, 1, 3, 2, 0, 3, 2, 0, 0, 2, 1, 2, 1, 2,
       1, 3, 3, 2, 0, 2, 2, 0, 0, 3, 3, 2, 0, 3, 0, 0, 0, 0, 0, 2, 2, 0,
       0, 0, 1, 1, 3, 1, 1, 1, 2, 0], dtype=object)]
[11, array([-30003. , -15001.5, -15001.5,      0. ]), array([1, 0, 0, 2, 2, 2, 2, 1, 1, 1, 0, 3, 3, 1, 1, 3, 2, 0, 0, 0, 1, 0,
       3, 0, 2, 0, 2, 2, 2, 3, 0, 2, 2, 2, 2, 0, 1, 1, 2, 2, 1, 3, 2, 0,
       3, 3, 1, 2, 1, 3, 3, 1, 1, 2, 3, 2, 0, 1, 1, 2, 1, 0, 1, 0, 0, 0,
       2, 3, 0, 1, 1, 1, 0, 2, 0, 2, 1, 0, 0, 1, 0, 1, 3, 1, 1, 0, 1, 0,
       0, 2, 2, 1, 1, 0, 1, 2, 0, 0, 3, 0, 1, 1, 0, 1, 1, 1, 2, 2, 1, 0,
       2, 3, 2, 2, 3, 3, 3, 3, 0, 1, 1, 0, 1, 0, 0, 0, 3, 2, 0, 2, 3, 3,
       3, 1, 0, 3, 3, 1, 2, 3, 3, 2, 0, 3, 1, 0, 2, 1, 3, 3, 2, 2, 0, 2,
       2, 1, 3, 2, 2, 3, 3, 1, 3, 1, 3, 2, 0, 3, 2, 0, 0, 2, 1, 2, 1, 2,
       1, 3, 3, 2, 0, 2, 2, 0, 0, 3, 3, 2, 0, 3, 0, 0, 0, 0, 0, 2, 2, 0,
       0, 0, 1, 1, 3, 1, 1, 1, 2, 0], dtype=object)]
[11, array([-30003. , -15001.5, -15001.5,      0. ]), array([1, 0, 0, 2, 2, 2, 2, 1, 1, 1, 0, 3, 3, 1, 1, 3, 2, 0, 0, 0, 1, 0,
       3, 0, 2, 0, 2, 2, 2, 3, 0, 2, 2, 2, 2, 0, 1, 1, 2, 2, 1, 3, 2, 0,
       3, 3, 1, 2, 1, 3, 3, 1, 1, 2, 3, 2, 0, 1, 1, 2, 1, 0, 1, 0, 0, 0,
       2, 3, 0, 1, 1, 1, 0, 2, 0, 2, 1, 0, 0, 1, 0, 1, 3, 1, 1, 0, 1, 0,
       0, 2, 2, 1, 1, 0, 1, 2, 0, 0, 3, 0, 1, 1, 0, 1, 1, 1, 2, 2, 1, 0,
       2, 3, 2, 2, 3, 3, 3, 3, 0, 1, 1, 0, 1, 0, 0, 0, 3, 2, 0, 2, 3, 3,
       3, 1, 0, 3, 3, 1, 2, 3, 3, 2, 0, 3, 1, 0, 2, 1, 3, 3, 2, 2, 0, 2,
       2, 1, 3, 2, 2, 3, 3, 1, 3, 1, 3, 2, 0, 3, 2, 0, 0, 2, 1, 2, 1, 2,
       1, 3, 3, 2, 0, 2, 2, 0, 0, 3, 3, 2, 0, 3, 0, 0, 0, 0, 0, 2, 2, 0,
       0, 0, 1, 1, 3, 1, 1, 1, 2, 0], dtype=object)]
[11, array([-30003. , -15001.5, -15001.5,      0. ]), array([1, 0, 0, 2, 2, 2, 2, 1, 1, 1, 0, 3, 3, 1, 1, 3, 2, 0, 0, 0, 1, 0,
       3, 0, 2, 0, 2, 2, 2, 3, 0, 2, 2, 2, 2, 0, 1, 1, 2, 2, 1, 3, 2, 0,
       3, 3, 1, 2, 1, 3, 3, 1, 1, 2, 3, 2, 0, 1, 1, 2, 1, 0, 1, 0, 0, 0,
       2, 3, 0, 1, 1, 1, 0, 2, 0, 2, 1, 0, 0, 1, 0, 1, 3, 1, 1, 0, 1, 0,
       0, 2, 2, 1, 1, 0, 1, 2, 0, 0, 3, 0, 1, 1, 0, 1, 1, 1, 2, 2, 1, 0,
       2, 3, 2, 2, 3, 3, 3, 3, 0, 1, 1, 0, 1, 0, 0, 0, 3, 2, 0, 2, 3, 3,
       3, 1, 0, 3, 3, 1, 2, 3, 3, 2, 0, 3, 1, 0, 2, 1, 3, 3, 2, 2, 0, 2,
       2, 1, 3, 2, 2, 3, 3, 1, 3, 1, 3, 2, 0, 3, 2, 0, 0, 2, 1, 2, 1, 2,
       1, 3, 3, 2, 0, 2, 2, 0, 0, 3, 3, 2, 0, 3, 0, 0, 0, 0, 0, 2, 2, 0,
       0, 0, 1, 1, 3, 1, 1, 1, 2, 0], dtype=object)]
[12, array([-14520.,  -7260.,  -7260.,      0.]), array([1, 3, 2, 2, 3, 2, 3, 3, 1, 2, 2, 2, 2, 3, 2, 1, 1, 0, 0, 3, 0, 2,
       3, 3, 3, 0, 1, 2, 2, 1, 1, 1, 3, 0, 2, 0, 3, 3, 3, 0, 3, 2, 0, 2,
       0, 3, 2, 2, 0, 0, 3, 1, 2, 3, 2, 1, 3, 3, 0, 1, 2, 1, 3, 3, 0, 1,
       3, 0, 1, 3, 1, 1, 0, 3, 2, 3, 1, 3, 0, 3, 2, 3, 1, 2, 1, 1, 3, 0,
       0, 2, 2, 1, 1, 0, 1, 2, 0, 0, 3, 0, 1, 1, 0, 1, 1, 1, 2, 2, 1, 0,
       2, 3, 2, 2, 3, 3, 3, 3, 0, 0, 1, 0, 1, 0, 0, 0, 3, 0, 0, 2, 3, 3,
       3, 1, 0, 3, 3, 1, 2, 3, 3, 2, 0, 3, 1, 0, 2, 1, 3, 3, 2, 2, 0, 2,
       2, 1, 3, 2, 2, 3, 3, 1, 0, 1, 3, 2, 0, 3, 2, 0, 0, 2, 1, 2, 1, 2,
       1, 3, 3, 2, 0, 2, 2, 0, 0, 3, 3, 2, 0, 3, 0, 0, 0, 0, 0, 2, 2, 0,
       0, 0, 1, 1, 3, 1, 1, 1, 2, 0], dtype=object)]
[12, array([-14520.,  -7260.,  -7260.,      0.]), array([1, 3, 2, 2, 3, 2, 3, 3, 1, 2, 2, 2, 2, 3, 2, 1, 1, 0, 0, 3, 0, 2,
       3, 3, 3, 0, 1, 2, 2, 1, 1, 1, 3, 0, 2, 0, 3, 3, 3, 0, 3, 2, 0, 2,
       0, 3, 2, 2, 0, 0, 3, 1, 2, 3, 2, 1, 3, 3, 0, 1, 2, 1, 3, 3, 0, 1,
       3, 0, 1, 3, 1, 1, 0, 3, 2, 3, 1, 3, 0, 3, 2, 3, 1, 2, 1, 1, 3, 0,
       0, 2, 2, 1, 1, 0, 1, 2, 0, 0, 3, 0, 1, 1, 0, 1, 1, 1, 2, 2, 1, 0,
       2, 3, 2, 2, 3, 3, 3, 3, 0, 0, 1, 0, 1, 0, 0, 0, 3, 0, 0, 2, 3, 3,
       3, 1, 0, 3, 3, 1, 2, 3, 3, 2, 0, 3, 1, 0, 2, 1, 3, 3, 2, 2, 0, 2,
       2, 1, 3, 2, 2, 3, 3, 1, 0, 1, 3, 2, 0, 3, 2, 0, 0, 2, 1, 2, 1, 2,
       1, 3, 3, 2, 0, 2, 2, 0, 0, 3, 3, 2, 0, 3, 0, 0, 0, 0, 0, 2, 2, 0,
       0, 0, 1, 1, 3, 1, 1, 1, 2, 0], dtype=object)]
[12, array([-14520.,  -7260.,  -7260.,      0.]), array([1, 3, 2, 2, 3, 2, 3, 3, 1, 2, 2, 2, 2, 3, 2, 1, 1, 0, 0, 3, 0, 2,
       3, 3, 3, 0, 1, 2, 2, 1, 1, 1, 3, 0, 2, 0, 3, 3, 3, 0, 3, 2, 0, 2,
       0, 3, 2, 2, 0, 0, 3, 1, 2, 3, 2, 1, 3, 3, 0, 1, 2, 1, 3, 3, 0, 1,
       3, 0, 1, 3, 1, 1, 0, 3, 2, 3, 1, 3, 0, 3, 2, 3, 1, 2, 1, 1, 3, 0,
       0, 2, 2, 1, 1, 0, 1, 2, 0, 0, 3, 0, 1, 1, 0, 1, 1, 1, 2, 2, 1, 0,
       2, 3, 2, 2, 3, 3, 3, 3, 0, 0, 1, 0, 1, 0, 0, 0, 3, 0, 0, 2, 3, 3,
       3, 1, 0, 3, 3, 1, 2, 3, 3, 2, 0, 3, 1, 0, 2, 1, 3, 3, 2, 2, 0, 2,
       2, 1, 3, 2, 2, 3, 3, 1, 0, 1, 3, 2, 0, 3, 2, 0, 0, 2, 1, 2, 1, 2,
       1, 3, 3, 2, 0, 2, 2, 0, 0, 3, 3, 2, 0, 3, 0, 0, 0, 0, 0, 2, 2, 0,
       0, 0, 1, 1, 3, 1, 1, 1, 2, 0], dtype=object)]
[12, array([-14520.,  -7260.,  -7260.,      0.]), array([1, 3, 2, 2, 3, 2, 3, 3, 1, 2, 2, 2, 2, 3, 2, 1, 1, 0, 0, 3, 0, 2,
       3, 3, 3, 0, 1, 2, 2, 1, 1, 1, 3, 0, 2, 0, 3, 3, 3, 0, 3, 2, 0, 2,
       0, 3, 2, 2, 0, 0, 3, 1, 2, 3, 2, 1, 3, 3, 0, 1, 2, 1, 3, 3, 0, 1,
       3, 0, 1, 3, 1, 1, 0, 3, 2, 3, 1, 3, 0, 3, 2, 3, 1, 2, 1, 1, 3, 0,
       0, 2, 2, 1, 1, 0, 1, 2, 0, 0, 3, 0, 1, 1, 0, 1, 1, 1, 2, 2, 1, 0,
       2, 3, 2, 2, 3, 3, 3, 3, 0, 0, 1, 0, 1, 0, 0, 0, 3, 0, 0, 2, 3, 3,
       3, 1, 0, 3, 3, 1, 2, 3, 3, 2, 0, 3, 1, 0, 2, 1, 3, 3, 2, 2, 0, 2,
       2, 1, 3, 2, 2, 3, 3, 1, 0, 1, 3, 2, 0, 3, 2, 0, 0, 2, 1, 2, 1, 2,
       1, 3, 3, 2, 0, 2, 2, 0, 0, 3, 3, 2, 0, 3, 0, 0, 0, 0, 0, 2, 2, 0,
       0, 0, 1, 1, 3, 1, 1, 1, 2, 0], dtype=object)]
[13, array([-30003. , -15001.5, -15001.5,      0. ]), array([2, 2, 2, 2, 0, 2, 2, 1, 1, 1, 0, 3, 3, 1, 1, 3, 2, 0, 0, 0, 1, 0,
       3, 0, 2, 0, 2, 2, 2, 3, 0, 2, 2, 2, 2, 0, 1, 1, 2, 2, 1, 3, 2, 0,
       3, 3, 1, 2, 1, 3, 3, 1, 1, 2, 3, 2, 0, 1, 1, 2, 1, 0, 1, 0, 0, 0,
       2, 3, 0, 1, 1, 1, 0, 2, 0, 2, 1, 0, 0, 1, 0, 1, 3, 1, 1, 0, 1, 0,
       0, 2, 2, 1, 1, 0, 1, 2, 0, 0, 3, 0, 1, 1, 0, 1, 1, 1, 2, 2, 1, 0,
       2, 3, 2, 2, 3, 3, 3, 3, 0, 1, 1, 0, 1, 0, 0, 0, 3, 2, 0, 2, 3, 3,
       3, 1, 0, 3, 3, 1, 2, 3, 3, 2, 0, 3, 1, 0, 2, 1, 3, 3, 2, 2, 0, 2,
       2, 1, 3, 2, 2, 3, 3, 1, 3, 1, 3, 2, 0, 3, 2, 0, 0, 2, 1, 2, 1, 2,
       1, 3, 3, 2, 0, 2, 2, 0, 0, 3, 3, 2, 0, 3, 0, 0, 0, 0, 0, 2, 2, 0,
       0, 0, 1, 1, 3, 1, 1, 1, 2, 0], dtype=object)]
[13, array([-30003. , -15001.5, -15001.5,      0. ]), array([2, 2, 2, 2, 0, 2, 2, 1, 1, 1, 0, 3, 3, 1, 1, 3, 2, 0, 0, 0, 1, 0,
       3, 0, 2, 0, 2, 2, 2, 3, 0, 2, 2, 2, 2, 0, 1, 1, 2, 2, 1, 3, 2, 0,
       3, 3, 1, 2, 1, 3, 3, 1, 1, 2, 3, 2, 0, 1, 1, 2, 1, 0, 1, 0, 0, 0,
       2, 3, 0, 1, 1, 1, 0, 2, 0, 2, 1, 0, 0, 1, 0, 1, 3, 1, 1, 0, 1, 0,
       0, 2, 2, 1, 1, 0, 1, 2, 0, 0, 3, 0, 1, 1, 0, 1, 1, 1, 2, 2, 1, 0,
       2, 3, 2, 2, 3, 3, 3, 3, 0, 1, 1, 0, 1, 0, 0, 0, 3, 2, 0, 2, 3, 3,
       3, 1, 0, 3, 3, 1, 2, 3, 3, 2, 0, 3, 1, 0, 2, 1, 3, 3, 2, 2, 0, 2,
       2, 1, 3, 2, 2, 3, 3, 1, 3, 1, 3, 2, 0, 3, 2, 0, 0, 2, 1, 2, 1, 2,
       1, 3, 3, 2, 0, 2, 2, 0, 0, 3, 3, 2, 0, 3, 0, 0, 0, 0, 0, 2, 2, 0,
       0, 0, 1, 1, 3, 1, 1, 1, 2, 0], dtype=object)]
[13, array([-30003. , -15001.5, -15001.5,      0. ]), array([2, 2, 2, 2, 0, 2, 2, 1, 1, 1, 0, 3, 3, 1, 1, 3, 2, 0, 0, 0, 1, 0,
       3, 0, 2, 0, 2, 2, 2, 3, 0, 2, 2, 2, 2, 0, 1, 1, 2, 2, 1, 3, 2, 0,
       3, 3, 1, 2, 1, 3, 3, 1, 1, 2, 3, 2, 0, 1, 1, 2, 1, 0, 1, 0, 0, 0,
       2, 3, 0, 1, 1, 1, 0, 2, 0, 2, 1, 0, 0, 1, 0, 1, 3, 1, 1, 0, 1, 0,
       0, 2, 2, 1, 1, 0, 1, 2, 0, 0, 3, 0, 1, 1, 0, 1, 1, 1, 2, 2, 1, 0,
       2, 3, 2, 2, 3, 3, 3, 3, 0, 1, 1, 0, 1, 0, 0, 0, 3, 2, 0, 2, 3, 3,
       3, 1, 0, 3, 3, 1, 2, 3, 3, 2, 0, 3, 1, 0, 2, 1, 3, 3, 2, 2, 0, 2,
       2, 1, 3, 2, 2, 3, 3, 1, 3, 1, 3, 2, 0, 3, 2, 0, 0, 2, 1, 2, 1, 2,
       1, 3, 3, 2, 0, 2, 2, 0, 0, 3, 3, 2, 0, 3, 0, 0, 0, 0, 0, 2, 2, 0,
       0, 0, 1, 1, 3, 1, 1, 1, 2, 0], dtype=object)]
[13, array([-30003. , -15001.5, -15001.5,      0. ]), array([2, 2, 2, 2, 0, 2, 2, 1, 1, 1, 0, 3, 3, 1, 1, 3, 2, 0, 0, 0, 1, 0,
       3, 0, 2, 0, 2, 2, 2, 3, 0, 2, 2, 2, 2, 0, 1, 1, 2, 2, 1, 3, 2, 0,
       3, 3, 1, 2, 1, 3, 3, 1, 1, 2, 3, 2, 0, 1, 1, 2, 1, 0, 1, 0, 0, 0,
       2, 3, 0, 1, 1, 1, 0, 2, 0, 2, 1, 0, 0, 1, 0, 1, 3, 1, 1, 0, 1, 0,
       0, 2, 2, 1, 1, 0, 1, 2, 0, 0, 3, 0, 1, 1, 0, 1, 1, 1, 2, 2, 1, 0,
       2, 3, 2, 2, 3, 3, 3, 3, 0, 1, 1, 0, 1, 0, 0, 0, 3, 2, 0, 2, 3, 3,
       3, 1, 0, 3, 3, 1, 2, 3, 3, 2, 0, 3, 1, 0, 2, 1, 3, 3, 2, 2, 0, 2,
       2, 1, 3, 2, 2, 3, 3, 1, 3, 1, 3, 2, 0, 3, 2, 0, 0, 2, 1, 2, 1, 2,
       1, 3, 3, 2, 0, 2, 2, 0, 0, 3, 3, 2, 0, 3, 0, 0, 0, 0, 0, 2, 2, 0,
       0, 0, 1, 1, 3, 1, 1, 1, 2, 0], dtype=object)]
[14, array([-30003. , -15001.5, -15001.5,      0. ]), array([2, 2, 2, 2, 0, 2, 2, 1, 1, 1, 0, 3, 3, 1, 1, 3, 2, 0, 0, 0, 1, 0,
       3, 0, 2, 0, 2, 2, 2, 3, 0, 2, 2, 2, 2, 0, 1, 1, 2, 2, 1, 3, 2, 0,
       3, 3, 1, 2, 1, 3, 3, 1, 1, 2, 3, 2, 0, 1, 1, 2, 1, 0, 1, 1, 0, 0,
       2, 3, 0, 1, 1, 1, 0, 2, 0, 2, 1, 0, 0, 1, 0, 1, 3, 1, 1, 0, 1, 0,
       0, 2, 2, 1, 0, 0, 1, 2, 0, 0, 3, 0, 1, 1, 0, 1, 1, 1, 2, 2, 1, 0,
       2, 3, 2, 2, 3, 3, 3, 3, 0, 1, 1, 0, 1, 0, 0, 0, 3, 2, 0, 2, 3, 3,
       3, 1, 0, 3, 3, 1, 2, 3, 3, 2, 0, 3, 1, 0, 2, 1, 3, 3, 2, 2, 0, 2,
       2, 1, 3, 2, 2, 3, 3, 1, 3, 1, 3, 2, 0, 3, 2, 0, 0, 2, 1, 2, 1, 2,
       1, 3, 3, 2, 0, 2, 2, 0, 0, 3, 3, 2, 0, 3, 0, 0, 0, 0, 0, 2, 2, 0,
       0, 0, 1, 1, 3, 1, 1, 1, 2, 0], dtype=object)]
[14, array([-30003. , -15001.5, -15001.5,      0. ]), array([2, 2, 2, 2, 0, 2, 2, 1, 1, 1, 0, 3, 3, 1, 1, 3, 2, 0, 0, 0, 1, 0,
       3, 0, 2, 0, 2, 2, 2, 3, 0, 2, 2, 2, 2, 0, 1, 1, 2, 2, 1, 3, 2, 0,
       3, 3, 1, 2, 1, 3, 3, 1, 1, 2, 3, 2, 0, 1, 1, 2, 1, 0, 1, 1, 0, 0,
       2, 3, 0, 1, 1, 1, 0, 2, 0, 2, 1, 0, 0, 1, 0, 1, 3, 1, 1, 0, 1, 0,
       0, 2, 2, 1, 0, 0, 1, 2, 0, 0, 3, 0, 1, 1, 0, 1, 1, 1, 2, 2, 1, 0,
       2, 3, 2, 2, 3, 3, 3, 3, 0, 1, 1, 0, 1, 0, 0, 0, 3, 2, 0, 2, 3, 3,
       3, 1, 0, 3, 3, 1, 2, 3, 3, 2, 0, 3, 1, 0, 2, 1, 3, 3, 2, 2, 0, 2,
       2, 1, 3, 2, 2, 3, 3, 1, 3, 1, 3, 2, 0, 3, 2, 0, 0, 2, 1, 2, 1, 2,
       1, 3, 3, 2, 0, 2, 2, 0, 0, 3, 3, 2, 0, 3, 0, 0, 0, 0, 0, 2, 2, 0,
       0, 0, 1, 1, 3, 1, 1, 1, 2, 0], dtype=object)]
[14, array([-30003. , -15001.5, -15001.5,      0. ]), array([2, 2, 2, 2, 0, 2, 2, 1, 1, 1, 0, 3, 3, 1, 1, 3, 2, 0, 0, 0, 1, 0,
       3, 0, 2, 0, 2, 2, 2, 3, 0, 2, 2, 2, 2, 0, 1, 1, 2, 2, 1, 3, 2, 0,
       3, 3, 1, 2, 1, 3, 3, 1, 1, 2, 3, 2, 0, 1, 1, 2, 1, 0, 1, 1, 0, 0,
       2, 3, 0, 1, 1, 1, 0, 2, 0, 2, 1, 0, 0, 1, 0, 1, 3, 1, 1, 0, 1, 0,
       0, 2, 2, 1, 0, 0, 1, 2, 0, 0, 3, 0, 1, 1, 0, 1, 1, 1, 2, 2, 1, 0,
       2, 3, 2, 2, 3, 3, 3, 3, 0, 1, 1, 0, 1, 0, 0, 0, 3, 2, 0, 2, 3, 3,
       3, 1, 0, 3, 3, 1, 2, 3, 3, 2, 0, 3, 1, 0, 2, 1, 3, 3, 2, 2, 0, 2,
       2, 1, 3, 2, 2, 3, 3, 1, 3, 1, 3, 2, 0, 3, 2, 0, 0, 2, 1, 2, 1, 2,
       1, 3, 3, 2, 0, 2, 2, 0, 0, 3, 3, 2, 0, 3, 0, 0, 0, 0, 0, 2, 2, 0,
       0, 0, 1, 1, 3, 1, 1, 1, 2, 0], dtype=object)]
[14, array([-30003. , -15001.5, -15001.5,      0. ]), array([2, 2, 2, 2, 0, 2, 2, 1, 1, 1, 0, 3, 3, 1, 1, 3, 2, 0, 0, 0, 1, 0,
       3, 0, 2, 0, 2, 2, 2, 3, 0, 2, 2, 2, 2, 0, 1, 1, 2, 2, 1, 3, 2, 0,
       3, 3, 1, 2, 1, 3, 3, 1, 1, 2, 3, 2, 0, 1, 1, 2, 1, 0, 1, 1, 0, 0,
       2, 3, 0, 1, 1, 1, 0, 2, 0, 2, 1, 0, 0, 1, 0, 1, 3, 1, 1, 0, 1, 0,
       0, 2, 2, 1, 0, 0, 1, 2, 0, 0, 3, 0, 1, 1, 0, 1, 1, 1, 2, 2, 1, 0,
       2, 3, 2, 2, 3, 3, 3, 3, 0, 1, 1, 0, 1, 0, 0, 0, 3, 2, 0, 2, 3, 3,
       3, 1, 0, 3, 3, 1, 2, 3, 3, 2, 0, 3, 1, 0, 2, 1, 3, 3, 2, 2, 0, 2,
       2, 1, 3, 2, 2, 3, 3, 1, 3, 1, 3, 2, 0, 3, 2, 0, 0, 2, 1, 2, 1, 2,
       1, 3, 3, 2, 0, 2, 2, 0, 0, 3, 3, 2, 0, 3, 0, 0, 0, 0, 0, 2, 2, 0,
       0, 0, 1, 1, 3, 1, 1, 1, 2, 0], dtype=object)]
[15, array([-30003. , -15001.5, -15001.5,      0. ]), array([2, 2, 2, 2, 0, 2, 2, 1, 1, 1, 0, 3, 3, 1, 1, 3, 2, 0, 0, 0, 1, 0,
       3, 0, 2, 0, 2, 2, 2, 3, 0, 2, 2, 2, 2, 0, 1, 1, 2, 2, 1, 3, 2, 0,
       3, 3, 1, 2, 1, 3, 3, 1, 1, 2, 3, 2, 0, 1, 1, 2, 1, 0, 1, 1, 0, 0,
       2, 3, 0, 1, 1, 1, 0, 2, 0, 2, 1, 0, 0, 1, 0, 1, 3, 1, 1, 0, 1, 0,
       0, 2, 2, 1, 0, 0, 1, 2, 0, 0, 3, 0, 1, 1, 0, 1, 1, 1, 2, 2, 1, 0,
       2, 3, 2, 2, 3, 3, 3, 3, 0, 1, 1, 0, 1, 0, 0, 0, 3, 2, 0, 2, 3, 3,
       3, 1, 0, 3, 3, 1, 2, 3, 3, 2, 0, 3, 1, 0, 2, 1, 3, 3, 2, 2, 0, 2,
       2, 1, 3, 2, 2, 3, 3, 1, 3, 1, 3, 2, 0, 3, 2, 0, 0, 2, 1, 2, 1, 2,
       1, 3, 3, 2, 0, 2, 2, 0, 0, 3, 3, 2, 0, 3, 0, 0, 0, 0, 0, 2, 0, 2,
       0, 0, 3, 1, 0, 0, 0, 3, 0, 2], dtype=object)]
[15, array([-30003. , -15001.5, -15001.5,      0. ]), array([2, 2, 2, 2, 0, 2, 2, 1, 1, 1, 0, 3, 3, 1, 1, 3, 2, 0, 0, 0, 1, 0,
       3, 0, 2, 0, 2, 2, 2, 3, 0, 2, 2, 2, 2, 0, 1, 1, 2, 2, 1, 3, 2, 0,
       3, 3, 1, 2, 1, 3, 3, 1, 1, 2, 3, 2, 0, 1, 1, 2, 1, 0, 1, 1, 0, 0,
       2, 3, 0, 1, 1, 1, 0, 2, 0, 2, 1, 0, 0, 1, 0, 1, 3, 1, 1, 0, 1, 0,
       0, 2, 2, 1, 0, 0, 1, 2, 0, 0, 3, 0, 1, 1, 0, 1, 1, 1, 2, 2, 1, 0,
       2, 3, 2, 2, 3, 3, 3, 3, 0, 1, 1, 0, 1, 0, 0, 0, 3, 2, 0, 2, 3, 3,
       3, 1, 0, 3, 3, 1, 2, 3, 3, 2, 0, 3, 1, 0, 2, 1, 3, 3, 2, 2, 0, 2,
       2, 1, 3, 2, 2, 3, 3, 1, 3, 1, 3, 2, 0, 3, 2, 0, 0, 2, 1, 2, 1, 2,
       1, 3, 3, 2, 0, 2, 2, 0, 0, 3, 3, 2, 0, 3, 0, 0, 0, 0, 0, 2, 0, 2,
       0, 0, 3, 1, 0, 0, 0, 3, 0, 2], dtype=object)]
[15, array([-30003. , -15001.5, -15001.5,      0. ]), array([2, 2, 2, 2, 0, 2, 2, 1, 1, 1, 0, 3, 3, 1, 1, 3, 2, 0, 0, 0, 1, 0,
       3, 0, 2, 0, 2, 2, 2, 3, 0, 2, 2, 2, 2, 0, 1, 1, 2, 2, 1, 3, 2, 0,
       3, 3, 1, 2, 1, 3, 3, 1, 1, 2, 3, 2, 0, 1, 1, 2, 1, 0, 1, 1, 0, 0,
       2, 3, 0, 1, 1, 1, 0, 2, 0, 2, 1, 0, 0, 1, 0, 1, 3, 1, 1, 0, 1, 0,
       0, 2, 2, 1, 0, 0, 1, 2, 0, 0, 3, 0, 1, 1, 0, 1, 1, 1, 2, 2, 1, 0,
       2, 3, 2, 2, 3, 3, 3, 3, 0, 1, 1, 0, 1, 0, 0, 0, 3, 2, 0, 2, 3, 3,
       3, 1, 0, 3, 3, 1, 2, 3, 3, 2, 0, 3, 1, 0, 2, 1, 3, 3, 2, 2, 0, 2,
       2, 1, 3, 2, 2, 3, 3, 1, 3, 1, 3, 2, 0, 3, 2, 0, 0, 2, 1, 2, 1, 2,
       1, 3, 3, 2, 0, 2, 2, 0, 0, 3, 3, 2, 0, 3, 0, 0, 0, 0, 0, 2, 0, 2,
       0, 0, 3, 1, 0, 0, 0, 3, 0, 2], dtype=object)]
[15, array([-30003. , -15001.5, -15001.5,      0. ]), array([2, 2, 2, 2, 0, 2, 2, 1, 1, 1, 0, 3, 3, 1, 1, 3, 2, 0, 0, 0, 1, 0,
       3, 0, 2, 0, 2, 2, 2, 3, 0, 2, 2, 2, 2, 0, 1, 1, 2, 2, 1, 3, 2, 0,
       3, 3, 1, 2, 1, 3, 3, 1, 1, 2, 3, 2, 0, 1, 1, 2, 1, 0, 1, 1, 0, 0,
       2, 3, 0, 1, 1, 1, 0, 2, 0, 2, 1, 0, 0, 1, 0, 1, 3, 1, 1, 0, 1, 0,
       0, 2, 2, 1, 0, 0, 1, 2, 0, 0, 3, 0, 1, 1, 0, 1, 1, 1, 2, 2, 1, 0,
       2, 3, 2, 2, 3, 3, 3, 3, 0, 1, 1, 0, 1, 0, 0, 0, 3, 2, 0, 2, 3, 3,
       3, 1, 0, 3, 3, 1, 2, 3, 3, 2, 0, 3, 1, 0, 2, 1, 3, 3, 2, 2, 0, 2,
       2, 1, 3, 2, 2, 3, 3, 1, 3, 1, 3, 2, 0, 3, 2, 0, 0, 2, 1, 2, 1, 2,
       1, 3, 3, 2, 0, 2, 2, 0, 0, 3, 3, 2, 0, 3, 0, 0, 0, 0, 0, 2, 0, 2,
       0, 0, 3, 1, 0, 0, 0, 3, 0, 2], dtype=object)]
[16, array([-30003. , -15001.5, -15001.5,      0. ]), array([2, 2, 2, 2, 0, 2, 2, 1, 1, 2, 0, 3, 1, 1, 1, 3, 2, 0, 0, 0, 1, 0,
       3, 0, 2, 0, 2, 2, 2, 3, 0, 2, 2, 2, 2, 0, 2, 1, 2, 2, 1, 3, 2, 0,
       3, 3, 1, 2, 1, 3, 3, 1, 1, 2, 3, 2, 0, 1, 1, 2, 1, 0, 1, 0, 0, 0,
       2, 3, 0, 1, 1, 1, 0, 2, 0, 2, 1, 0, 0, 1, 0, 1, 3, 1, 1, 0, 1, 0,
       0, 2, 2, 1, 1, 0, 1, 2, 0, 0, 3, 0, 1, 1, 0, 1, 1, 1, 2, 2, 1, 0,
       2, 3, 2, 2, 3, 3, 3, 3, 0, 1, 1, 0, 1, 0, 0, 0, 3, 2, 0, 2, 3, 3,
       3, 1, 1, 3, 3, 1, 2, 3, 3, 2, 0, 3, 1, 0, 2, 1, 3, 3, 2, 2, 0, 2,
       2, 1, 3, 2, 2, 3, 3, 1, 3, 1, 3, 2, 0, 3, 2, 0, 0, 2, 1, 2, 1, 2,
       1, 3, 3, 2, 0, 2, 2, 0, 0, 3, 3, 2, 0, 3, 0, 0, 0, 0, 0, 2, 2, 0,
       0, 0, 1, 1, 3, 1, 1, 1, 2, 0], dtype=object)]
[16, array([-30003. , -15001.5, -15001.5,      0. ]), array([2, 2, 2, 2, 0, 2, 2, 1, 1, 2, 0, 3, 1, 1, 1, 3, 2, 0, 0, 0, 1, 0,
       3, 0, 2, 0, 2, 2, 2, 3, 0, 2, 2, 2, 2, 0, 2, 1, 2, 2, 1, 3, 2, 0,
       3, 3, 1, 2, 1, 3, 3, 1, 1, 2, 3, 2, 0, 1, 1, 2, 1, 0, 1, 0, 0, 0,
       2, 3, 0, 1, 1, 1, 0, 2, 0, 2, 1, 0, 0, 1, 0, 1, 3, 1, 1, 0, 1, 0,
       0, 2, 2, 1, 1, 0, 1, 2, 0, 0, 3, 0, 1, 1, 0, 1, 1, 1, 2, 2, 1, 0,
       2, 3, 2, 2, 3, 3, 3, 3, 0, 1, 1, 0, 1, 0, 0, 0, 3, 2, 0, 2, 3, 3,
       3, 1, 1, 3, 3, 1, 2, 3, 3, 2, 0, 3, 1, 0, 2, 1, 3, 3, 2, 2, 0, 2,
       2, 1, 3, 2, 2, 3, 3, 1, 3, 1, 3, 2, 0, 3, 2, 0, 0, 2, 1, 2, 1, 2,
       1, 3, 3, 2, 0, 2, 2, 0, 0, 3, 3, 2, 0, 3, 0, 0, 0, 0, 0, 2, 2, 0,
       0, 0, 1, 1, 3, 1, 1, 1, 2, 0], dtype=object)]
[16, array([-30003. , -15001.5, -15001.5,      0. ]), array([2, 2, 2, 2, 0, 2, 2, 1, 1, 2, 0, 3, 1, 1, 1, 3, 2, 0, 0, 0, 1, 0,
       3, 0, 2, 0, 2, 2, 2, 3, 0, 2, 2, 2, 2, 0, 2, 1, 2, 2, 1, 3, 2, 0,
       3, 3, 1, 2, 1, 3, 3, 1, 1, 2, 3, 2, 0, 1, 1, 2, 1, 0, 1, 0, 0, 0,
       2, 3, 0, 1, 1, 1, 0, 2, 0, 2, 1, 0, 0, 1, 0, 1, 3, 1, 1, 0, 1, 0,
       0, 2, 2, 1, 1, 0, 1, 2, 0, 0, 3, 0, 1, 1, 0, 1, 1, 1, 2, 2, 1, 0,
       2, 3, 2, 2, 3, 3, 3, 3, 0, 1, 1, 0, 1, 0, 0, 0, 3, 2, 0, 2, 3, 3,
       3, 1, 1, 3, 3, 1, 2, 3, 3, 2, 0, 3, 1, 0, 2, 1, 3, 3, 2, 2, 0, 2,
       2, 1, 3, 2, 2, 3, 3, 1, 3, 1, 3, 2, 0, 3, 2, 0, 0, 2, 1, 2, 1, 2,
       1, 3, 3, 2, 0, 2, 2, 0, 0, 3, 3, 2, 0, 3, 0, 0, 0, 0, 0, 2, 2, 0,
       0, 0, 1, 1, 3, 1, 1, 1, 2, 0], dtype=object)]
[16, array([-30003. , -15001.5, -15001.5,      0. ]), array([2, 2, 2, 2, 0, 2, 2, 1, 1, 2, 0, 3, 1, 1, 1, 3, 2, 0, 0, 0, 1, 0,
       3, 0, 2, 0, 2, 2, 2, 3, 0, 2, 2, 2, 2, 0, 2, 1, 2, 2, 1, 3, 2, 0,
       3, 3, 1, 2, 1, 3, 3, 1, 1, 2, 3, 2, 0, 1, 1, 2, 1, 0, 1, 0, 0, 0,
       2, 3, 0, 1, 1, 1, 0, 2, 0, 2, 1, 0, 0, 1, 0, 1, 3, 1, 1, 0, 1, 0,
       0, 2, 2, 1, 1, 0, 1, 2, 0, 0, 3, 0, 1, 1, 0, 1, 1, 1, 2, 2, 1, 0,
       2, 3, 2, 2, 3, 3, 3, 3, 0, 1, 1, 0, 1, 0, 0, 0, 3, 2, 0, 2, 3, 3,
       3, 1, 1, 3, 3, 1, 2, 3, 3, 2, 0, 3, 1, 0, 2, 1, 3, 3, 2, 2, 0, 2,
       2, 1, 3, 2, 2, 3, 3, 1, 3, 1, 3, 2, 0, 3, 2, 0, 0, 2, 1, 2, 1, 2,
       1, 3, 3, 2, 0, 2, 2, 0, 0, 3, 3, 2, 0, 3, 0, 0, 0, 0, 0, 2, 2, 0,
       0, 0, 1, 1, 3, 1, 1, 1, 2, 0], dtype=object)]
[17, array([-30003. , -15001.5, -15001.5,      0. ]), array([2, 1, 2, 2, 0, 2, 2, 0, 3, 1, 3, 3, 3, 3, 1, 3, 2, 3, 1, 0, 1, 2,
       0, 1, 0, 2, 2, 1, 3, 0, 3, 2, 3, 2, 0, 1, 0, 2, 0, 0, 1, 3, 2, 0,
       3, 3, 1, 2, 1, 3, 3, 1, 1, 2, 3, 2, 0, 1, 1, 2, 1, 0, 1, 0, 0, 0,
       2, 3, 0, 1, 1, 1, 0, 2, 0, 2, 1, 0, 0, 1, 0, 1, 3, 1, 1, 0, 1, 0,
       0, 2, 2, 1, 1, 0, 1, 2, 0, 0, 3, 0, 1, 1, 0, 1, 1, 1, 2, 2, 1, 0,
       2, 3, 2, 2, 3, 3, 3, 3, 0, 1, 1, 0, 1, 0, 0, 0, 3, 2, 0, 2, 3, 3,
       3, 1, 1, 3, 3, 1, 2, 3, 3, 2, 0, 3, 1, 0, 2, 1, 3, 3, 2, 2, 0, 2,
       2, 1, 3, 2, 2, 3, 3, 1, 3, 1, 3, 2, 0, 3, 2, 0, 0, 2, 1, 2, 1, 2,
       1, 3, 3, 2, 0, 2, 2, 0, 0, 3, 3, 2, 0, 3, 0, 0, 0, 0, 0, 2, 2, 0,
       0, 0, 1, 1, 3, 1, 1, 1, 2, 0], dtype=object)]
[17, array([-30003. , -15001.5, -15001.5,      0. ]), array([2, 1, 2, 2, 0, 2, 2, 0, 3, 1, 3, 3, 3, 3, 1, 3, 2, 3, 1, 0, 1, 2,
       0, 1, 0, 2, 2, 1, 3, 0, 3, 2, 3, 2, 0, 1, 0, 2, 0, 0, 1, 3, 2, 0,
       3, 3, 1, 2, 1, 3, 3, 1, 1, 2, 3, 2, 0, 1, 1, 2, 1, 0, 1, 0, 0, 0,
       2, 3, 0, 1, 1, 1, 0, 2, 0, 2, 1, 0, 0, 1, 0, 1, 3, 1, 1, 0, 1, 0,
       0, 2, 2, 1, 1, 0, 1, 2, 0, 0, 3, 0, 1, 1, 0, 1, 1, 1, 2, 2, 1, 0,
       2, 3, 2, 2, 3, 3, 3, 3, 0, 1, 1, 0, 1, 0, 0, 0, 3, 2, 0, 2, 3, 3,
       3, 1, 1, 3, 3, 1, 2, 3, 3, 2, 0, 3, 1, 0, 2, 1, 3, 3, 2, 2, 0, 2,
       2, 1, 3, 2, 2, 3, 3, 1, 3, 1, 3, 2, 0, 3, 2, 0, 0, 2, 1, 2, 1, 2,
       1, 3, 3, 2, 0, 2, 2, 0, 0, 3, 3, 2, 0, 3, 0, 0, 0, 0, 0, 2, 2, 0,
       0, 0, 1, 1, 3, 1, 1, 1, 2, 0], dtype=object)]
[17, array([-30003. , -15001.5, -15001.5,      0. ]), array([2, 1, 2, 2, 0, 2, 2, 0, 3, 1, 3, 3, 3, 3, 1, 3, 2, 3, 1, 0, 1, 2,
       0, 1, 0, 2, 2, 1, 3, 0, 3, 2, 3, 2, 0, 1, 0, 2, 0, 0, 1, 3, 2, 0,
       3, 3, 1, 2, 1, 3, 3, 1, 1, 2, 3, 2, 0, 1, 1, 2, 1, 0, 1, 0, 0, 0,
       2, 3, 0, 1, 1, 1, 0, 2, 0, 2, 1, 0, 0, 1, 0, 1, 3, 1, 1, 0, 1, 0,
       0, 2, 2, 1, 1, 0, 1, 2, 0, 0, 3, 0, 1, 1, 0, 1, 1, 1, 2, 2, 1, 0,
       2, 3, 2, 2, 3, 3, 3, 3, 0, 1, 1, 0, 1, 0, 0, 0, 3, 2, 0, 2, 3, 3,
       3, 1, 1, 3, 3, 1, 2, 3, 3, 2, 0, 3, 1, 0, 2, 1, 3, 3, 2, 2, 0, 2,
       2, 1, 3, 2, 2, 3, 3, 1, 3, 1, 3, 2, 0, 3, 2, 0, 0, 2, 1, 2, 1, 2,
       1, 3, 3, 2, 0, 2, 2, 0, 0, 3, 3, 2, 0, 3, 0, 0, 0, 0, 0, 2, 2, 0,
       0, 0, 1, 1, 3, 1, 1, 1, 2, 0], dtype=object)]
[17, array([-30003. , -15001.5, -15001.5,      0. ]), array([2, 1, 2, 2, 0, 2, 2, 0, 3, 1, 3, 3, 3, 3, 1, 3, 2, 3, 1, 0, 1, 2,
       0, 1, 0, 2, 2, 1, 3, 0, 3, 2, 3, 2, 0, 1, 0, 2, 0, 0, 1, 3, 2, 0,
       3, 3, 1, 2, 1, 3, 3, 1, 1, 2, 3, 2, 0, 1, 1, 2, 1, 0, 1, 0, 0, 0,
       2, 3, 0, 1, 1, 1, 0, 2, 0, 2, 1, 0, 0, 1, 0, 1, 3, 1, 1, 0, 1, 0,
       0, 2, 2, 1, 1, 0, 1, 2, 0, 0, 3, 0, 1, 1, 0, 1, 1, 1, 2, 2, 1, 0,
       2, 3, 2, 2, 3, 3, 3, 3, 0, 1, 1, 0, 1, 0, 0, 0, 3, 2, 0, 2, 3, 3,
       3, 1, 1, 3, 3, 1, 2, 3, 3, 2, 0, 3, 1, 0, 2, 1, 3, 3, 2, 2, 0, 2,
       2, 1, 3, 2, 2, 3, 3, 1, 3, 1, 3, 2, 0, 3, 2, 0, 0, 2, 1, 2, 1, 2,
       1, 3, 3, 2, 0, 2, 2, 0, 0, 3, 3, 2, 0, 3, 0, 0, 0, 0, 0, 2, 2, 0,
       0, 0, 1, 1, 3, 1, 1, 1, 2, 0], dtype=object)]
[18, array([-30003. , -15001.5, -15001.5,      0. ]), array([2, 1, 2, 2, 0, 2, 2, 0, 3, 1, 3, 3, 3, 3, 1, 3, 2, 3, 1, 0, 1, 2,
       0, 1, 0, 2, 2, 1, 3, 0, 3, 2, 3, 2, 0, 1, 0, 2, 0, 0, 1, 3, 2, 0,
       3, 3, 1, 2, 1, 3, 3, 1, 1, 2, 3, 2, 0, 1, 1, 2, 1, 0, 1, 0, 0, 0,
       2, 3, 0, 1, 1, 1, 0, 2, 0, 2, 1, 0, 0, 1, 0, 1, 3, 1, 1, 0, 1, 0,
       0, 2, 2, 1, 1, 2, 1, 2, 0, 0, 3, 0, 1, 1, 0, 1, 1, 1, 2, 2, 1, 0,
       2, 1, 2, 2, 3, 3, 3, 3, 0, 1, 1, 0, 1, 0, 0, 0, 3, 2, 0, 2, 3, 3,
       3, 1, 1, 3, 3, 1, 2, 3, 3, 2, 0, 3, 1, 0, 2, 1, 3, 3, 2, 2, 0, 2,
       2, 1, 3, 2, 2, 3, 3, 1, 3, 1, 3, 2, 0, 3, 2, 0, 0, 2, 1, 2, 1, 2,
       1, 3, 3, 2, 0, 2, 2, 0, 0, 3, 3, 2, 0, 3, 0, 0, 0, 0, 0, 2, 2, 0,
       0, 0, 1, 1, 3, 1, 1, 1, 2, 0], dtype=object)]
[18, array([-30003. , -15001.5, -15001.5,      0. ]), array([2, 1, 2, 2, 0, 2, 2, 0, 3, 1, 3, 3, 3, 3, 1, 3, 2, 3, 1, 0, 1, 2,
       0, 1, 0, 2, 2, 1, 3, 0, 3, 2, 3, 2, 0, 1, 0, 2, 0, 0, 1, 3, 2, 0,
       3, 3, 1, 2, 1, 3, 3, 1, 1, 2, 3, 2, 0, 1, 1, 2, 1, 0, 1, 0, 0, 0,
       2, 3, 0, 1, 1, 1, 0, 2, 0, 2, 1, 0, 0, 1, 0, 1, 3, 1, 1, 0, 1, 0,
       0, 2, 2, 1, 1, 2, 1, 2, 0, 0, 3, 0, 1, 1, 0, 1, 1, 1, 2, 2, 1, 0,
       2, 1, 2, 2, 3, 3, 3, 3, 0, 1, 1, 0, 1, 0, 0, 0, 3, 2, 0, 2, 3, 3,
       3, 1, 1, 3, 3, 1, 2, 3, 3, 2, 0, 3, 1, 0, 2, 1, 3, 3, 2, 2, 0, 2,
       2, 1, 3, 2, 2, 3, 3, 1, 3, 1, 3, 2, 0, 3, 2, 0, 0, 2, 1, 2, 1, 2,
       1, 3, 3, 2, 0, 2, 2, 0, 0, 3, 3, 2, 0, 3, 0, 0, 0, 0, 0, 2, 2, 0,
       0, 0, 1, 1, 3, 1, 1, 1, 2, 0], dtype=object)]
[18, array([-30003. , -15001.5, -15001.5,      0. ]), array([2, 1, 2, 2, 0, 2, 2, 0, 3, 1, 3, 3, 3, 3, 1, 3, 2, 3, 1, 0, 1, 2,
       0, 1, 0, 2, 2, 1, 3, 0, 3, 2, 3, 2, 0, 1, 0, 2, 0, 0, 1, 3, 2, 0,
       3, 3, 1, 2, 1, 3, 3, 1, 1, 2, 3, 2, 0, 1, 1, 2, 1, 0, 1, 0, 0, 0,
       2, 3, 0, 1, 1, 1, 0, 2, 0, 2, 1, 0, 0, 1, 0, 1, 3, 1, 1, 0, 1, 0,
       0, 2, 2, 1, 1, 2, 1, 2, 0, 0, 3, 0, 1, 1, 0, 1, 1, 1, 2, 2, 1, 0,
       2, 1, 2, 2, 3, 3, 3, 3, 0, 1, 1, 0, 1, 0, 0, 0, 3, 2, 0, 2, 3, 3,
       3, 1, 1, 3, 3, 1, 2, 3, 3, 2, 0, 3, 1, 0, 2, 1, 3, 3, 2, 2, 0, 2,
       2, 1, 3, 2, 2, 3, 3, 1, 3, 1, 3, 2, 0, 3, 2, 0, 0, 2, 1, 2, 1, 2,
       1, 3, 3, 2, 0, 2, 2, 0, 0, 3, 3, 2, 0, 3, 0, 0, 0, 0, 0, 2, 2, 0,
       0, 0, 1, 1, 3, 1, 1, 1, 2, 0], dtype=object)]
[18, array([-30003. , -15001.5, -15001.5,      0. ]), array([2, 1, 2, 2, 0, 2, 2, 0, 3, 1, 3, 3, 3, 3, 1, 3, 2, 3, 1, 0, 1, 2,
       0, 1, 0, 2, 2, 1, 3, 0, 3, 2, 3, 2, 0, 1, 0, 2, 0, 0, 1, 3, 2, 0,
       3, 3, 1, 2, 1, 3, 3, 1, 1, 2, 3, 2, 0, 1, 1, 2, 1, 0, 1, 0, 0, 0,
       2, 3, 0, 1, 1, 1, 0, 2, 0, 2, 1, 0, 0, 1, 0, 1, 3, 1, 1, 0, 1, 0,
       0, 2, 2, 1, 1, 2, 1, 2, 0, 0, 3, 0, 1, 1, 0, 1, 1, 1, 2, 2, 1, 0,
       2, 1, 2, 2, 3, 3, 3, 3, 0, 1, 1, 0, 1, 0, 0, 0, 3, 2, 0, 2, 3, 3,
       3, 1, 1, 3, 3, 1, 2, 3, 3, 2, 0, 3, 1, 0, 2, 1, 3, 3, 2, 2, 0, 2,
       2, 1, 3, 2, 2, 3, 3, 1, 3, 1, 3, 2, 0, 3, 2, 0, 0, 2, 1, 2, 1, 2,
       1, 3, 3, 2, 0, 2, 2, 0, 0, 3, 3, 2, 0, 3, 0, 0, 0, 0, 0, 2, 2, 0,
       0, 0, 1, 1, 3, 1, 1, 1, 2, 0], dtype=object)]
[19, array([-30003. , -15001.5, -15001.5,      0. ]), array([2, 2, 2, 2, 0, 2, 2, 1, 1, 2, 0, 3, 1, 1, 1, 3, 2, 0, 0, 0, 1, 0,
       3, 0, 2, 0, 2, 2, 2, 3, 0, 2, 2, 2, 2, 0, 2, 1, 2, 2, 1, 3, 2, 0,
       3, 3, 1, 2, 1, 3, 3, 1, 1, 2, 3, 2, 0, 1, 1, 2, 1, 0, 1, 0, 0, 0,
       2, 3, 0, 1, 1, 1, 0, 2, 0, 2, 1, 0, 0, 3, 0, 1, 3, 1, 1, 0, 1, 1,
       2, 2, 2, 2, 2, 0, 1, 1, 0, 1, 3, 0, 1, 1, 2, 1, 1, 1, 2, 2, 1, 2,
       2, 3, 2, 3, 3, 3, 1, 3, 1, 3, 1, 0, 1, 3, 0, 2, 3, 2, 2, 2, 3, 1,
       3, 1, 3, 3, 1, 1, 2, 3, 3, 0, 0, 3, 3, 0, 2, 1, 3, 0, 2, 3, 0, 1,
       1, 2, 0, 3, 2, 3, 3, 1, 3, 1, 3, 2, 0, 3, 2, 1, 2, 2, 1, 0, 0, 1,
       2, 1, 3, 0, 3, 3, 3, 0, 1, 3, 0, 2, 2, 3, 0, 2, 1, 0, 1, 2, 1, 2,
       1, 3, 2, 3, 0, 0, 0, 1, 0, 2], dtype=object)]
[19, array([-30003. , -15001.5, -15001.5,      0. ]), array([2, 2, 2, 2, 0, 2, 2, 1, 1, 2, 0, 3, 1, 1, 1, 3, 2, 0, 0, 0, 1, 0,
       3, 0, 2, 0, 2, 2, 2, 3, 0, 2, 2, 2, 2, 0, 2, 1, 2, 2, 1, 3, 2, 0,
       3, 3, 1, 2, 1, 3, 3, 1, 1, 2, 3, 2, 0, 1, 1, 2, 1, 0, 1, 0, 0, 0,
       2, 3, 0, 1, 1, 1, 0, 2, 0, 2, 1, 0, 0, 3, 0, 1, 3, 1, 1, 0, 1, 1,
       2, 2, 2, 2, 2, 0, 1, 1, 0, 1, 3, 0, 1, 1, 2, 1, 1, 1, 2, 2, 1, 2,
       2, 3, 2, 3, 3, 3, 1, 3, 1, 3, 1, 0, 1, 3, 0, 2, 3, 2, 2, 2, 3, 1,
       3, 1, 3, 3, 1, 1, 2, 3, 3, 0, 0, 3, 3, 0, 2, 1, 3, 0, 2, 3, 0, 1,
       1, 2, 0, 3, 2, 3, 3, 1, 3, 1, 3, 2, 0, 3, 2, 1, 2, 2, 1, 0, 0, 1,
       2, 1, 3, 0, 3, 3, 3, 0, 1, 3, 0, 2, 2, 3, 0, 2, 1, 0, 1, 2, 1, 2,
       1, 3, 2, 3, 0, 0, 0, 1, 0, 2], dtype=object)]
[19, array([-30003. , -15001.5, -15001.5,      0. ]), array([2, 2, 2, 2, 0, 2, 2, 1, 1, 2, 0, 3, 1, 1, 1, 3, 2, 0, 0, 0, 1, 0,
       3, 0, 2, 0, 2, 2, 2, 3, 0, 2, 2, 2, 2, 0, 2, 1, 2, 2, 1, 3, 2, 0,
       3, 3, 1, 2, 1, 3, 3, 1, 1, 2, 3, 2, 0, 1, 1, 2, 1, 0, 1, 0, 0, 0,
       2, 3, 0, 1, 1, 1, 0, 2, 0, 2, 1, 0, 0, 3, 0, 1, 3, 1, 1, 0, 1, 1,
       2, 2, 2, 2, 2, 0, 1, 1, 0, 1, 3, 0, 1, 1, 2, 1, 1, 1, 2, 2, 1, 2,
       2, 3, 2, 3, 3, 3, 1, 3, 1, 3, 1, 0, 1, 3, 0, 2, 3, 2, 2, 2, 3, 1,
       3, 1, 3, 3, 1, 1, 2, 3, 3, 0, 0, 3, 3, 0, 2, 1, 3, 0, 2, 3, 0, 1,
       1, 2, 0, 3, 2, 3, 3, 1, 3, 1, 3, 2, 0, 3, 2, 1, 2, 2, 1, 0, 0, 1,
       2, 1, 3, 0, 3, 3, 3, 0, 1, 3, 0, 2, 2, 3, 0, 2, 1, 0, 1, 2, 1, 2,
       1, 3, 2, 3, 0, 0, 0, 1, 0, 2], dtype=object)]
[19, array([-30003. , -15001.5, -15001.5,      0. ]), array([2, 2, 2, 2, 0, 2, 2, 1, 1, 2, 0, 3, 1, 1, 1, 3, 2, 0, 0, 0, 1, 0,
       3, 0, 2, 0, 2, 2, 2, 3, 0, 2, 2, 2, 2, 0, 2, 1, 2, 2, 1, 3, 2, 0,
       3, 3, 1, 2, 1, 3, 3, 1, 1, 2, 3, 2, 0, 1, 1, 2, 1, 0, 1, 0, 0, 0,
       2, 3, 0, 1, 1, 1, 0, 2, 0, 2, 1, 0, 0, 3, 0, 1, 3, 1, 1, 0, 1, 1,
       2, 2, 2, 2, 2, 0, 1, 1, 0, 1, 3, 0, 1, 1, 2, 1, 1, 1, 2, 2, 1, 2,
       2, 3, 2, 3, 3, 3, 1, 3, 1, 3, 1, 0, 1, 3, 0, 2, 3, 2, 2, 2, 3, 1,
       3, 1, 3, 3, 1, 1, 2, 3, 3, 0, 0, 3, 3, 0, 2, 1, 3, 0, 2, 3, 0, 1,
       1, 2, 0, 3, 2, 3, 3, 1, 3, 1, 3, 2, 0, 3, 2, 1, 2, 2, 1, 0, 0, 1,
       2, 1, 3, 0, 3, 3, 3, 0, 1, 3, 0, 2, 2, 3, 0, 2, 1, 0, 1, 2, 1, 2,
       1, 3, 2, 3, 0, 0, 0, 1, 0, 2], dtype=object)]
[20, array([-30003. , -15001.5, -15001.5,      0. ]), array([2, 2, 2, 2, 0, 2, 2, 1, 1, 2, 0, 3, 1, 1, 1, 3, 2, 0, 0, 0, 1, 0,
       3, 0, 2, 0, 2, 2, 2, 3, 0, 2, 2, 2, 2, 0, 2, 1, 2, 2, 1, 3, 2, 0,
       3, 3, 1, 2, 1, 3, 3, 1, 1, 2, 3, 2, 0, 1, 1, 2, 1, 0, 1, 0, 0, 0,
       2, 3, 0, 1, 1, 1, 0, 2, 0, 2, 1, 0, 0, 3, 0, 1, 3, 1, 1, 0, 1, 1,
       2, 2, 2, 2, 2, 0, 1, 1, 0, 1, 3, 0, 1, 1, 2, 1, 1, 1, 2, 2, 1, 2,
       2, 3, 2, 3, 3, 3, 1, 3, 1, 3, 1, 0, 1, 3, 0, 2, 3, 2, 2, 2, 3, 1,
       3, 1, 3, 3, 1, 1, 2, 3, 3, 0, 0, 3, 3, 0, 2, 1, 3, 0, 2, 3, 0, 1,
       1, 2, 0, 3, 2, 3, 3, 1, 3, 1, 3, 2, 0, 3, 2, 1, 2, 2, 2, 0, 0, 1,
       2, 1, 3, 0, 3, 3, 3, 0, 1, 3, 0, 2, 0, 3, 0, 2, 1, 0, 1, 2, 1, 0,
       1, 3, 2, 3, 0, 0, 0, 1, 0, 2], dtype=object)]
[20, array([-30003. , -15001.5, -15001.5,      0. ]), array([2, 2, 2, 2, 0, 2, 2, 1, 1, 2, 0, 3, 1, 1, 1, 3, 2, 0, 0, 0, 1, 0,
       3, 0, 2, 0, 2, 2, 2, 3, 0, 2, 2, 2, 2, 0, 2, 1, 2, 2, 1, 3, 2, 0,
       3, 3, 1, 2, 1, 3, 3, 1, 1, 2, 3, 2, 0, 1, 1, 2, 1, 0, 1, 0, 0, 0,
       2, 3, 0, 1, 1, 1, 0, 2, 0, 2, 1, 0, 0, 3, 0, 1, 3, 1, 1, 0, 1, 1,
       2, 2, 2, 2, 2, 0, 1, 1, 0, 1, 3, 0, 1, 1, 2, 1, 1, 1, 2, 2, 1, 2,
       2, 3, 2, 3, 3, 3, 1, 3, 1, 3, 1, 0, 1, 3, 0, 2, 3, 2, 2, 2, 3, 1,
       3, 1, 3, 3, 1, 1, 2, 3, 3, 0, 0, 3, 3, 0, 2, 1, 3, 0, 2, 3, 0, 1,
       1, 2, 0, 3, 2, 3, 3, 1, 3, 1, 3, 2, 0, 3, 2, 1, 2, 2, 2, 0, 0, 1,
       2, 1, 3, 0, 3, 3, 3, 0, 1, 3, 0, 2, 0, 3, 0, 2, 1, 0, 1, 2, 1, 0,
       1, 3, 2, 3, 0, 0, 0, 1, 0, 2], dtype=object)]
[20, array([-30003. , -15001.5, -15001.5,      0. ]), array([2, 2, 2, 2, 0, 2, 2, 1, 1, 2, 0, 3, 1, 1, 1, 3, 2, 0, 0, 0, 1, 0,
       3, 0, 2, 0, 2, 2, 2, 3, 0, 2, 2, 2, 2, 0, 2, 1, 2, 2, 1, 3, 2, 0,
       3, 3, 1, 2, 1, 3, 3, 1, 1, 2, 3, 2, 0, 1, 1, 2, 1, 0, 1, 0, 0, 0,
       2, 3, 0, 1, 1, 1, 0, 2, 0, 2, 1, 0, 0, 3, 0, 1, 3, 1, 1, 0, 1, 1,
       2, 2, 2, 2, 2, 0, 1, 1, 0, 1, 3, 0, 1, 1, 2, 1, 1, 1, 2, 2, 1, 2,
       2, 3, 2, 3, 3, 3, 1, 3, 1, 3, 1, 0, 1, 3, 0, 2, 3, 2, 2, 2, 3, 1,
       3, 1, 3, 3, 1, 1, 2, 3, 3, 0, 0, 3, 3, 0, 2, 1, 3, 0, 2, 3, 0, 1,
       1, 2, 0, 3, 2, 3, 3, 1, 3, 1, 3, 2, 0, 3, 2, 1, 2, 2, 2, 0, 0, 1,
       2, 1, 3, 0, 3, 3, 3, 0, 1, 3, 0, 2, 0, 3, 0, 2, 1, 0, 1, 2, 1, 0,
       1, 3, 2, 3, 0, 0, 0, 1, 0, 2], dtype=object)]
[20, array([-30003. , -15001.5, -15001.5,      0. ]), array([2, 2, 2, 2, 0, 2, 2, 1, 1, 2, 0, 3, 1, 1, 1, 3, 2, 0, 0, 0, 1, 0,
       3, 0, 2, 0, 2, 2, 2, 3, 0, 2, 2, 2, 2, 0, 2, 1, 2, 2, 1, 3, 2, 0,
       3, 3, 1, 2, 1, 3, 3, 1, 1, 2, 3, 2, 0, 1, 1, 2, 1, 0, 1, 0, 0, 0,
       2, 3, 0, 1, 1, 1, 0, 2, 0, 2, 1, 0, 0, 3, 0, 1, 3, 1, 1, 0, 1, 1,
       2, 2, 2, 2, 2, 0, 1, 1, 0, 1, 3, 0, 1, 1, 2, 1, 1, 1, 2, 2, 1, 2,
       2, 3, 2, 3, 3, 3, 1, 3, 1, 3, 1, 0, 1, 3, 0, 2, 3, 2, 2, 2, 3, 1,
       3, 1, 3, 3, 1, 1, 2, 3, 3, 0, 0, 3, 3, 0, 2, 1, 3, 0, 2, 3, 0, 1,
       1, 2, 0, 3, 2, 3, 3, 1, 3, 1, 3, 2, 0, 3, 2, 1, 2, 2, 2, 0, 0, 1,
       2, 1, 3, 0, 3, 3, 3, 0, 1, 3, 0, 2, 0, 3, 0, 2, 1, 0, 1, 2, 1, 0,
       1, 3, 2, 3, 0, 0, 0, 1, 0, 2], dtype=object)]
[21, array([-30003. , -15001.5, -15001.5,      0. ]), array([2, 2, 2, 2, 0, 2, 2, 1, 1, 1, 0, 3, 3, 1, 1, 3, 2, 0, 0, 0, 1, 0,
       3, 0, 2, 0, 2, 2, 2, 3, 0, 2, 2, 2, 2, 0, 1, 1, 2, 2, 1, 3, 2, 0,
       3, 3, 1, 2, 1, 3, 3, 1, 1, 2, 3, 2, 0, 1, 1, 2, 1, 0, 1, 0, 0, 0,
       2, 3, 0, 1, 1, 1, 0, 2, 0, 2, 1, 0, 0, 1, 0, 1, 3, 1, 1, 0, 1, 0,
       0, 2, 2, 1, 1, 0, 1, 2, 0, 0, 3, 0, 1, 1, 0, 1, 1, 1, 2, 2, 1, 0,
       2, 3, 2, 2, 3, 3, 3, 3, 0, 1, 1, 0, 1, 0, 0, 0, 3, 2, 0, 2, 3, 3,
       3, 1, 1, 3, 3, 1, 2, 3, 3, 2, 1, 3, 1, 0, 2, 1, 3, 0, 2, 2, 0, 2,
       2, 1, 3, 2, 2, 3, 3, 1, 3, 1, 3, 2, 0, 3, 2, 0, 0, 2, 1, 2, 1, 2,
       1, 3, 3, 2, 0, 2, 2, 0, 0, 3, 3, 2, 0, 3, 0, 0, 0, 0, 0, 2, 2, 0,
       0, 0, 1, 1, 3, 1, 1, 1, 2, 0], dtype=object)]
[21, array([-30003. , -15001.5, -15001.5,      0. ]), array([2, 2, 2, 2, 0, 2, 2, 1, 1, 1, 0, 3, 3, 1, 1, 3, 2, 0, 0, 0, 1, 0,
       3, 0, 2, 0, 2, 2, 2, 3, 0, 2, 2, 2, 2, 0, 1, 1, 2, 2, 1, 3, 2, 0,
       3, 3, 1, 2, 1, 3, 3, 1, 1, 2, 3, 2, 0, 1, 1, 2, 1, 0, 1, 0, 0, 0,
       2, 3, 0, 1, 1, 1, 0, 2, 0, 2, 1, 0, 0, 1, 0, 1, 3, 1, 1, 0, 1, 0,
       0, 2, 2, 1, 1, 0, 1, 2, 0, 0, 3, 0, 1, 1, 0, 1, 1, 1, 2, 2, 1, 0,
       2, 3, 2, 2, 3, 3, 3, 3, 0, 1, 1, 0, 1, 0, 0, 0, 3, 2, 0, 2, 3, 3,
       3, 1, 1, 3, 3, 1, 2, 3, 3, 2, 1, 3, 1, 0, 2, 1, 3, 0, 2, 2, 0, 2,
       2, 1, 3, 2, 2, 3, 3, 1, 3, 1, 3, 2, 0, 3, 2, 0, 0, 2, 1, 2, 1, 2,
       1, 3, 3, 2, 0, 2, 2, 0, 0, 3, 3, 2, 0, 3, 0, 0, 0, 0, 0, 2, 2, 0,
       0, 0, 1, 1, 3, 1, 1, 1, 2, 0], dtype=object)]
[21, array([-30003. , -15001.5, -15001.5,      0. ]), array([2, 2, 2, 2, 0, 2, 2, 1, 1, 1, 0, 3, 3, 1, 1, 3, 2, 0, 0, 0, 1, 0,
       3, 0, 2, 0, 2, 2, 2, 3, 0, 2, 2, 2, 2, 0, 1, 1, 2, 2, 1, 3, 2, 0,
       3, 3, 1, 2, 1, 3, 3, 1, 1, 2, 3, 2, 0, 1, 1, 2, 1, 0, 1, 0, 0, 0,
       2, 3, 0, 1, 1, 1, 0, 2, 0, 2, 1, 0, 0, 1, 0, 1, 3, 1, 1, 0, 1, 0,
       0, 2, 2, 1, 1, 0, 1, 2, 0, 0, 3, 0, 1, 1, 0, 1, 1, 1, 2, 2, 1, 0,
       2, 3, 2, 2, 3, 3, 3, 3, 0, 1, 1, 0, 1, 0, 0, 0, 3, 2, 0, 2, 3, 3,
       3, 1, 1, 3, 3, 1, 2, 3, 3, 2, 1, 3, 1, 0, 2, 1, 3, 0, 2, 2, 0, 2,
       2, 1, 3, 2, 2, 3, 3, 1, 3, 1, 3, 2, 0, 3, 2, 0, 0, 2, 1, 2, 1, 2,
       1, 3, 3, 2, 0, 2, 2, 0, 0, 3, 3, 2, 0, 3, 0, 0, 0, 0, 0, 2, 2, 0,
       0, 0, 1, 1, 3, 1, 1, 1, 2, 0], dtype=object)]
[21, array([-30003. , -15001.5, -15001.5,      0. ]), array([2, 2, 2, 2, 0, 2, 2, 1, 1, 1, 0, 3, 3, 1, 1, 3, 2, 0, 0, 0, 1, 0,
       3, 0, 2, 0, 2, 2, 2, 3, 0, 2, 2, 2, 2, 0, 1, 1, 2, 2, 1, 3, 2, 0,
       3, 3, 1, 2, 1, 3, 3, 1, 1, 2, 3, 2, 0, 1, 1, 2, 1, 0, 1, 0, 0, 0,
       2, 3, 0, 1, 1, 1, 0, 2, 0, 2, 1, 0, 0, 1, 0, 1, 3, 1, 1, 0, 1, 0,
       0, 2, 2, 1, 1, 0, 1, 2, 0, 0, 3, 0, 1, 1, 0, 1, 1, 1, 2, 2, 1, 0,
       2, 3, 2, 2, 3, 3, 3, 3, 0, 1, 1, 0, 1, 0, 0, 0, 3, 2, 0, 2, 3, 3,
       3, 1, 1, 3, 3, 1, 2, 3, 3, 2, 1, 3, 1, 0, 2, 1, 3, 0, 2, 2, 0, 2,
       2, 1, 3, 2, 2, 3, 3, 1, 3, 1, 3, 2, 0, 3, 2, 0, 0, 2, 1, 2, 1, 2,
       1, 3, 3, 2, 0, 2, 2, 0, 0, 3, 3, 2, 0, 3, 0, 0, 0, 0, 0, 2, 2, 0,
       0, 0, 1, 1, 3, 1, 1, 1, 2, 0], dtype=object)]
slurmstepd: error: *** STEP 38485747.0 ON nid001261 CANCELLED AT 2025-05-09T02:14:04 ***
srun: Job step aborted: Waiting up to 32 seconds for job step to finish.
slurmstepd: error: *** JOB 38485747 ON nid001261 CANCELLED AT 2025-05-09T02:14:04 ***
