
Lmod is automatically replacing "cudatoolkit/12.4" with "cuda/11.7".

Command-line arguments: ['/global/u1/d/dhanvib/development/QAOA/teague_code/code-for-gokul/run_CAFQA.py', '20', '2', '10', '0.25 0.01 ', '5', 'single_point', '1', '0']
STARTING ROUND 0


started GA at id 1 with 16 procs

GA parameters used for this experiment:
  num_generations=5
  num_parents_mating=20
  population_size=100
  num_genes=2740
  parent_selection_type=tournament
  keep_parents=-1
  crossover_type=single_point
  mutation_type=adaptive
  crossover_probability=0.9
  mutation_probability=(0.25, 0.01)
  keep_elitism=5
started GA at id 2 with 16 procs

GA parameters used for this experiment:
  num_generations=5
  num_parents_mating=20
  population_size=100
  num_genes=2740
  parent_selection_type=tournament
  keep_parents=-1
  crossover_type=single_point
  mutation_type=adaptive
  crossover_probability=0.9
  mutation_probability=(0.25, 0.01)
  keep_elitism=5
started GA at id None with 16 procs

GA parameters used for this experiment:
  num_generations=5
  num_parents_mating=20
  population_size=100
  num_genes=2740
  parent_selection_type=tournament
  keep_parents=-1
  crossover_type=single_point
  mutation_type=adaptive
  crossover_probability=0.9
  mutation_probability=(0.25, 0.01)
  keep_elitism=5
started GA at id 3 with 16 procs

GA parameters used for this experiment:
  num_generations=5
  num_parents_mating=20
  population_size=100
  num_genes=2740
  parent_selection_type=tournament
  keep_parents=-1
  crossover_type=single_point
  mutation_type=adaptive
  crossover_probability=0.9
  mutation_probability=(0.25, 0.01)
  keep_elitism=5
[0, array([0., 0., 0., 0.]), array([3, 3, 0, ..., 3, 3, 2], shape=(2740,), dtype=object)]
[0, array([0., 0., 0., 0.]), array([3, 3, 0, ..., 3, 3, 2], shape=(2740,), dtype=object)]
[0, array([0., 0., 0., 0.]), array([3, 3, 0, ..., 3, 3, 2], shape=(2740,), dtype=object)]
[0, array([0., 0., 0., 0.]), array([3, 3, 0, ..., 3, 3, 2], shape=(2740,), dtype=object)]
[1, array([-0.4720366, -0.2360183, -0.2360183,  0.       ]), array([3, 2, 2, ..., 2, 3, 2], shape=(2740,), dtype=object)]
[1, array([-0.4720366, -0.2360183, -0.2360183,  0.       ]), array([3, 2, 2, ..., 2, 3, 2], shape=(2740,), dtype=object)]
[1, array([-0.4720366, -0.2360183, -0.2360183,  0.       ]), array([3, 2, 2, ..., 2, 3, 2], shape=(2740,), dtype=object)]
[1, array([-0.4720366, -0.2360183, -0.2360183,  0.       ]), array([3, 2, 2, ..., 2, 3, 2], shape=(2740,), dtype=object)]
[2, array([0., 0., 0., 0.]), array([1, 1, 0, ..., 3, 0, 3], shape=(2740,), dtype=object)]
[2, array([0., 0., 0., 0.]), array([1, 1, 0, ..., 3, 0, 3], shape=(2740,), dtype=object)]
[2, array([0., 0., 0., 0.]), array([1, 1, 0, ..., 3, 0, 3], shape=(2740,), dtype=object)]
[2, array([0., 0., 0., 0.]), array([1, 1, 0, ..., 3, 0, 3], shape=(2740,), dtype=object)]
[3, array([0., 0., 0., 0.]), array([2, 2, 1, ..., 2, 3, 0], shape=(2740,), dtype=object)]
[3, array([0., 0., 0., 0.]), array([2, 2, 1, ..., 2, 3, 0], shape=(2740,), dtype=object)]
[3, array([0., 0., 0., 0.]), array([2, 2, 1, ..., 2, 3, 0], shape=(2740,), dtype=object)]
[3, array([0., 0., 0., 0.]), array([2, 2, 1, ..., 2, 3, 0], shape=(2740,), dtype=object)]
[4, array([0., 0., 0., 0.]), array([2, 2, 1, ..., 2, 3, 0], shape=(2740,), dtype=object)]
[4, array([0., 0., 0., 0.]), array([2, 2, 1, ..., 2, 3, 0], shape=(2740,), dtype=object)]
[4, array([0., 0., 0., 0.]), array([2, 2, 1, ..., 2, 3, 0], shape=(2740,), dtype=object)]
[4, array([0., 0., 0., 0.]), array([2, 2, 1, ..., 2, 3, 0], shape=(2740,), dtype=object)]
[5, array([0., 0., 0., 0.]), array([0, 0, 0, ..., 2, 0, 1], shape=(2740,), dtype=object)]
[5, array([0., 0., 0., 0.]), array([0, 0, 0, ..., 2, 0, 1], shape=(2740,), dtype=object)]
[5, array([0., 0., 0., 0.]), array([0, 0, 0, ..., 2, 0, 1], shape=(2740,), dtype=object)]
[5, array([0., 0., 0., 0.]), array([0, 0, 0, ..., 2, 0, 1], shape=(2740,), dtype=object)]
[6, array([0., 0., 0., 0.]), array([0, 0, 2, ..., 2, 0, 1], shape=(2740,), dtype=object)]
[6, array([0., 0., 0., 0.]), array([0, 0, 2, ..., 2, 0, 1], shape=(2740,), dtype=object)]
[6, array([0., 0., 0., 0.]), array([0, 0, 2, ..., 2, 0, 1], shape=(2740,), dtype=object)]
[6, array([0., 0., 0., 0.]), array([0, 0, 2, ..., 2, 0, 1], shape=(2740,), dtype=object)]
[7, array([0., 0., 0., 0.]), array([3, 0, 2, ..., 2, 3, 0], shape=(2740,), dtype=object)]
[7, array([0., 0., 0., 0.]), array([3, 0, 2, ..., 2, 3, 0], shape=(2740,), dtype=object)]
[7, array([0., 0., 0., 0.]), array([3, 0, 2, ..., 2, 3, 0], shape=(2740,), dtype=object)]
[7, array([0., 0., 0., 0.]), array([3, 0, 2, ..., 2, 3, 0], shape=(2740,), dtype=object)]
[8, array([0., 0., 0., 0.]), array([3, 0, 2, ..., 2, 3, 0], shape=(2740,), dtype=object)]
[8, array([0., 0., 0., 0.]), array([3, 0, 2, ..., 2, 3, 0], shape=(2740,), dtype=object)]
[8, array([0., 0., 0., 0.]), array([3, 0, 2, ..., 2, 3, 0], shape=(2740,), dtype=object)]
[8, array([0., 0., 0., 0.]), array([3, 0, 2, ..., 2, 3, 0], shape=(2740,), dtype=object)]
[9, array([0., 0., 0., 0.]), array([1, 2, 0, ..., 1, 0, 1], shape=(2740,), dtype=object)]
[9, array([0., 0., 0., 0.]), array([1, 2, 0, ..., 1, 0, 1], shape=(2740,), dtype=object)]
[9, array([0., 0., 0., 0.]), array([1, 2, 0, ..., 1, 0, 1], shape=(2740,), dtype=object)]
[9, array([0., 0., 0., 0.]), array([1, 2, 0, ..., 1, 0, 1], shape=(2740,), dtype=object)]
[10, array([-3998.49780273, -1999.24890137, -1999.24890137,     0.        ]), array([0, 0, 0, ..., 0, 1, 2], shape=(2740,), dtype=object)]
[10, array([-3998.49780273, -1999.24890137, -1999.24890137,     0.        ]), array([0, 0, 0, ..., 0, 1, 2], shape=(2740,), dtype=object)]
[10, array([-3998.49780273, -1999.24890137, -1999.24890137,     0.        ]), array([0, 0, 0, ..., 0, 1, 2], shape=(2740,), dtype=object)]
[10, array([-3998.49780273, -1999.24890137, -1999.24890137,     0.        ]), array([0, 0, 0, ..., 0, 1, 2], shape=(2740,), dtype=object)]
Minimum Energy found with CAFQA initialization: -1999.2489013671875
Traceback (most recent call last):
  File "/global/u1/d/dhanvib/development/QAOA/teague_code/code-for-gokul/run_CAFQA.py", line 97, in <module>
    main()
  File "/global/u1/d/dhanvib/development/QAOA/teague_code/code-for-gokul/run_CAFQA.py", line 92, in main
    pickle.dump(teague_qaoa, f)
AttributeError: Can't pickle local object 'ParametrizedCliffordCircuit.define_parameter_map.<locals>.param_map'
srun: error: nid001389: task 0: Exited with exit code 1
srun: Terminating StepId=38826599.0
