
Lmod is automatically replacing "cudatoolkit/12.4" with "cuda/11.7".

Command-line arguments: ['/global/u1/d/dhanvib/development/QAOA/teague_code/code-for-gokul/cafqa_diff_points_teague.py', '8', '2', '10', '0.25 0.01 ', '5', 'single_point', '1', '0']
STARTING ROUND 0


started GA at id 1 with 4 procs

GA parameters used for this experiment:
  num_generations=5
  num_parents_mating=20
  population_size=100
  num_genes=200
  parent_selection_type=tournament
  keep_parents=-1
  crossover_type=single_point
  mutation_type=adaptive
  crossover_probability=0.9
  mutation_probability=(0.25, 0.01)
  keep_elitism=5
started GA at id 2 with 4 procs

GA parameters used for this experiment:
  num_generations=5
  num_parents_mating=20
  population_size=100
  num_genes=200
  parent_selection_type=tournament
  keep_parents=-1
  crossover_type=single_point
  mutation_type=adaptive
  crossover_probability=0.9
  mutation_probability=(0.25, 0.01)
  keep_elitism=5
started GA at id None with 4 procs

GA parameters used for this experiment:
  num_generations=5
  num_parents_mating=20
  population_size=100
  num_genes=200
  parent_selection_type=tournament
  keep_parents=-1
  crossover_type=single_point
  mutation_type=adaptive
  crossover_probability=0.9
  mutation_probability=(0.25, 0.01)
  keep_elitism=5
started GA at id 3 with 4 procs

GA parameters used for this experiment:
  num_generations=5
  num_parents_mating=20
  population_size=100
  num_genes=200
  parent_selection_type=tournament
  keep_parents=-1
  crossover_type=single_point
  mutation_type=adaptive
  crossover_probability=0.9
  mutation_probability=(0.25, 0.01)
  keep_elitism=5
[0, array([-3999.06359917, -1999.53179958, -1999.53179958,     0.        ]), array([0, 3, 0, 3, 1, 0, 0, 3, 1, 2, 0, 3, 2, 0, 0, 3, 3, 2, 1, 1, 1, 0,
       0, 1, 2, 2, 3, 1, 3, 1, 1, 2, 1, 0, 2, 1, 0, 2, 1, 0, 0, 3, 3, 2,
       2, 0, 1, 0, 3, 2, 2, 1, 2, 2, 0, 3, 1, 0, 0, 3, 2, 2, 2, 3, 0, 2,
       2, 1, 2, 2, 2, 3, 1, 0, 3, 2, 3, 0, 0, 2, 0, 3, 1, 0, 1, 0, 2, 1,
       2, 1, 0, 1, 3, 2, 2, 0, 0, 3, 2, 3, 1, 1, 3, 0, 1, 0, 1, 0, 0, 2,
       0, 1, 1, 3, 2, 2, 2, 2, 3, 0, 1, 1, 1, 1, 0, 1, 0, 0, 0, 3, 3, 3,
       3, 0, 2, 1, 1, 2, 2, 3, 0, 3, 1, 3, 2, 2, 0, 2, 2, 2, 3, 3, 0, 2,
       2, 0, 3, 2, 0, 0, 2, 0, 1, 0, 0, 0, 2, 3, 0, 0, 3, 1, 2, 2, 2, 1,
       3, 3, 3, 2, 2, 0, 2, 0, 2, 0, 1, 3, 3, 2, 2, 2, 1, 1, 3, 3, 2, 3,
       0, 0], dtype=object)]
[0, array([-3999.06359917, -1999.53179958, -1999.53179958,     0.        ]), array([0, 3, 0, 3, 1, 0, 0, 3, 1, 2, 0, 3, 2, 0, 0, 3, 3, 2, 1, 1, 1, 0,
       0, 1, 2, 2, 3, 1, 3, 1, 1, 2, 1, 0, 2, 1, 0, 2, 1, 0, 0, 3, 3, 2,
       2, 0, 1, 0, 3, 2, 2, 1, 2, 2, 0, 3, 1, 0, 0, 3, 2, 2, 2, 3, 0, 2,
       2, 1, 2, 2, 2, 3, 1, 0, 3, 2, 3, 0, 0, 2, 0, 3, 1, 0, 1, 0, 2, 1,
       2, 1, 0, 1, 3, 2, 2, 0, 0, 3, 2, 3, 1, 1, 3, 0, 1, 0, 1, 0, 0, 2,
       0, 1, 1, 3, 2, 2, 2, 2, 3, 0, 1, 1, 1, 1, 0, 1, 0, 0, 0, 3, 3, 3,
       3, 0, 2, 1, 1, 2, 2, 3, 0, 3, 1, 3, 2, 2, 0, 2, 2, 2, 3, 3, 0, 2,
       2, 0, 3, 2, 0, 0, 2, 0, 1, 0, 0, 0, 2, 3, 0, 0, 3, 1, 2, 2, 2, 1,
       3, 3, 3, 2, 2, 0, 2, 0, 2, 0, 1, 3, 3, 2, 2, 2, 1, 1, 3, 3, 2, 3,
       0, 0], dtype=object)]
[0, array([-3999.06359917, -1999.53179958, -1999.53179958,     0.        ]), array([0, 3, 0, 3, 1, 0, 0, 3, 1, 2, 0, 3, 2, 0, 0, 3, 3, 2, 1, 1, 1, 0,
       0, 1, 2, 2, 3, 1, 3, 1, 1, 2, 1, 0, 2, 1, 0, 2, 1, 0, 0, 3, 3, 2,
       2, 0, 1, 0, 3, 2, 2, 1, 2, 2, 0, 3, 1, 0, 0, 3, 2, 2, 2, 3, 0, 2,
       2, 1, 2, 2, 2, 3, 1, 0, 3, 2, 3, 0, 0, 2, 0, 3, 1, 0, 1, 0, 2, 1,
       2, 1, 0, 1, 3, 2, 2, 0, 0, 3, 2, 3, 1, 1, 3, 0, 1, 0, 1, 0, 0, 2,
       0, 1, 1, 3, 2, 2, 2, 2, 3, 0, 1, 1, 1, 1, 0, 1, 0, 0, 0, 3, 3, 3,
       3, 0, 2, 1, 1, 2, 2, 3, 0, 3, 1, 3, 2, 2, 0, 2, 2, 2, 3, 3, 0, 2,
       2, 0, 3, 2, 0, 0, 2, 0, 1, 0, 0, 0, 2, 3, 0, 0, 3, 1, 2, 2, 2, 1,
       3, 3, 3, 2, 2, 0, 2, 0, 2, 0, 1, 3, 3, 2, 2, 2, 1, 1, 3, 3, 2, 3,
       0, 0], dtype=object)]
[0, array([-3999.06359917, -1999.53179958, -1999.53179958,     0.        ]), array([0, 3, 0, 3, 1, 0, 0, 3, 1, 2, 0, 3, 2, 0, 0, 3, 3, 2, 1, 1, 1, 0,
       0, 1, 2, 2, 3, 1, 3, 1, 1, 2, 1, 0, 2, 1, 0, 2, 1, 0, 0, 3, 3, 2,
       2, 0, 1, 0, 3, 2, 2, 1, 2, 2, 0, 3, 1, 0, 0, 3, 2, 2, 2, 3, 0, 2,
       2, 1, 2, 2, 2, 3, 1, 0, 3, 2, 3, 0, 0, 2, 0, 3, 1, 0, 1, 0, 2, 1,
       2, 1, 0, 1, 3, 2, 2, 0, 0, 3, 2, 3, 1, 1, 3, 0, 1, 0, 1, 0, 0, 2,
       0, 1, 1, 3, 2, 2, 2, 2, 3, 0, 1, 1, 1, 1, 0, 1, 0, 0, 0, 3, 3, 3,
       3, 0, 2, 1, 1, 2, 2, 3, 0, 3, 1, 3, 2, 2, 0, 2, 2, 2, 3, 3, 0, 2,
       2, 0, 3, 2, 0, 0, 2, 0, 1, 0, 0, 0, 2, 3, 0, 0, 3, 1, 2, 2, 2, 1,
       3, 3, 3, 2, 2, 0, 2, 0, 2, 0, 1, 3, 3, 2, 2, 2, 1, 1, 3, 3, 2, 3,
       0, 0], dtype=object)]
[1, array([-14000.55819573,  -7000.27909786,  -7000.27909786,      0.        ]), array([1, 3, 3, 3, 0, 0, 2, 0, 2, 0, 3, 0, 0, 3, 1, 1, 1, 2, 2, 0, 0, 0,
       2, 0, 1, 2, 1, 2, 3, 0, 3, 3, 0, 0, 3, 2, 1, 2, 1, 3, 2, 0, 0, 0,
       2, 0, 2, 2, 2, 0, 1, 1, 2, 0, 3, 3, 2, 1, 2, 2, 3, 3, 0, 3, 2, 1,
       0, 1, 3, 3, 0, 1, 0, 2, 0, 1, 1, 3, 0, 2, 3, 0, 1, 3, 2, 2, 3, 3,
       3, 0, 1, 2, 1, 1, 1, 1, 2, 1, 1, 2, 0, 1, 1, 3, 1, 1, 1, 1, 1, 2,
       0, 3, 1, 0, 3, 1, 3, 3, 1, 3, 3, 0, 1, 0, 0, 0, 0, 1, 3, 3, 2, 3,
       2, 3, 2, 0, 1, 1, 1, 0, 0, 0, 3, 1, 3, 1, 2, 0, 1, 2, 2, 2, 2, 2,
       1, 0, 3, 1, 3, 2, 3, 2, 3, 1, 3, 2, 2, 2, 3, 3, 3, 2, 1, 1, 3, 1,
       2, 1, 1, 3, 2, 2, 3, 2, 3, 0, 1, 2, 3, 0, 0, 1, 0, 2, 0, 1, 1, 1,
       2, 2], dtype=object)]
[1, array([-14000.55819573,  -7000.27909786,  -7000.27909786,      0.        ]), array([1, 3, 3, 3, 0, 0, 2, 0, 2, 0, 3, 0, 0, 3, 1, 1, 1, 2, 2, 0, 0, 0,
       2, 0, 1, 2, 1, 2, 3, 0, 3, 3, 0, 0, 3, 2, 1, 2, 1, 3, 2, 0, 0, 0,
       2, 0, 2, 2, 2, 0, 1, 1, 2, 0, 3, 3, 2, 1, 2, 2, 3, 3, 0, 3, 2, 1,
       0, 1, 3, 3, 0, 1, 0, 2, 0, 1, 1, 3, 0, 2, 3, 0, 1, 3, 2, 2, 3, 3,
       3, 0, 1, 2, 1, 1, 1, 1, 2, 1, 1, 2, 0, 1, 1, 3, 1, 1, 1, 1, 1, 2,
       0, 3, 1, 0, 3, 1, 3, 3, 1, 3, 3, 0, 1, 0, 0, 0, 0, 1, 3, 3, 2, 3,
       2, 3, 2, 0, 1, 1, 1, 0, 0, 0, 3, 1, 3, 1, 2, 0, 1, 2, 2, 2, 2, 2,
       1, 0, 3, 1, 3, 2, 3, 2, 3, 1, 3, 2, 2, 2, 3, 3, 3, 2, 1, 1, 3, 1,
       2, 1, 1, 3, 2, 2, 3, 2, 3, 0, 1, 2, 3, 0, 0, 1, 0, 2, 0, 1, 1, 1,
       2, 2], dtype=object)]
[1, array([-14000.55819573,  -7000.27909786,  -7000.27909786,      0.        ]), array([1, 3, 3, 3, 0, 0, 2, 0, 2, 0, 3, 0, 0, 3, 1, 1, 1, 2, 2, 0, 0, 0,
       2, 0, 1, 2, 1, 2, 3, 0, 3, 3, 0, 0, 3, 2, 1, 2, 1, 3, 2, 0, 0, 0,
       2, 0, 2, 2, 2, 0, 1, 1, 2, 0, 3, 3, 2, 1, 2, 2, 3, 3, 0, 3, 2, 1,
       0, 1, 3, 3, 0, 1, 0, 2, 0, 1, 1, 3, 0, 2, 3, 0, 1, 3, 2, 2, 3, 3,
       3, 0, 1, 2, 1, 1, 1, 1, 2, 1, 1, 2, 0, 1, 1, 3, 1, 1, 1, 1, 1, 2,
       0, 3, 1, 0, 3, 1, 3, 3, 1, 3, 3, 0, 1, 0, 0, 0, 0, 1, 3, 3, 2, 3,
       2, 3, 2, 0, 1, 1, 1, 0, 0, 0, 3, 1, 3, 1, 2, 0, 1, 2, 2, 2, 2, 2,
       1, 0, 3, 1, 3, 2, 3, 2, 3, 1, 3, 2, 2, 2, 3, 3, 3, 2, 1, 1, 3, 1,
       2, 1, 1, 3, 2, 2, 3, 2, 3, 0, 1, 2, 3, 0, 0, 1, 0, 2, 0, 1, 1, 1,
       2, 2], dtype=object)]
[1, array([-14000.55819573,  -7000.27909786,  -7000.27909786,      0.        ]), array([1, 3, 3, 3, 0, 0, 2, 0, 2, 0, 3, 0, 0, 3, 1, 1, 1, 2, 2, 0, 0, 0,
       2, 0, 1, 2, 1, 2, 3, 0, 3, 3, 0, 0, 3, 2, 1, 2, 1, 3, 2, 0, 0, 0,
       2, 0, 2, 2, 2, 0, 1, 1, 2, 0, 3, 3, 2, 1, 2, 2, 3, 3, 0, 3, 2, 1,
       0, 1, 3, 3, 0, 1, 0, 2, 0, 1, 1, 3, 0, 2, 3, 0, 1, 3, 2, 2, 3, 3,
       3, 0, 1, 2, 1, 1, 1, 1, 2, 1, 1, 2, 0, 1, 1, 3, 1, 1, 1, 1, 1, 2,
       0, 3, 1, 0, 3, 1, 3, 3, 1, 3, 3, 0, 1, 0, 0, 0, 0, 1, 3, 3, 2, 3,
       2, 3, 2, 0, 1, 1, 1, 0, 0, 0, 3, 1, 3, 1, 2, 0, 1, 2, 2, 2, 2, 2,
       1, 0, 3, 1, 3, 2, 3, 2, 3, 1, 3, 2, 2, 2, 3, 3, 3, 2, 1, 1, 3, 1,
       2, 1, 1, 3, 2, 2, 3, 2, 3, 0, 1, 2, 3, 0, 0, 1, 0, 2, 0, 1, 1, 1,
       2, 2], dtype=object)]
[2, array([-14001.52791595,  -7000.76395798,  -7000.76395798,      0.        ]), array([1, 3, 2, 1, 1, 3, 2, 1, 0, 3, 2, 2, 1, 1, 2, 1, 0, 1, 2, 0, 2, 1,
       3, 3, 0, 0, 0, 3, 1, 0, 1, 0, 2, 0, 0, 0, 3, 1, 2, 2, 1, 1, 1, 2,
       1, 1, 0, 1, 1, 0, 1, 2, 1, 0, 1, 0, 1, 1, 2, 2, 2, 3, 2, 0, 0, 1,
       3, 2, 1, 3, 3, 2, 1, 1, 0, 1, 0, 0, 1, 2, 2, 1, 1, 1, 3, 1, 2, 3,
       3, 2, 3, 2, 1, 0, 1, 1, 1, 1, 1, 2, 1, 1, 2, 0, 1, 2, 2, 2, 0, 2,
       3, 3, 3, 3, 3, 2, 3, 0, 1, 3, 1, 0, 0, 0, 0, 3, 1, 1, 2, 2, 1, 2,
       0, 3, 3, 3, 2, 3, 3, 3, 3, 0, 3, 1, 1, 3, 2, 0, 3, 0, 0, 3, 3, 3,
       2, 1, 2, 2, 3, 3, 0, 3, 3, 1, 0, 3, 0, 3, 3, 2, 0, 3, 1, 0, 2, 1,
       0, 3, 2, 0, 2, 2, 3, 0, 2, 0, 2, 0, 1, 3, 0, 1, 2, 2, 0, 1, 3, 1,
       1, 2], dtype=object)]
[2, array([-14001.52791595,  -7000.76395798,  -7000.76395798,      0.        ]), array([1, 3, 2, 1, 1, 3, 2, 1, 0, 3, 2, 2, 1, 1, 2, 1, 0, 1, 2, 0, 2, 1,
       3, 3, 0, 0, 0, 3, 1, 0, 1, 0, 2, 0, 0, 0, 3, 1, 2, 2, 1, 1, 1, 2,
       1, 1, 0, 1, 1, 0, 1, 2, 1, 0, 1, 0, 1, 1, 2, 2, 2, 3, 2, 0, 0, 1,
       3, 2, 1, 3, 3, 2, 1, 1, 0, 1, 0, 0, 1, 2, 2, 1, 1, 1, 3, 1, 2, 3,
       3, 2, 3, 2, 1, 0, 1, 1, 1, 1, 1, 2, 1, 1, 2, 0, 1, 2, 2, 2, 0, 2,
       3, 3, 3, 3, 3, 2, 3, 0, 1, 3, 1, 0, 0, 0, 0, 3, 1, 1, 2, 2, 1, 2,
       0, 3, 3, 3, 2, 3, 3, 3, 3, 0, 3, 1, 1, 3, 2, 0, 3, 0, 0, 3, 3, 3,
       2, 1, 2, 2, 3, 3, 0, 3, 3, 1, 0, 3, 0, 3, 3, 2, 0, 3, 1, 0, 2, 1,
       0, 3, 2, 0, 2, 2, 3, 0, 2, 0, 2, 0, 1, 3, 0, 1, 2, 2, 0, 1, 3, 1,
       1, 2], dtype=object)]
[2, array([-14001.52791595,  -7000.76395798,  -7000.76395798,      0.        ]), array([1, 3, 2, 1, 1, 3, 2, 1, 0, 3, 2, 2, 1, 1, 2, 1, 0, 1, 2, 0, 2, 1,
       3, 3, 0, 0, 0, 3, 1, 0, 1, 0, 2, 0, 0, 0, 3, 1, 2, 2, 1, 1, 1, 2,
       1, 1, 0, 1, 1, 0, 1, 2, 1, 0, 1, 0, 1, 1, 2, 2, 2, 3, 2, 0, 0, 1,
       3, 2, 1, 3, 3, 2, 1, 1, 0, 1, 0, 0, 1, 2, 2, 1, 1, 1, 3, 1, 2, 3,
       3, 2, 3, 2, 1, 0, 1, 1, 1, 1, 1, 2, 1, 1, 2, 0, 1, 2, 2, 2, 0, 2,
       3, 3, 3, 3, 3, 2, 3, 0, 1, 3, 1, 0, 0, 0, 0, 3, 1, 1, 2, 2, 1, 2,
       0, 3, 3, 3, 2, 3, 3, 3, 3, 0, 3, 1, 1, 3, 2, 0, 3, 0, 0, 3, 3, 3,
       2, 1, 2, 2, 3, 3, 0, 3, 3, 1, 0, 3, 0, 3, 3, 2, 0, 3, 1, 0, 2, 1,
       0, 3, 2, 0, 2, 2, 3, 0, 2, 0, 2, 0, 1, 3, 0, 1, 2, 2, 0, 1, 3, 1,
       1, 2], dtype=object)]
[2, array([-14001.52791595,  -7000.76395798,  -7000.76395798,      0.        ]), array([1, 3, 2, 1, 1, 3, 2, 1, 0, 3, 2, 2, 1, 1, 2, 1, 0, 1, 2, 0, 2, 1,
       3, 3, 0, 0, 0, 3, 1, 0, 1, 0, 2, 0, 0, 0, 3, 1, 2, 2, 1, 1, 1, 2,
       1, 1, 0, 1, 1, 0, 1, 2, 1, 0, 1, 0, 1, 1, 2, 2, 2, 3, 2, 0, 0, 1,
       3, 2, 1, 3, 3, 2, 1, 1, 0, 1, 0, 0, 1, 2, 2, 1, 1, 1, 3, 1, 2, 3,
       3, 2, 3, 2, 1, 0, 1, 1, 1, 1, 1, 2, 1, 1, 2, 0, 1, 2, 2, 2, 0, 2,
       3, 3, 3, 3, 3, 2, 3, 0, 1, 3, 1, 0, 0, 0, 0, 3, 1, 1, 2, 2, 1, 2,
       0, 3, 3, 3, 2, 3, 3, 3, 3, 0, 3, 1, 1, 3, 2, 0, 3, 0, 0, 3, 3, 3,
       2, 1, 2, 2, 3, 3, 0, 3, 3, 1, 0, 3, 0, 3, 3, 2, 0, 3, 1, 0, 2, 1,
       0, 3, 2, 0, 2, 2, 3, 0, 2, 0, 2, 0, 1, 3, 0, 1, 2, 2, 0, 1, 3, 1,
       1, 2], dtype=object)]
[3, array([-14000.55819573,  -7000.27909786,  -7000.27909786,      0.        ]), array([0, 0, 3, 2, 3, 0, 0, 0, 1, 3, 1, 3, 1, 2, 1, 3, 0, 0, 0, 1, 3, 1,
       3, 0, 0, 3, 3, 1, 2, 3, 2, 3, 3, 3, 1, 3, 2, 2, 0, 1, 1, 0, 3, 0,
       1, 3, 2, 2, 2, 0, 2, 0, 3, 0, 2, 1, 1, 2, 2, 2, 2, 1, 0, 3, 0, 2,
       2, 2, 2, 3, 3, 3, 3, 1, 2, 2, 1, 0, 0, 2, 0, 3, 2, 0, 2, 1, 3, 0,
       1, 2, 1, 1, 0, 0, 0, 1, 2, 2, 3, 0, 1, 1, 0, 0, 2, 0, 2, 0, 1, 3,
       0, 1, 3, 0, 2, 0, 3, 2, 2, 1, 3, 3, 3, 1, 1, 0, 0, 2, 2, 3, 2, 3,
       3, 1, 0, 1, 2, 3, 1, 0, 3, 0, 2, 2, 1, 0, 3, 0, 3, 1, 3, 3, 1, 3,
       2, 0, 0, 3, 3, 3, 2, 2, 1, 1, 3, 0, 1, 0, 0, 1, 3, 2, 2, 0, 3, 1,
       1, 3, 0, 0, 2, 3, 3, 2, 1, 0, 1, 2, 3, 0, 1, 1, 0, 3, 2, 3, 1, 1,
       2, 0], dtype=object)]
[3, array([-14000.55819573,  -7000.27909786,  -7000.27909786,      0.        ]), array([0, 0, 3, 2, 3, 0, 0, 0, 1, 3, 1, 3, 1, 2, 1, 3, 0, 0, 0, 1, 3, 1,
       3, 0, 0, 3, 3, 1, 2, 3, 2, 3, 3, 3, 1, 3, 2, 2, 0, 1, 1, 0, 3, 0,
       1, 3, 2, 2, 2, 0, 2, 0, 3, 0, 2, 1, 1, 2, 2, 2, 2, 1, 0, 3, 0, 2,
       2, 2, 2, 3, 3, 3, 3, 1, 2, 2, 1, 0, 0, 2, 0, 3, 2, 0, 2, 1, 3, 0,
       1, 2, 1, 1, 0, 0, 0, 1, 2, 2, 3, 0, 1, 1, 0, 0, 2, 0, 2, 0, 1, 3,
       0, 1, 3, 0, 2, 0, 3, 2, 2, 1, 3, 3, 3, 1, 1, 0, 0, 2, 2, 3, 2, 3,
       3, 1, 0, 1, 2, 3, 1, 0, 3, 0, 2, 2, 1, 0, 3, 0, 3, 1, 3, 3, 1, 3,
       2, 0, 0, 3, 3, 3, 2, 2, 1, 1, 3, 0, 1, 0, 0, 1, 3, 2, 2, 0, 3, 1,
       1, 3, 0, 0, 2, 3, 3, 2, 1, 0, 1, 2, 3, 0, 1, 1, 0, 3, 2, 3, 1, 1,
       2, 0], dtype=object)]
[3, array([-14000.55819573,  -7000.27909786,  -7000.27909786,      0.        ]), array([0, 0, 3, 2, 3, 0, 0, 0, 1, 3, 1, 3, 1, 2, 1, 3, 0, 0, 0, 1, 3, 1,
       3, 0, 0, 3, 3, 1, 2, 3, 2, 3, 3, 3, 1, 3, 2, 2, 0, 1, 1, 0, 3, 0,
       1, 3, 2, 2, 2, 0, 2, 0, 3, 0, 2, 1, 1, 2, 2, 2, 2, 1, 0, 3, 0, 2,
       2, 2, 2, 3, 3, 3, 3, 1, 2, 2, 1, 0, 0, 2, 0, 3, 2, 0, 2, 1, 3, 0,
       1, 2, 1, 1, 0, 0, 0, 1, 2, 2, 3, 0, 1, 1, 0, 0, 2, 0, 2, 0, 1, 3,
       0, 1, 3, 0, 2, 0, 3, 2, 2, 1, 3, 3, 3, 1, 1, 0, 0, 2, 2, 3, 2, 3,
       3, 1, 0, 1, 2, 3, 1, 0, 3, 0, 2, 2, 1, 0, 3, 0, 3, 1, 3, 3, 1, 3,
       2, 0, 0, 3, 3, 3, 2, 2, 1, 1, 3, 0, 1, 0, 0, 1, 3, 2, 2, 0, 3, 1,
       1, 3, 0, 0, 2, 3, 3, 2, 1, 0, 1, 2, 3, 0, 1, 1, 0, 3, 2, 3, 1, 1,
       2, 0], dtype=object)]
[3, array([-14000.55819573,  -7000.27909786,  -7000.27909786,      0.        ]), array([0, 0, 3, 2, 3, 0, 0, 0, 1, 3, 1, 3, 1, 2, 1, 3, 0, 0, 0, 1, 3, 1,
       3, 0, 0, 3, 3, 1, 2, 3, 2, 3, 3, 3, 1, 3, 2, 2, 0, 1, 1, 0, 3, 0,
       1, 3, 2, 2, 2, 0, 2, 0, 3, 0, 2, 1, 1, 2, 2, 2, 2, 1, 0, 3, 0, 2,
       2, 2, 2, 3, 3, 3, 3, 1, 2, 2, 1, 0, 0, 2, 0, 3, 2, 0, 2, 1, 3, 0,
       1, 2, 1, 1, 0, 0, 0, 1, 2, 2, 3, 0, 1, 1, 0, 0, 2, 0, 2, 0, 1, 3,
       0, 1, 3, 0, 2, 0, 3, 2, 2, 1, 3, 3, 3, 1, 1, 0, 0, 2, 2, 3, 2, 3,
       3, 1, 0, 1, 2, 3, 1, 0, 3, 0, 2, 2, 1, 0, 3, 0, 3, 1, 3, 3, 1, 3,
       2, 0, 0, 3, 3, 3, 2, 2, 1, 1, 3, 0, 1, 0, 0, 1, 3, 2, 2, 0, 3, 1,
       1, 3, 0, 0, 2, 3, 3, 2, 1, 0, 1, 2, 3, 0, 1, 1, 0, 3, 2, 3, 1, 1,
       2, 0], dtype=object)]
[4, array([-10000.92881861,  -5000.4644093 ,  -5000.4644093 ,      0.        ]), array([1, 1, 0, 1, 1, 3, 3, 0, 2, 2, 3, 2, 2, 0, 0, 3, 2, 0, 1, 1, 3, 1,
       0, 3, 2, 1, 2, 1, 0, 2, 2, 0, 2, 1, 1, 2, 3, 3, 3, 0, 1, 3, 1, 2,
       1, 1, 3, 2, 1, 1, 3, 2, 1, 0, 1, 1, 3, 3, 1, 0, 2, 3, 0, 2, 0, 0,
       3, 1, 1, 3, 3, 0, 1, 1, 2, 1, 0, 0, 1, 2, 3, 1, 0, 2, 3, 1, 2, 3,
       0, 2, 3, 0, 1, 0, 3, 1, 1, 2, 1, 2, 0, 1, 3, 0, 1, 2, 0, 3, 2, 0,
       3, 3, 3, 1, 0, 2, 3, 3, 1, 0, 0, 0, 1, 1, 0, 3, 1, 1, 2, 2, 1, 2,
       1, 0, 0, 2, 3, 2, 3, 1, 3, 0, 0, 0, 2, 3, 2, 1, 2, 3, 0, 3, 3, 2,
       2, 1, 0, 1, 2, 3, 3, 3, 1, 1, 2, 1, 0, 3, 0, 0, 0, 1, 2, 1, 3, 0,
       1, 0, 0, 3, 3, 3, 3, 0, 2, 1, 3, 0, 0, 3, 2, 3, 2, 1, 2, 0, 3, 1,
       3, 1], dtype=object)]
[4, array([-10000.92881861,  -5000.4644093 ,  -5000.4644093 ,      0.        ]), array([1, 1, 0, 1, 1, 3, 3, 0, 2, 2, 3, 2, 2, 0, 0, 3, 2, 0, 1, 1, 3, 1,
       0, 3, 2, 1, 2, 1, 0, 2, 2, 0, 2, 1, 1, 2, 3, 3, 3, 0, 1, 3, 1, 2,
       1, 1, 3, 2, 1, 1, 3, 2, 1, 0, 1, 1, 3, 3, 1, 0, 2, 3, 0, 2, 0, 0,
       3, 1, 1, 3, 3, 0, 1, 1, 2, 1, 0, 0, 1, 2, 3, 1, 0, 2, 3, 1, 2, 3,
       0, 2, 3, 0, 1, 0, 3, 1, 1, 2, 1, 2, 0, 1, 3, 0, 1, 2, 0, 3, 2, 0,
       3, 3, 3, 1, 0, 2, 3, 3, 1, 0, 0, 0, 1, 1, 0, 3, 1, 1, 2, 2, 1, 2,
       1, 0, 0, 2, 3, 2, 3, 1, 3, 0, 0, 0, 2, 3, 2, 1, 2, 3, 0, 3, 3, 2,
       2, 1, 0, 1, 2, 3, 3, 3, 1, 1, 2, 1, 0, 3, 0, 0, 0, 1, 2, 1, 3, 0,
       1, 0, 0, 3, 3, 3, 3, 0, 2, 1, 3, 0, 0, 3, 2, 3, 2, 1, 2, 0, 3, 1,
       3, 1], dtype=object)]
[4, array([-10000.92881861,  -5000.4644093 ,  -5000.4644093 ,      0.        ]), array([1, 1, 0, 1, 1, 3, 3, 0, 2, 2, 3, 2, 2, 0, 0, 3, 2, 0, 1, 1, 3, 1,
       0, 3, 2, 1, 2, 1, 0, 2, 2, 0, 2, 1, 1, 2, 3, 3, 3, 0, 1, 3, 1, 2,
       1, 1, 3, 2, 1, 1, 3, 2, 1, 0, 1, 1, 3, 3, 1, 0, 2, 3, 0, 2, 0, 0,
       3, 1, 1, 3, 3, 0, 1, 1, 2, 1, 0, 0, 1, 2, 3, 1, 0, 2, 3, 1, 2, 3,
       0, 2, 3, 0, 1, 0, 3, 1, 1, 2, 1, 2, 0, 1, 3, 0, 1, 2, 0, 3, 2, 0,
       3, 3, 3, 1, 0, 2, 3, 3, 1, 0, 0, 0, 1, 1, 0, 3, 1, 1, 2, 2, 1, 2,
       1, 0, 0, 2, 3, 2, 3, 1, 3, 0, 0, 0, 2, 3, 2, 1, 2, 3, 0, 3, 3, 2,
       2, 1, 0, 1, 2, 3, 3, 3, 1, 1, 2, 1, 0, 3, 0, 0, 0, 1, 2, 1, 3, 0,
       1, 0, 0, 3, 3, 3, 3, 0, 2, 1, 3, 0, 0, 3, 2, 3, 2, 1, 2, 0, 3, 1,
       3, 1], dtype=object)]
[4, array([-10000.92881861,  -5000.4644093 ,  -5000.4644093 ,      0.        ]), array([1, 1, 0, 1, 1, 3, 3, 0, 2, 2, 3, 2, 2, 0, 0, 3, 2, 0, 1, 1, 3, 1,
       0, 3, 2, 1, 2, 1, 0, 2, 2, 0, 2, 1, 1, 2, 3, 3, 3, 0, 1, 3, 1, 2,
       1, 1, 3, 2, 1, 1, 3, 2, 1, 0, 1, 1, 3, 3, 1, 0, 2, 3, 0, 2, 0, 0,
       3, 1, 1, 3, 3, 0, 1, 1, 2, 1, 0, 0, 1, 2, 3, 1, 0, 2, 3, 1, 2, 3,
       0, 2, 3, 0, 1, 0, 3, 1, 1, 2, 1, 2, 0, 1, 3, 0, 1, 2, 0, 3, 2, 0,
       3, 3, 3, 1, 0, 2, 3, 3, 1, 0, 0, 0, 1, 1, 0, 3, 1, 1, 2, 2, 1, 2,
       1, 0, 0, 2, 3, 2, 3, 1, 3, 0, 0, 0, 2, 3, 2, 1, 2, 3, 0, 3, 3, 2,
       2, 1, 0, 1, 2, 3, 3, 3, 1, 1, 2, 1, 0, 3, 0, 0, 0, 1, 2, 1, 3, 0,
       1, 0, 0, 3, 3, 3, 3, 0, 2, 1, 3, 0, 0, 3, 2, 3, 2, 1, 2, 0, 3, 1,
       3, 1], dtype=object)]
[5, array([-17999.98484817,  -8999.99242408,  -8999.99242408,      0.        ]), array([1, 3, 2, 1, 1, 3, 3, 0, 2, 2, 3, 2, 2, 0, 0, 3, 2, 0, 1, 1, 3, 1,
       0, 3, 2, 1, 2, 1, 0, 2, 2, 0, 2, 1, 1, 2, 3, 3, 3, 0, 1, 3, 1, 2,
       1, 1, 3, 2, 1, 1, 3, 2, 1, 0, 1, 1, 3, 3, 1, 0, 2, 3, 0, 2, 0, 0,
       3, 1, 1, 3, 3, 0, 1, 1, 2, 1, 0, 0, 1, 2, 3, 1, 0, 2, 3, 1, 2, 3,
       0, 2, 3, 0, 1, 0, 3, 1, 1, 2, 1, 2, 0, 1, 3, 0, 1, 2, 0, 3, 2, 0,
       3, 3, 3, 1, 0, 2, 3, 3, 1, 0, 0, 0, 1, 1, 0, 3, 1, 1, 2, 2, 1, 2,
       1, 0, 0, 2, 3, 2, 3, 1, 3, 0, 0, 0, 2, 3, 2, 1, 2, 3, 0, 3, 3, 2,
       2, 1, 0, 1, 2, 3, 3, 3, 1, 1, 2, 1, 0, 3, 0, 0, 0, 1, 2, 1, 3, 0,
       1, 0, 0, 3, 3, 3, 3, 0, 2, 1, 3, 0, 0, 3, 2, 3, 2, 1, 2, 0, 3, 1,
       3, 1], dtype=object)]
[5, array([-17999.98484817,  -8999.99242408,  -8999.99242408,      0.        ]), array([1, 3, 2, 1, 1, 3, 3, 0, 2, 2, 3, 2, 2, 0, 0, 3, 2, 0, 1, 1, 3, 1,
       0, 3, 2, 1, 2, 1, 0, 2, 2, 0, 2, 1, 1, 2, 3, 3, 3, 0, 1, 3, 1, 2,
       1, 1, 3, 2, 1, 1, 3, 2, 1, 0, 1, 1, 3, 3, 1, 0, 2, 3, 0, 2, 0, 0,
       3, 1, 1, 3, 3, 0, 1, 1, 2, 1, 0, 0, 1, 2, 3, 1, 0, 2, 3, 1, 2, 3,
       0, 2, 3, 0, 1, 0, 3, 1, 1, 2, 1, 2, 0, 1, 3, 0, 1, 2, 0, 3, 2, 0,
       3, 3, 3, 1, 0, 2, 3, 3, 1, 0, 0, 0, 1, 1, 0, 3, 1, 1, 2, 2, 1, 2,
       1, 0, 0, 2, 3, 2, 3, 1, 3, 0, 0, 0, 2, 3, 2, 1, 2, 3, 0, 3, 3, 2,
       2, 1, 0, 1, 2, 3, 3, 3, 1, 1, 2, 1, 0, 3, 0, 0, 0, 1, 2, 1, 3, 0,
       1, 0, 0, 3, 3, 3, 3, 0, 2, 1, 3, 0, 0, 3, 2, 3, 2, 1, 2, 0, 3, 1,
       3, 1], dtype=object)]
[5, array([-17999.98484817,  -8999.99242408,  -8999.99242408,      0.        ]), array([1, 3, 2, 1, 1, 3, 3, 0, 2, 2, 3, 2, 2, 0, 0, 3, 2, 0, 1, 1, 3, 1,
       0, 3, 2, 1, 2, 1, 0, 2, 2, 0, 2, 1, 1, 2, 3, 3, 3, 0, 1, 3, 1, 2,
       1, 1, 3, 2, 1, 1, 3, 2, 1, 0, 1, 1, 3, 3, 1, 0, 2, 3, 0, 2, 0, 0,
       3, 1, 1, 3, 3, 0, 1, 1, 2, 1, 0, 0, 1, 2, 3, 1, 0, 2, 3, 1, 2, 3,
       0, 2, 3, 0, 1, 0, 3, 1, 1, 2, 1, 2, 0, 1, 3, 0, 1, 2, 0, 3, 2, 0,
       3, 3, 3, 1, 0, 2, 3, 3, 1, 0, 0, 0, 1, 1, 0, 3, 1, 1, 2, 2, 1, 2,
       1, 0, 0, 2, 3, 2, 3, 1, 3, 0, 0, 0, 2, 3, 2, 1, 2, 3, 0, 3, 3, 2,
       2, 1, 0, 1, 2, 3, 3, 3, 1, 1, 2, 1, 0, 3, 0, 0, 0, 1, 2, 1, 3, 0,
       1, 0, 0, 3, 3, 3, 3, 0, 2, 1, 3, 0, 0, 3, 2, 3, 2, 1, 2, 0, 3, 1,
       3, 1], dtype=object)]
[5, array([-17999.98484817,  -8999.99242408,  -8999.99242408,      0.        ]), array([1, 3, 2, 1, 1, 3, 3, 0, 2, 2, 3, 2, 2, 0, 0, 3, 2, 0, 1, 1, 3, 1,
       0, 3, 2, 1, 2, 1, 0, 2, 2, 0, 2, 1, 1, 2, 3, 3, 3, 0, 1, 3, 1, 2,
       1, 1, 3, 2, 1, 1, 3, 2, 1, 0, 1, 1, 3, 3, 1, 0, 2, 3, 0, 2, 0, 0,
       3, 1, 1, 3, 3, 0, 1, 1, 2, 1, 0, 0, 1, 2, 3, 1, 0, 2, 3, 1, 2, 3,
       0, 2, 3, 0, 1, 0, 3, 1, 1, 2, 1, 2, 0, 1, 3, 0, 1, 2, 0, 3, 2, 0,
       3, 3, 3, 1, 0, 2, 3, 3, 1, 0, 0, 0, 1, 1, 0, 3, 1, 1, 2, 2, 1, 2,
       1, 0, 0, 2, 3, 2, 3, 1, 3, 0, 0, 0, 2, 3, 2, 1, 2, 3, 0, 3, 3, 2,
       2, 1, 0, 1, 2, 3, 3, 3, 1, 1, 2, 1, 0, 3, 0, 0, 0, 1, 2, 1, 3, 0,
       1, 0, 0, 3, 3, 3, 3, 0, 2, 1, 3, 0, 0, 3, 2, 3, 2, 1, 2, 0, 3, 1,
       3, 1], dtype=object)]
[6, array([-14000.67309466,  -7000.33654733,  -7000.33654733,      0.        ]), array([1, 3, 2, 1, 3, 3, 3, 3, 0, 3, 2, 2, 3, 3, 1, 2, 0, 1, 3, 1, 2, 2,
       3, 3, 2, 3, 0, 0, 3, 0, 3, 3, 2, 0, 0, 3, 2, 1, 3, 3, 3, 0, 3, 1,
       3, 1, 1, 0, 2, 1, 1, 1, 0, 3, 2, 0, 2, 3, 3, 3, 3, 0, 2, 3, 2, 0,
       0, 3, 3, 0, 0, 2, 3, 3, 0, 0, 2, 3, 1, 2, 2, 1, 0, 1, 2, 2, 3, 0,
       1, 2, 1, 1, 3, 0, 0, 1, 2, 2, 3, 0, 2, 1, 0, 2, 1, 2, 0, 2, 0, 2,
       3, 1, 0, 1, 0, 2, 2, 2, 2, 2, 2, 2, 2, 3, 2, 2, 2, 0, 0, 1, 1, 3,
       3, 3, 0, 3, 1, 3, 3, 1, 3, 1, 0, 1, 2, 3, 3, 3, 2, 3, 2, 0, 2, 1,
       0, 1, 3, 1, 1, 2, 3, 1, 2, 0, 0, 1, 1, 0, 0, 3, 2, 2, 3, 3, 3, 2,
       3, 2, 2, 3, 1, 3, 1, 3, 2, 2, 2, 1, 3, 3, 0, 1, 3, 0, 2, 1, 0, 1,
       2, 0], dtype=object)]
[6, array([-14000.67309466,  -7000.33654733,  -7000.33654733,      0.        ]), array([1, 3, 2, 1, 3, 3, 3, 3, 0, 3, 2, 2, 3, 3, 1, 2, 0, 1, 3, 1, 2, 2,
       3, 3, 2, 3, 0, 0, 3, 0, 3, 3, 2, 0, 0, 3, 2, 1, 3, 3, 3, 0, 3, 1,
       3, 1, 1, 0, 2, 1, 1, 1, 0, 3, 2, 0, 2, 3, 3, 3, 3, 0, 2, 3, 2, 0,
       0, 3, 3, 0, 0, 2, 3, 3, 0, 0, 2, 3, 1, 2, 2, 1, 0, 1, 2, 2, 3, 0,
       1, 2, 1, 1, 3, 0, 0, 1, 2, 2, 3, 0, 2, 1, 0, 2, 1, 2, 0, 2, 0, 2,
       3, 1, 0, 1, 0, 2, 2, 2, 2, 2, 2, 2, 2, 3, 2, 2, 2, 0, 0, 1, 1, 3,
       3, 3, 0, 3, 1, 3, 3, 1, 3, 1, 0, 1, 2, 3, 3, 3, 2, 3, 2, 0, 2, 1,
       0, 1, 3, 1, 1, 2, 3, 1, 2, 0, 0, 1, 1, 0, 0, 3, 2, 2, 3, 3, 3, 2,
       3, 2, 2, 3, 1, 3, 1, 3, 2, 2, 2, 1, 3, 3, 0, 1, 3, 0, 2, 1, 0, 1,
       2, 0], dtype=object)]
[6, array([-14000.67309466,  -7000.33654733,  -7000.33654733,      0.        ]), array([1, 3, 2, 1, 3, 3, 3, 3, 0, 3, 2, 2, 3, 3, 1, 2, 0, 1, 3, 1, 2, 2,
       3, 3, 2, 3, 0, 0, 3, 0, 3, 3, 2, 0, 0, 3, 2, 1, 3, 3, 3, 0, 3, 1,
       3, 1, 1, 0, 2, 1, 1, 1, 0, 3, 2, 0, 2, 3, 3, 3, 3, 0, 2, 3, 2, 0,
       0, 3, 3, 0, 0, 2, 3, 3, 0, 0, 2, 3, 1, 2, 2, 1, 0, 1, 2, 2, 3, 0,
       1, 2, 1, 1, 3, 0, 0, 1, 2, 2, 3, 0, 2, 1, 0, 2, 1, 2, 0, 2, 0, 2,
       3, 1, 0, 1, 0, 2, 2, 2, 2, 2, 2, 2, 2, 3, 2, 2, 2, 0, 0, 1, 1, 3,
       3, 3, 0, 3, 1, 3, 3, 1, 3, 1, 0, 1, 2, 3, 3, 3, 2, 3, 2, 0, 2, 1,
       0, 1, 3, 1, 1, 2, 3, 1, 2, 0, 0, 1, 1, 0, 0, 3, 2, 2, 3, 3, 3, 2,
       3, 2, 2, 3, 1, 3, 1, 3, 2, 2, 2, 1, 3, 3, 0, 1, 3, 0, 2, 1, 0, 1,
       2, 0], dtype=object)]
[6, array([-14000.67309466,  -7000.33654733,  -7000.33654733,      0.        ]), array([1, 3, 2, 1, 3, 3, 3, 3, 0, 3, 2, 2, 3, 3, 1, 2, 0, 1, 3, 1, 2, 2,
       3, 3, 2, 3, 0, 0, 3, 0, 3, 3, 2, 0, 0, 3, 2, 1, 3, 3, 3, 0, 3, 1,
       3, 1, 1, 0, 2, 1, 1, 1, 0, 3, 2, 0, 2, 3, 3, 3, 3, 0, 2, 3, 2, 0,
       0, 3, 3, 0, 0, 2, 3, 3, 0, 0, 2, 3, 1, 2, 2, 1, 0, 1, 2, 2, 3, 0,
       1, 2, 1, 1, 3, 0, 0, 1, 2, 2, 3, 0, 2, 1, 0, 2, 1, 2, 0, 2, 0, 2,
       3, 1, 0, 1, 0, 2, 2, 2, 2, 2, 2, 2, 2, 3, 2, 2, 2, 0, 0, 1, 1, 3,
       3, 3, 0, 3, 1, 3, 3, 1, 3, 1, 0, 1, 2, 3, 3, 3, 2, 3, 2, 0, 2, 1,
       0, 1, 3, 1, 1, 2, 3, 1, 2, 0, 0, 1, 1, 0, 0, 3, 2, 2, 3, 3, 3, 2,
       3, 2, 2, 3, 1, 3, 1, 3, 2, 2, 2, 1, 3, 3, 0, 1, 3, 0, 2, 1, 0, 1,
       2, 0], dtype=object)]
[7, array([-18000.92520622,  -9000.46260311,  -9000.46260311,      0.        ]), array([3, 3, 3, 3, 0, 0, 3, 0, 2, 1, 1, 3, 2, 2, 2, 1, 2, 1, 2, 0, 1, 3,
       2, 0, 3, 3, 0, 1, 2, 2, 0, 1, 1, 2, 3, 0, 2, 0, 2, 1, 1, 2, 1, 3,
       2, 0, 3, 3, 0, 3, 2, 2, 1, 1, 2, 1, 0, 2, 0, 3, 3, 0, 0, 3, 2, 1,
       1, 1, 3, 1, 3, 3, 3, 0, 3, 3, 0, 0, 0, 2, 0, 0, 2, 2, 2, 1, 0, 3,
       2, 2, 1, 0, 3, 2, 1, 3, 2, 0, 1, 1, 1, 3, 3, 0, 0, 3, 1, 0, 1, 3,
       1, 3, 0, 3, 0, 2, 1, 0, 2, 3, 0, 3, 1, 1, 2, 3, 2, 0, 0, 1, 0, 0,
       3, 2, 1, 0, 2, 1, 2, 3, 3, 1, 1, 3, 0, 3, 3, 0, 3, 1, 0, 1, 1, 2,
       1, 0, 3, 3, 3, 1, 0, 0, 0, 0, 3, 0, 0, 1, 3, 2, 2, 0, 3, 2, 0, 2,
       2, 0, 2, 0, 0, 3, 2, 0, 3, 2, 1, 1, 1, 1, 2, 3, 2, 1, 1, 2, 1, 0,
       1, 1], dtype=object)]
[7, array([-18000.92520622,  -9000.46260311,  -9000.46260311,      0.        ]), array([3, 3, 3, 3, 0, 0, 3, 0, 2, 1, 1, 3, 2, 2, 2, 1, 2, 1, 2, 0, 1, 3,
       2, 0, 3, 3, 0, 1, 2, 2, 0, 1, 1, 2, 3, 0, 2, 0, 2, 1, 1, 2, 1, 3,
       2, 0, 3, 3, 0, 3, 2, 2, 1, 1, 2, 1, 0, 2, 0, 3, 3, 0, 0, 3, 2, 1,
       1, 1, 3, 1, 3, 3, 3, 0, 3, 3, 0, 0, 0, 2, 0, 0, 2, 2, 2, 1, 0, 3,
       2, 2, 1, 0, 3, 2, 1, 3, 2, 0, 1, 1, 1, 3, 3, 0, 0, 3, 1, 0, 1, 3,
       1, 3, 0, 3, 0, 2, 1, 0, 2, 3, 0, 3, 1, 1, 2, 3, 2, 0, 0, 1, 0, 0,
       3, 2, 1, 0, 2, 1, 2, 3, 3, 1, 1, 3, 0, 3, 3, 0, 3, 1, 0, 1, 1, 2,
       1, 0, 3, 3, 3, 1, 0, 0, 0, 0, 3, 0, 0, 1, 3, 2, 2, 0, 3, 2, 0, 2,
       2, 0, 2, 0, 0, 3, 2, 0, 3, 2, 1, 1, 1, 1, 2, 3, 2, 1, 1, 2, 1, 0,
       1, 1], dtype=object)]
[7, array([-18000.92520622,  -9000.46260311,  -9000.46260311,      0.        ]), array([3, 3, 3, 3, 0, 0, 3, 0, 2, 1, 1, 3, 2, 2, 2, 1, 2, 1, 2, 0, 1, 3,
       2, 0, 3, 3, 0, 1, 2, 2, 0, 1, 1, 2, 3, 0, 2, 0, 2, 1, 1, 2, 1, 3,
       2, 0, 3, 3, 0, 3, 2, 2, 1, 1, 2, 1, 0, 2, 0, 3, 3, 0, 0, 3, 2, 1,
       1, 1, 3, 1, 3, 3, 3, 0, 3, 3, 0, 0, 0, 2, 0, 0, 2, 2, 2, 1, 0, 3,
       2, 2, 1, 0, 3, 2, 1, 3, 2, 0, 1, 1, 1, 3, 3, 0, 0, 3, 1, 0, 1, 3,
       1, 3, 0, 3, 0, 2, 1, 0, 2, 3, 0, 3, 1, 1, 2, 3, 2, 0, 0, 1, 0, 0,
       3, 2, 1, 0, 2, 1, 2, 3, 3, 1, 1, 3, 0, 3, 3, 0, 3, 1, 0, 1, 1, 2,
       1, 0, 3, 3, 3, 1, 0, 0, 0, 0, 3, 0, 0, 1, 3, 2, 2, 0, 3, 2, 0, 2,
       2, 0, 2, 0, 0, 3, 2, 0, 3, 2, 1, 1, 1, 1, 2, 3, 2, 1, 1, 2, 1, 0,
       1, 1], dtype=object)]
[7, array([-18000.92520622,  -9000.46260311,  -9000.46260311,      0.        ]), array([3, 3, 3, 3, 0, 0, 3, 0, 2, 1, 1, 3, 2, 2, 2, 1, 2, 1, 2, 0, 1, 3,
       2, 0, 3, 3, 0, 1, 2, 2, 0, 1, 1, 2, 3, 0, 2, 0, 2, 1, 1, 2, 1, 3,
       2, 0, 3, 3, 0, 3, 2, 2, 1, 1, 2, 1, 0, 2, 0, 3, 3, 0, 0, 3, 2, 1,
       1, 1, 3, 1, 3, 3, 3, 0, 3, 3, 0, 0, 0, 2, 0, 0, 2, 2, 2, 1, 0, 3,
       2, 2, 1, 0, 3, 2, 1, 3, 2, 0, 1, 1, 1, 3, 3, 0, 0, 3, 1, 0, 1, 3,
       1, 3, 0, 3, 0, 2, 1, 0, 2, 3, 0, 3, 1, 1, 2, 3, 2, 0, 0, 1, 0, 0,
       3, 2, 1, 0, 2, 1, 2, 3, 3, 1, 1, 3, 0, 3, 3, 0, 3, 1, 0, 1, 1, 2,
       1, 0, 3, 3, 3, 1, 0, 0, 0, 0, 3, 0, 0, 1, 3, 2, 2, 0, 3, 2, 0, 2,
       2, 0, 2, 0, 0, 3, 2, 0, 3, 2, 1, 1, 1, 1, 2, 3, 2, 1, 1, 2, 1, 0,
       1, 1], dtype=object)]
[8, array([-18000.92520622,  -9000.46260311,  -9000.46260311,      0.        ]), array([3, 3, 3, 3, 0, 0, 3, 0, 2, 1, 1, 3, 2, 2, 2, 1, 2, 1, 2, 0, 1, 3,
       2, 0, 3, 3, 0, 1, 2, 2, 0, 1, 1, 2, 3, 0, 2, 0, 2, 1, 1, 2, 1, 3,
       2, 0, 3, 3, 0, 3, 2, 2, 1, 1, 2, 1, 0, 2, 0, 3, 3, 0, 0, 3, 2, 1,
       1, 1, 3, 1, 3, 3, 3, 0, 3, 3, 0, 0, 0, 2, 0, 0, 2, 2, 2, 1, 0, 3,
       2, 2, 1, 0, 3, 2, 1, 3, 2, 0, 1, 1, 1, 3, 3, 0, 0, 3, 1, 0, 1, 3,
       1, 3, 0, 3, 0, 2, 1, 0, 2, 3, 0, 3, 1, 1, 2, 3, 2, 0, 0, 1, 0, 0,
       3, 2, 1, 0, 2, 1, 2, 3, 3, 1, 1, 3, 0, 3, 3, 0, 3, 1, 0, 1, 1, 2,
       1, 0, 3, 3, 3, 1, 0, 0, 0, 0, 3, 0, 0, 1, 3, 2, 2, 0, 3, 2, 0, 2,
       2, 0, 2, 0, 0, 3, 2, 0, 3, 2, 1, 1, 1, 1, 2, 3, 2, 1, 1, 2, 1, 0,
       1, 1], dtype=object)]
[8, array([-18000.92520622,  -9000.46260311,  -9000.46260311,      0.        ]), array([3, 3, 3, 3, 0, 0, 3, 0, 2, 1, 1, 3, 2, 2, 2, 1, 2, 1, 2, 0, 1, 3,
       2, 0, 3, 3, 0, 1, 2, 2, 0, 1, 1, 2, 3, 0, 2, 0, 2, 1, 1, 2, 1, 3,
       2, 0, 3, 3, 0, 3, 2, 2, 1, 1, 2, 1, 0, 2, 0, 3, 3, 0, 0, 3, 2, 1,
       1, 1, 3, 1, 3, 3, 3, 0, 3, 3, 0, 0, 0, 2, 0, 0, 2, 2, 2, 1, 0, 3,
       2, 2, 1, 0, 3, 2, 1, 3, 2, 0, 1, 1, 1, 3, 3, 0, 0, 3, 1, 0, 1, 3,
       1, 3, 0, 3, 0, 2, 1, 0, 2, 3, 0, 3, 1, 1, 2, 3, 2, 0, 0, 1, 0, 0,
       3, 2, 1, 0, 2, 1, 2, 3, 3, 1, 1, 3, 0, 3, 3, 0, 3, 1, 0, 1, 1, 2,
       1, 0, 3, 3, 3, 1, 0, 0, 0, 0, 3, 0, 0, 1, 3, 2, 2, 0, 3, 2, 0, 2,
       2, 0, 2, 0, 0, 3, 2, 0, 3, 2, 1, 1, 1, 1, 2, 3, 2, 1, 1, 2, 1, 0,
       1, 1], dtype=object)]
[8, array([-18000.92520622,  -9000.46260311,  -9000.46260311,      0.        ]), array([3, 3, 3, 3, 0, 0, 3, 0, 2, 1, 1, 3, 2, 2, 2, 1, 2, 1, 2, 0, 1, 3,
       2, 0, 3, 3, 0, 1, 2, 2, 0, 1, 1, 2, 3, 0, 2, 0, 2, 1, 1, 2, 1, 3,
       2, 0, 3, 3, 0, 3, 2, 2, 1, 1, 2, 1, 0, 2, 0, 3, 3, 0, 0, 3, 2, 1,
       1, 1, 3, 1, 3, 3, 3, 0, 3, 3, 0, 0, 0, 2, 0, 0, 2, 2, 2, 1, 0, 3,
       2, 2, 1, 0, 3, 2, 1, 3, 2, 0, 1, 1, 1, 3, 3, 0, 0, 3, 1, 0, 1, 3,
       1, 3, 0, 3, 0, 2, 1, 0, 2, 3, 0, 3, 1, 1, 2, 3, 2, 0, 0, 1, 0, 0,
       3, 2, 1, 0, 2, 1, 2, 3, 3, 1, 1, 3, 0, 3, 3, 0, 3, 1, 0, 1, 1, 2,
       1, 0, 3, 3, 3, 1, 0, 0, 0, 0, 3, 0, 0, 1, 3, 2, 2, 0, 3, 2, 0, 2,
       2, 0, 2, 0, 0, 3, 2, 0, 3, 2, 1, 1, 1, 1, 2, 3, 2, 1, 1, 2, 1, 0,
       1, 1], dtype=object)]
[8, array([-18000.92520622,  -9000.46260311,  -9000.46260311,      0.        ]), array([3, 3, 3, 3, 0, 0, 3, 0, 2, 1, 1, 3, 2, 2, 2, 1, 2, 1, 2, 0, 1, 3,
       2, 0, 3, 3, 0, 1, 2, 2, 0, 1, 1, 2, 3, 0, 2, 0, 2, 1, 1, 2, 1, 3,
       2, 0, 3, 3, 0, 3, 2, 2, 1, 1, 2, 1, 0, 2, 0, 3, 3, 0, 0, 3, 2, 1,
       1, 1, 3, 1, 3, 3, 3, 0, 3, 3, 0, 0, 0, 2, 0, 0, 2, 2, 2, 1, 0, 3,
       2, 2, 1, 0, 3, 2, 1, 3, 2, 0, 1, 1, 1, 3, 3, 0, 0, 3, 1, 0, 1, 3,
       1, 3, 0, 3, 0, 2, 1, 0, 2, 3, 0, 3, 1, 1, 2, 3, 2, 0, 0, 1, 0, 0,
       3, 2, 1, 0, 2, 1, 2, 3, 3, 1, 1, 3, 0, 3, 3, 0, 3, 1, 0, 1, 1, 2,
       1, 0, 3, 3, 3, 1, 0, 0, 0, 0, 3, 0, 0, 1, 3, 2, 2, 0, 3, 2, 0, 2,
       2, 0, 2, 0, 0, 3, 2, 0, 3, 2, 1, 1, 1, 1, 2, 3, 2, 1, 1, 2, 1, 0,
       1, 1], dtype=object)]
[9, array([-18000.92520622,  -9000.46260311,  -9000.46260311,      0.        ]), array([1, 1, 3, 3, 0, 0, 3, 0, 0, 1, 1, 3, 2, 2, 2, 1, 2, 1, 2, 0, 1, 3,
       2, 0, 3, 3, 0, 1, 2, 2, 0, 1, 1, 2, 3, 0, 2, 0, 2, 1, 1, 2, 1, 3,
       2, 0, 3, 3, 0, 3, 2, 2, 1, 1, 2, 1, 0, 2, 0, 3, 3, 0, 0, 3, 2, 1,
       1, 1, 3, 1, 3, 3, 3, 0, 3, 3, 0, 0, 0, 2, 0, 0, 2, 2, 2, 1, 0, 3,
       2, 2, 1, 0, 3, 2, 1, 3, 2, 0, 1, 1, 1, 3, 3, 0, 0, 3, 1, 0, 1, 3,
       1, 3, 0, 3, 0, 2, 1, 0, 2, 3, 0, 3, 1, 1, 2, 3, 2, 0, 0, 1, 0, 0,
       3, 2, 1, 0, 2, 1, 2, 3, 3, 1, 1, 3, 0, 3, 3, 0, 3, 1, 0, 1, 1, 2,
       1, 0, 3, 3, 3, 1, 0, 0, 0, 0, 3, 0, 0, 1, 3, 2, 2, 0, 3, 2, 0, 2,
       2, 0, 2, 0, 0, 3, 2, 0, 3, 2, 1, 1, 1, 1, 2, 3, 2, 1, 1, 2, 1, 0,
       1, 1], dtype=object)]
[9, array([-18000.92520622,  -9000.46260311,  -9000.46260311,      0.        ]), array([1, 1, 3, 3, 0, 0, 3, 0, 0, 1, 1, 3, 2, 2, 2, 1, 2, 1, 2, 0, 1, 3,
       2, 0, 3, 3, 0, 1, 2, 2, 0, 1, 1, 2, 3, 0, 2, 0, 2, 1, 1, 2, 1, 3,
       2, 0, 3, 3, 0, 3, 2, 2, 1, 1, 2, 1, 0, 2, 0, 3, 3, 0, 0, 3, 2, 1,
       1, 1, 3, 1, 3, 3, 3, 0, 3, 3, 0, 0, 0, 2, 0, 0, 2, 2, 2, 1, 0, 3,
       2, 2, 1, 0, 3, 2, 1, 3, 2, 0, 1, 1, 1, 3, 3, 0, 0, 3, 1, 0, 1, 3,
       1, 3, 0, 3, 0, 2, 1, 0, 2, 3, 0, 3, 1, 1, 2, 3, 2, 0, 0, 1, 0, 0,
       3, 2, 1, 0, 2, 1, 2, 3, 3, 1, 1, 3, 0, 3, 3, 0, 3, 1, 0, 1, 1, 2,
       1, 0, 3, 3, 3, 1, 0, 0, 0, 0, 3, 0, 0, 1, 3, 2, 2, 0, 3, 2, 0, 2,
       2, 0, 2, 0, 0, 3, 2, 0, 3, 2, 1, 1, 1, 1, 2, 3, 2, 1, 1, 2, 1, 0,
       1, 1], dtype=object)]
[9, array([-18000.92520622,  -9000.46260311,  -9000.46260311,      0.        ]), array([1, 1, 3, 3, 0, 0, 3, 0, 0, 1, 1, 3, 2, 2, 2, 1, 2, 1, 2, 0, 1, 3,
       2, 0, 3, 3, 0, 1, 2, 2, 0, 1, 1, 2, 3, 0, 2, 0, 2, 1, 1, 2, 1, 3,
       2, 0, 3, 3, 0, 3, 2, 2, 1, 1, 2, 1, 0, 2, 0, 3, 3, 0, 0, 3, 2, 1,
       1, 1, 3, 1, 3, 3, 3, 0, 3, 3, 0, 0, 0, 2, 0, 0, 2, 2, 2, 1, 0, 3,
       2, 2, 1, 0, 3, 2, 1, 3, 2, 0, 1, 1, 1, 3, 3, 0, 0, 3, 1, 0, 1, 3,
       1, 3, 0, 3, 0, 2, 1, 0, 2, 3, 0, 3, 1, 1, 2, 3, 2, 0, 0, 1, 0, 0,
       3, 2, 1, 0, 2, 1, 2, 3, 3, 1, 1, 3, 0, 3, 3, 0, 3, 1, 0, 1, 1, 2,
       1, 0, 3, 3, 3, 1, 0, 0, 0, 0, 3, 0, 0, 1, 3, 2, 2, 0, 3, 2, 0, 2,
       2, 0, 2, 0, 0, 3, 2, 0, 3, 2, 1, 1, 1, 1, 2, 3, 2, 1, 1, 2, 1, 0,
       1, 1], dtype=object)]
[9, array([-18000.92520622,  -9000.46260311,  -9000.46260311,      0.        ]), array([1, 1, 3, 3, 0, 0, 3, 0, 0, 1, 1, 3, 2, 2, 2, 1, 2, 1, 2, 0, 1, 3,
       2, 0, 3, 3, 0, 1, 2, 2, 0, 1, 1, 2, 3, 0, 2, 0, 2, 1, 1, 2, 1, 3,
       2, 0, 3, 3, 0, 3, 2, 2, 1, 1, 2, 1, 0, 2, 0, 3, 3, 0, 0, 3, 2, 1,
       1, 1, 3, 1, 3, 3, 3, 0, 3, 3, 0, 0, 0, 2, 0, 0, 2, 2, 2, 1, 0, 3,
       2, 2, 1, 0, 3, 2, 1, 3, 2, 0, 1, 1, 1, 3, 3, 0, 0, 3, 1, 0, 1, 3,
       1, 3, 0, 3, 0, 2, 1, 0, 2, 3, 0, 3, 1, 1, 2, 3, 2, 0, 0, 1, 0, 0,
       3, 2, 1, 0, 2, 1, 2, 3, 3, 1, 1, 3, 0, 3, 3, 0, 3, 1, 0, 1, 1, 2,
       1, 0, 3, 3, 3, 1, 0, 0, 0, 0, 3, 0, 0, 1, 3, 2, 2, 0, 3, 2, 0, 2,
       2, 0, 2, 0, 0, 3, 2, 0, 3, 2, 1, 1, 1, 1, 2, 3, 2, 1, 1, 2, 1, 0,
       1, 1], dtype=object)]
[10, array([-18000.92520622,  -9000.46260311,  -9000.46260311,      0.        ]), array([3, 3, 3, 3, 0, 0, 3, 0, 2, 1, 1, 3, 2, 2, 2, 1, 2, 1, 2, 0, 1, 3,
       2, 0, 3, 3, 0, 1, 2, 2, 0, 1, 1, 2, 3, 0, 2, 0, 2, 1, 1, 2, 1, 3,
       2, 0, 3, 3, 0, 3, 2, 2, 1, 1, 2, 1, 0, 2, 0, 3, 3, 0, 0, 3, 2, 1,
       1, 1, 3, 1, 3, 3, 3, 0, 3, 3, 0, 0, 0, 2, 0, 0, 2, 2, 2, 1, 0, 3,
       2, 2, 1, 0, 3, 2, 1, 3, 2, 0, 1, 1, 1, 3, 3, 0, 0, 3, 1, 0, 1, 3,
       1, 3, 0, 3, 0, 2, 1, 0, 2, 3, 0, 3, 1, 1, 2, 3, 2, 0, 0, 1, 0, 0,
       3, 2, 1, 0, 2, 1, 2, 3, 3, 1, 1, 3, 0, 3, 3, 0, 3, 1, 0, 1, 1, 2,
       1, 0, 3, 3, 3, 1, 0, 0, 0, 0, 3, 0, 0, 1, 2, 2, 2, 0, 3, 2, 0, 2,
       2, 0, 2, 0, 0, 3, 2, 0, 3, 2, 1, 1, 1, 1, 2, 3, 2, 1, 1, 2, 1, 0,
       1, 1], dtype=object)]
[10, array([-18000.92520622,  -9000.46260311,  -9000.46260311,      0.        ]), array([3, 3, 3, 3, 0, 0, 3, 0, 2, 1, 1, 3, 2, 2, 2, 1, 2, 1, 2, 0, 1, 3,
       2, 0, 3, 3, 0, 1, 2, 2, 0, 1, 1, 2, 3, 0, 2, 0, 2, 1, 1, 2, 1, 3,
       2, 0, 3, 3, 0, 3, 2, 2, 1, 1, 2, 1, 0, 2, 0, 3, 3, 0, 0, 3, 2, 1,
       1, 1, 3, 1, 3, 3, 3, 0, 3, 3, 0, 0, 0, 2, 0, 0, 2, 2, 2, 1, 0, 3,
       2, 2, 1, 0, 3, 2, 1, 3, 2, 0, 1, 1, 1, 3, 3, 0, 0, 3, 1, 0, 1, 3,
       1, 3, 0, 3, 0, 2, 1, 0, 2, 3, 0, 3, 1, 1, 2, 3, 2, 0, 0, 1, 0, 0,
       3, 2, 1, 0, 2, 1, 2, 3, 3, 1, 1, 3, 0, 3, 3, 0, 3, 1, 0, 1, 1, 2,
       1, 0, 3, 3, 3, 1, 0, 0, 0, 0, 3, 0, 0, 1, 2, 2, 2, 0, 3, 2, 0, 2,
       2, 0, 2, 0, 0, 3, 2, 0, 3, 2, 1, 1, 1, 1, 2, 3, 2, 1, 1, 2, 1, 0,
       1, 1], dtype=object)]
[10, array([-18000.92520622,  -9000.46260311,  -9000.46260311,      0.        ]), array([3, 3, 3, 3, 0, 0, 3, 0, 2, 1, 1, 3, 2, 2, 2, 1, 2, 1, 2, 0, 1, 3,
       2, 0, 3, 3, 0, 1, 2, 2, 0, 1, 1, 2, 3, 0, 2, 0, 2, 1, 1, 2, 1, 3,
       2, 0, 3, 3, 0, 3, 2, 2, 1, 1, 2, 1, 0, 2, 0, 3, 3, 0, 0, 3, 2, 1,
       1, 1, 3, 1, 3, 3, 3, 0, 3, 3, 0, 0, 0, 2, 0, 0, 2, 2, 2, 1, 0, 3,
       2, 2, 1, 0, 3, 2, 1, 3, 2, 0, 1, 1, 1, 3, 3, 0, 0, 3, 1, 0, 1, 3,
       1, 3, 0, 3, 0, 2, 1, 0, 2, 3, 0, 3, 1, 1, 2, 3, 2, 0, 0, 1, 0, 0,
       3, 2, 1, 0, 2, 1, 2, 3, 3, 1, 1, 3, 0, 3, 3, 0, 3, 1, 0, 1, 1, 2,
       1, 0, 3, 3, 3, 1, 0, 0, 0, 0, 3, 0, 0, 1, 2, 2, 2, 0, 3, 2, 0, 2,
       2, 0, 2, 0, 0, 3, 2, 0, 3, 2, 1, 1, 1, 1, 2, 3, 2, 1, 1, 2, 1, 0,
       1, 1], dtype=object)]
[10, array([-18000.92520622,  -9000.46260311,  -9000.46260311,      0.        ]), array([3, 3, 3, 3, 0, 0, 3, 0, 2, 1, 1, 3, 2, 2, 2, 1, 2, 1, 2, 0, 1, 3,
       2, 0, 3, 3, 0, 1, 2, 2, 0, 1, 1, 2, 3, 0, 2, 0, 2, 1, 1, 2, 1, 3,
       2, 0, 3, 3, 0, 3, 2, 2, 1, 1, 2, 1, 0, 2, 0, 3, 3, 0, 0, 3, 2, 1,
       1, 1, 3, 1, 3, 3, 3, 0, 3, 3, 0, 0, 0, 2, 0, 0, 2, 2, 2, 1, 0, 3,
       2, 2, 1, 0, 3, 2, 1, 3, 2, 0, 1, 1, 1, 3, 3, 0, 0, 3, 1, 0, 1, 3,
       1, 3, 0, 3, 0, 2, 1, 0, 2, 3, 0, 3, 1, 1, 2, 3, 2, 0, 0, 1, 0, 0,
       3, 2, 1, 0, 2, 1, 2, 3, 3, 1, 1, 3, 0, 3, 3, 0, 3, 1, 0, 1, 1, 2,
       1, 0, 3, 3, 3, 1, 0, 0, 0, 0, 3, 0, 0, 1, 2, 2, 2, 0, 3, 2, 0, 2,
       2, 0, 2, 0, 0, 3, 2, 0, 3, 2, 1, 1, 1, 1, 2, 3, 2, 1, 1, 2, 1, 0,
       1, 1], dtype=object)]
Minimum Energy found with CAFQA initialization: -9000.462603108466
8 Qubits and 2 reps
Minimum Energy found with CAFQA initialization: -9000.462603108466
Command-line arguments: ['/global/u1/d/dhanvib/development/QAOA/teague_code/code-for-gokul/cafqa_diff_points_teague.py', '8', '2', '10', '0.25 0.01 ', '5', 'single_point', '1', '0']
Starting task: task_1 for val : -7000.763957976115
Finished task: task_1
Command-line arguments: ['/global/u1/d/dhanvib/development/QAOA/teague_code/code-for-gokul/cafqa_diff_points_teague.py', '8', '2', '10', '0.25 0.01 ', '5', 'single_point', '1', '0']
Starting task: Vanilla_task for val : [np.float64(-1999.5317995846272), np.float64(-7000.763957976115), np.float64(-7000.763957976115), np.float64(-7000.763957976115), np.float64(-9000.462603108466)]
Finished task: Vanilla_task
Command-line arguments: ['/global/u1/d/dhanvib/development/QAOA/teague_code/code-for-gokul/cafqa_diff_points_teague.py', '8', '2', '10', '0.25 0.01 ', '5', 'single_point', '1', '0']
Starting task: task_2 for val : -7000.763957976115
Finished task: task_2
Command-line arguments: ['/global/u1/d/dhanvib/development/QAOA/teague_code/code-for-gokul/cafqa_diff_points_teague.py', '8', '2', '10', '0.25 0.01 ', '5', 'single_point', '1', '0']
Starting task: task_3 for val : -7000.763957976115
Finished task: task_3
Command-line arguments: ['/global/u1/d/dhanvib/development/QAOA/teague_code/code-for-gokul/cafqa_diff_points_teague.py', '8', '2', '10', '0.25 0.01 ', '5', 'single_point', '1', '0']
Starting task: task_4 for val : -9000.462603108466
Finished task: task_4
Command-line arguments: ['/global/u1/d/dhanvib/development/QAOA/teague_code/code-for-gokul/cafqa_diff_points_teague.py', '8', '2', '10', '0.25 0.01 ', '5', 'single_point', '1', '0']
Starting task: task_0 for val : -1999.5317995846272
Finished task: task_0
Total Time : 32.183551377002004
